core_cm4.h:1156:22:NVIC_SetPriority	16	static
core_cm4.h:1281:26:SysTick_Config	16	static
BMP280.c:16:9:BMP280_GetID	16	static
BMP280.c:22:14:BMP280_Begin	8	static
BMP280.c:37:13:BMP280_Read_Register	40	static
BMP280.c:51:13:BMP280_Configure_CTRLMEAS	24	static
BMP280.c:67:13:BMP280_Configure_Config	24	static
BMP280.c:80:13:BMP280_GetCoeff	40	static
BMP280.c:102:13:BMP280_Write_Register	24	static
BMP280.c:113:13:BMP280_GetConversionStatus	16	static
BMP280.c:133:8:BMP280_GetTemp	56	static
BMP280.c:156:7:BMP280_GetPressure	56	static
BMP280.c:180:6:SysTick_Handler	4	static
BMP280.c:188:13:BMP280_Force_Measure	32	static
BMP280.c:216:6:DelayInit	8	static
BMP280.c:224:6:DelayUs	16	static
BMP280.c:232:6:DelayMs	16	static
