HAL_Iridium.c:97:26:MX_UART5_Init	8	static
HAL_Iridium.c:123:26:MX_DMA_Init	16	static
HAL_Iridium.c:171:26:MX_GPIO_Init	32	static
HAL_Iridium.c:210:26:MX_TIM3_Init	88	static
HAL_Iridium.c:289:7:IR_Clear_Buffer	16	static
HAL_Iridium.c:294:10:IR_Calculate_Checksum	24	static
HAL_Iridium.c:314:13:IR_Init_Module	16	static
HAL_Iridium.c:347:13:IR_DeInit_Module	8	static
HAL_Iridium.c:386:13:IR_get_Signal_Strength	24	static
HAL_Iridium.c:433:13:IR_send_AT_CMD	24	static
HAL_Iridium.c:472:13:IR_start_SBD_Session	72	static
HAL_Iridium.c:535:13:IR_send_Bin_String	32	static
HAL_Iridium.c:614:13:IR_send_String	24	static
HAL_Iridium.c:659:13:IR_recieve_String	64	static
HAL_Iridium.c:726:6:DMA_Iridium_Periph_IRQHandler	24	static
HAL_Iridium.c:753:6:DMA_Iridium_MEM_IRQHandler	16	static
HAL_Iridium.c:775:6:USART_RTO_IRQHandler	16	static
HAL_Iridium.c:810:6:USART_Iridium_IRQHandler	32	static
HAL_Iridium.c:905:6:Iridium_ControlPin_IRQHandler	4	static
