HAL_GPS.c:42:26:MX_TIM2_Init	104	static
HAL_GPS.c:122:19:MX_UART4_Init	8	static
HAL_GPS.c:160:26:MX_DMA_Init	16	static
HAL_GPS.c:246:6:GPS_Log_Begin	8	static
HAL_GPS.c:265:6:GPS_Log_Stop	8	static
HAL_GPS.c:274:7:Clear_Buffer	16	static
HAL_GPS.c:279:9:is_valid	40	static
HAL_GPS.c:334:9:char_to_hex	16	static
HAL_GPS.c:360:9:parse_ZDA	40	static
HAL_GPS.c:393:9:Parse_GLL	40	static
HAL_GPS.c:433:9:parse_GSA	40	static
HAL_GPS.c:484:16:init_GPS	24	static
HAL_GPS.c:549:16:deinit_GPS	16	static
HAL_GPS.c:594:19:USART_Set_Baudrate	24	static
HAL_GPS.c:639:11:UBX_Send_Ack	88	static
HAL_GPS.c:728:11:UBX_Configure_Baudrate	56	static
HAL_GPS.c:748:11:UBX_Configure_Messages	176	static
HAL_GPS.c:786:6:USART_TIM_RTO_Handler	16	static
HAL_GPS.c:800:6:DMA_GNSS_MEM_IRQHandler	24	static
HAL_GPS.c:865:6:DMA_GNSS_Periph_IRQHandler	16	static
HAL_GPS.c:900:6:USART_GPS_IRQHandler	24	static
