HAL_GPS.c:42:26:MX_TIM2_Init	104	static
HAL_GPS.c:122:19:MX_UART4_Init	8	static
HAL_GPS.c:152:26:MX_DMA_Init	16	static
HAL_GPS.c:238:6:GPS_Log_Begin	8	static
HAL_GPS.c:257:6:GPS_Log_Stop	8	static
HAL_GPS.c:266:7:Clear_Buffer	16	static
HAL_GPS.c:271:9:is_valid	40	static
HAL_GPS.c:326:9:char_to_hex	16	static
HAL_GPS.c:352:9:parse_ZDA	40	static
HAL_GPS.c:385:9:Parse_GLL	40	static
HAL_GPS.c:425:9:parse_GSA	40	static
HAL_GPS.c:476:16:init_GPS	24	static
HAL_GPS.c:541:16:deinit_GPS	16	static
HAL_GPS.c:586:19:USART_Set_Baudrate	24	static
HAL_GPS.c:631:11:UBX_Send_Ack	88	static
HAL_GPS.c:731:11:UBX_Configure_Baudrate	56	static
HAL_GPS.c:751:11:UBX_Configure_Messages	176	static
HAL_GPS.c:789:6:USART_TIM_RTO_Handler	16	static
HAL_GPS.c:803:6:DMA_GNSS_MEM_IRQHandler	24	static
HAL_GPS.c:868:6:DMA_GNSS_Periph_IRQHandler	16	static
HAL_GPS.c:903:6:USART_GPS_IRQHandler	24	static
