Sharc_Frame.c:15:19:Init_Debug	32	static
Sharc_Frame.c:74:19:SystemClock_Config	232	static
Sharc_Frame.c:137:19:Go_To_Sleep	24	static
Sharc_Frame.c:163:19:USART_Enter_Standby_for_data	24	static
Sharc_Frame.c:195:6:set_WUP_Pin	72	static
Sharc_Frame.c:271:1:__io_putchar	16	static
Sharc_Frame.c:277:6:GPIO_Set_Pin_LP	48	static
Sharc_Frame.c:335:9:Get_Current_Address_Pointer	32	static
Sharc_Frame.c:361:9:Set_Current_Address_Pointer	32	static
Sharc_Frame.c:386:9:Get_Active_Chip	16	static
Sharc_Frame.c:394:6:Set_Active_Chip	24	static
Sharc_Frame.c:403:9:Get_Next_Active_Chip	16	static
Sharc_Frame.c:411:6:Set_Next_Active_Chip	24	static
Sharc_Frame.c:419:10:to_binary_format	16	static
Sharc_Frame.c:469:10:get_driftBuffer_Size	4	static
Sharc_Frame.c:479:6:EXTI15_10_IRQHandler	16	static
Sharc_Frame.c:502:6:EXTI9_5_IRQHandler	16	static
Sharc_Frame.c:524:6:POR_Handler	8	static
Sharc_Frame.c:544:6:BOR_Handler	16	static
