stm32l4xx_it.c:48:6:NMI_Handler	4	static
stm32l4xx_it.c:58:6:HardFault_Handler	4	static
stm32l4xx_it.c:72:6:MemManage_Handler	4	static
stm32l4xx_it.c:86:6:BusFault_Handler	4	static
stm32l4xx_it.c:100:6:UsageFault_Handler	4	static
stm32l4xx_it.c:114:6:SVC_Handler	4	static
stm32l4xx_it.c:124:6:DebugMon_Handler	4	static
stm32l4xx_it.c:134:6:PendSV_Handler	4	static
stm32l4xx_it.c:144:6:SysTick_Handler	8	static
stm32l4xx_it.c:161:6:RTC_WKUP_IRQHandler	8	static
stm32l4xx_it.c:171:6:USART2_IRQHandler	8	static
stm32l4xx_it.c:181:6:TIM2_IRQHandler	8	static
stm32l4xx_it.c:193:6:UART4_IRQHandler	8	static
stm32l4xx_it.c:203:6:DMA2_Channel3_IRQHandler	8	static
stm32l4xx_it.c:213:6:DMA2_Channel5_IRQHandler	8	static
stm32l4xx_it.c:224:6:DMA1_Channel1_IRQHandler	8	static
