HAL_GPS.c:42:26:MX_TIM2_Init	104	static
HAL_GPS.c:122:19:MX_UART4_Init	8	static
HAL_GPS.c:152:26:MX_DMA_Init	16	static
HAL_GPS.c:409:6:GPS_Log_Begin	16	static
HAL_GPS.c:426:6:GPS_Log_Stop	16	static
HAL_GPS.c:446:7:Clear_Buffer	16	static
HAL_GPS.c:451:9:is_valid	40	static
HAL_GPS.c:506:9:char_to_hex	16	static
HAL_GPS.c:532:9:parse_ZDA	40	static
HAL_GPS.c:565:9:Parse_GLL	40	static
HAL_GPS.c:605:9:parse_GSA	40	static
HAL_GPS.c:656:16:init_GPS	24	static
HAL_GPS.c:718:16:deinit_GPS	16	static
HAL_GPS.c:763:19:USART_Set_Baudrate	24	static
HAL_GPS.c:808:11:UBX_Send_Ack	88	static
HAL_GPS.c:897:11:UBX_Configure_Baudrate	56	static
HAL_GPS.c:917:11:UBX_Configure_Messages	176	static
HAL_GPS.c:955:6:USART_TIM_RTO_Handler	16	static
HAL_GPS.c:971:6:DMA_GNSS_MEM_IRQHandler	24	static
HAL_GPS.c:1036:6:DMA_GNSS_Periph_IRQHandler	16	static
HAL_GPS.c:1071:6:USART_GPS_IRQHandler	24	static
