HAL_GPS.c:17:26:MX_TIM2_Init	104	static
HAL_GPS.c:96:19:MX_UART4_Init	8	static
HAL_GPS.c:133:26:MX_DMA_Init	16	static
HAL_GPS.c:178:26:MX_GPIO_Init	48	static
HAL_GPS.c:208:6:HAL_TIM_Base_MspInit	48	static
HAL_GPS.c:240:6:HAL_TIM_Base_MspDeInit	16	static
HAL_GPS.c:264:6:HAL_UART_MspInit	48	static
HAL_GPS.c:342:6:HAL_UART_MspDeInit	16	static
HAL_GPS.c:372:7:Clear_Buffer	16	static
HAL_GPS.c:377:9:is_valid	40	static
HAL_GPS.c:431:9:char_to_hex	16	static
HAL_GPS.c:456:9:parse_ZDA	40	static
HAL_GPS.c:489:9:Parse_GLL	40	static
HAL_GPS.c:529:9:parse_GSA	40	static
HAL_GPS.c:578:19:USART_Set_Baudrate	32	static
HAL_GPS.c:621:11:UBX_Send_Ack	88	static
HAL_GPS.c:705:11:UBX_Configure_Baudrate	56	static
HAL_GPS.c:725:11:UBX_Configure_Messages	176	static
HAL_GPS.c:761:16:init_GPS	32	static
HAL_GPS.c:804:6:USART_TIM_RTO_Handler	16	static
HAL_GPS.c:818:6:DMA_GNSS_MEM_IRQHandler	32	static
HAL_GPS.c:874:6:DMA_GNSS_Periph_IRQHandler	24	static
HAL_GPS.c:909:6:USART_GPS_IRQHandler	24	static
