HAL_GPS.c:17:26:MX_TIM2_Init	104	static
HAL_GPS.c:96:19:MX_UART4_Init	8	static
HAL_GPS.c:133:26:MX_DMA_Init	16	static
HAL_GPS.c:199:26:MX_GPIO_Init	48	static
HAL_GPS.c:229:6:HAL_TIM_Base_MspInit	48	static
HAL_GPS.c:261:6:HAL_TIM_Base_MspDeInit	16	static
HAL_GPS.c:285:6:HAL_UART_MspInit	48	static
HAL_GPS.c:363:6:HAL_UART_MspDeInit	16	static
HAL_GPS.c:393:7:Clear_Buffer	16	static
HAL_GPS.c:398:9:is_valid	40	static
HAL_GPS.c:452:9:char_to_hex	16	static
HAL_GPS.c:477:9:parse_ZDA	40	static
HAL_GPS.c:510:9:Parse_GLL	40	static
HAL_GPS.c:550:9:parse_GSA	40	static
HAL_GPS.c:599:19:USART_Set_Baudrate	32	static
HAL_GPS.c:642:11:UBX_Send_Ack	88	static
HAL_GPS.c:726:11:UBX_Configure_Baudrate	56	static
HAL_GPS.c:746:11:UBX_Configure_Messages	176	static
HAL_GPS.c:782:16:init_GPS	32	static
HAL_GPS.c:825:6:USART_TIM_RTO_Handler	16	static
HAL_GPS.c:839:6:DMA_GNSS_MEM_IRQHandler	32	static
HAL_GPS.c:895:6:DMA_GNSS_Periph_IRQHandler	24	static
HAL_GPS.c:930:6:USART_GPS_IRQHandler	24	static
