DATAFLASH.c:91:19:Init_Flash_Chips	24	static
DATAFLASH.c:112:6:FLASH_Get_ID	24	static
DATAFLASH.c:133:9:FLASH_Is_Online	24	static
DATAFLASH.c:146:6:FLASH_ChipSelect_setState	16	static
DATAFLASH.c:185:10:FLASH_GetStatusRegister	24	static
DATAFLASH.c:210:6:FLASH_Delay	16	static
DATAFLASH.c:227:17:Data_rx	4	static
DATAFLASH.c:240:5:FLASH_GetPageSize	4	static
DATAFLASH.c:247:6:UART_SendData	16	static
DATAFLASH.c:253:10:UART_ReceiveDataPage	8	static
DATAFLASH.c:259:10:UART_ReceiveDataByte	8	static
DATAFLASH.c:276:6:FLASH_SetAddress	16	static
DATAFLASH.c:292:6:FLASH_IncAddress	24	static
DATAFLASH.c:309:5:FLASH_GetAddress	4	static
DATAFLASH.c:320:5:FLASH_GetMaxAddressFlag	4	static
DATAFLASH.c:332:6:FLASH_ResetMaxAddressFlag	4	static
DATAFLASH.c:346:10:FLASH_READ_Page	24	static
DATAFLASH.c:374:10:FLASH_READ_BufferHF	24	static
DATAFLASH.c:409:10:FLASH_READ_BufferLF	24	static
DATAFLASH.c:448:5:FLASH_WRITE_Page	32	static
DATAFLASH.c:486:5:FLASH_WRITE_ReadModifyWrite	32	static
DATAFLASH.c:519:5:FLASH_WRITE_Buffer	32	static
DATAFLASH.c:551:5:FLASH_WRITE_BufferToPage	24	static
DATAFLASH.c:582:5:FLASH_WRITE_PageOrByte_NoErase	32	static
DATAFLASH.c:611:5:FLASH_WRITE_BufferToPage_NoErase	24	static
DATAFLASH.c:644:5:FLASH_ERASE_Page	24	static
DATAFLASH.c:669:5:FLASH_ERASE_Block	24	static
DATAFLASH.c:697:5:FLASH_ERASE_Sector	24	static
DATAFLASH.c:724:5:FLASH_ERASE_Chip	24	static
DATAFLASH.c:754:6:FLASH_SUSPEND	24	static
DATAFLASH.c:774:6:FLASH_RESUME	24	static
DATAFLASH.c:797:6:FLASH_ADDITIONAL_PageToBuffer	24	static
DATAFLASH.c:826:5:FLASH_ADDITIONAL_PageBufferCompare	32	static
DATAFLASH.c:860:6:FLASH_ADDITIONAL_AutoPageRewrite	24	static
DATAFLASH.c:883:5:FLASH_ADDITIONAL_GetEPEbit	24	static
DATAFLASH.c:897:6:FLASH_CONFIG_PageSize	24	static
DATAFLASH.c:1022:19:MX_UART_Init	16	static
DATAFLASH.c:1049:19:MX_SPI_Init	16	static
DATAFLASH.c:1081:6:MX_GPIO_Init	32	static
DATAFLASH.c:1127:6:GPIO_RCC_Init	40	static
DATAFLASH.c:1187:6:GPIO_PIN_STATE_Init	8	static
