HAL_BMP280.c:44:26:MX_SPI1_Init	8	static
HAL_BMP280.c:74:13:Init_Control_Pins	32	static
HAL_BMP280.c:123:13:BMP280_Init	24	static
HAL_BMP280.c:186:13:BMP280_DeInit	32	static
HAL_BMP280.c:221:6:BMP280_Init_Preset_Mode	16	static
HAL_BMP280.c:265:6:BMP280_Init_Custom	16	static
HAL_BMP280.c:283:13:BMP280_Reset	16	static
HAL_BMP280.c:302:13:BMP280_Set_PowerMode	24	static
HAL_BMP280.c:328:13:BMP280_Set_Oversample	24	static
HAL_BMP280.c:353:13:BMP280_Set_IIR_Filter_Coeff	24	static
HAL_BMP280.c:378:13:BMP280_Set_Standby_Time	24	static
HAL_BMP280.c:406:13:BMP280_Write_Register	32	static
HAL_BMP280.c:432:13:BMP280_Read_Register	32	static
HAL_BMP280.c:463:13:BMP280_Get_Status	24	static
HAL_BMP280.c:484:13:BMP280_Get_ID	16	static
HAL_BMP280.c:497:13:BMP280_Get_FactoryTrim	40	static
HAL_BMP280.c:527:13:BMP280_Force_Measure	24	static
HAL_BMP280.c:552:13:BMP280_Get_Measurements	32	static
HAL_BMP280.c:575:13:BMP280_Get_Temp	24	static
HAL_BMP280.c:599:9:BMP280_Compensate_Temp	32	static
HAL_BMP280.c:620:13:BMP280_Get_Pressure	24	static
HAL_BMP280.c:643:10:BMP280_Compensate_Pressure	152	static
