HAL_GPS.c:42:26:MX_TIM2_Init	104	static
HAL_GPS.c:129:19:MX_UART4_Init	8	static
HAL_GPS.c:159:26:MX_DMA_Init	16	static
HAL_GPS.c:416:6:GPS_Log_Begin	16	static
HAL_GPS.c:433:6:GPS_Log_Stop	16	static
HAL_GPS.c:453:7:Clear_Buffer	16	static
HAL_GPS.c:458:9:is_valid	40	static
HAL_GPS.c:513:9:char_to_hex	16	static
HAL_GPS.c:539:9:parse_ZDA	40	static
HAL_GPS.c:572:9:Parse_GLL	40	static
HAL_GPS.c:612:9:parse_GSA	40	static
HAL_GPS.c:663:16:init_GPS	24	static
HAL_GPS.c:725:16:deinit_GPS	16	static
HAL_GPS.c:772:19:USART_Set_Baudrate	24	static
HAL_GPS.c:817:11:UBX_Send_Ack	88	static
HAL_GPS.c:906:11:UBX_Configure_Baudrate	56	static
HAL_GPS.c:926:11:UBX_Configure_Messages	176	static
HAL_GPS.c:964:6:USART_TIM_RTO_Handler	16	static
HAL_GPS.c:985:6:DMA_GNSS_MEM_IRQHandler	24	static
HAL_GPS.c:1050:6:DMA_GNSS_Periph_IRQHandler	16	static
HAL_GPS.c:1085:6:USART_GPS_IRQHandler	24	static
