main.c:90:7:Clear_Buffer	16	static
main.c:94:19:USART_Detect_Baudrate	16	static
main.c:100:6:DMA_Test_Mem2MeM	16	static
main.c:112:6:USART_TIM_RTO_Handler	16	static
main.c:125:6:DMA_GNSS_MEM_IRQHandler	16	static
main.c:132:6:USART_GPS_IRQHandler	24	static
main.c:208:11:UBX_Send_Ack	88	static
main.c:292:11:UBX_Configure_Baudrate	64	static
main.c:350:5:main	16	static
main.c:416:6:SystemClock_Config	232	static
main.c:469:13:MX_TIM2_Init	104	static
main.c:549:13:MX_UART4_Init	8	static
main.c:586:13:MX_DMA_Init	16	static
main.c:630:13:MX_GPIO_Init	48	static
main.c:666:6:Error_Handler	4	static
