main.c:97:7:Clear_Buffer	16	static
main.c:102:19:USART_Set_Baudrate	32	static
main.c:146:6:DMA_Test_Mem2MeM	16	static
main.c:158:6:USART_TIM_RTO_Handler	16	static
main.c:171:6:DMA_GNSS_MEM_IRQHandler	16	static
main.c:177:6:DMA_GNSS_Periph_IRQHandler	16	static
main.c:207:6:USART_GPS_IRQHandler	24	static
main.c:285:11:UBX_Send_Ack	88	static
main.c:369:11:UBX_Configure_Baudrate	56	static
main.c:389:11:UBX_Configure_Messages	176	static
main.c:430:5:main	16	static
main.c:510:6:SystemClock_Config	232	static
main.c:563:13:MX_TIM2_Init	104	static
main.c:643:13:MX_UART4_Init	8	static
main.c:680:13:MX_DMA_Init	16	static
main.c:724:13:MX_GPIO_Init	48	static
main.c:760:6:Error_Handler	4	static
