DATAFLASH.c:98:19:Init_Flash_Chips	24	static
DATAFLASH.c:121:19:Config_Flash_Chip	24	static
DATAFLASH.c:138:6:FLASH_Get_ID	24	static
DATAFLASH.c:159:9:FLASH_Is_Online	24	static
DATAFLASH.c:172:6:FLASH_ChipSelect_setState	16	static
DATAFLASH.c:211:10:FLASH_GetStatusRegister	24	static
DATAFLASH.c:236:6:FLASH_Delay	16	static
DATAFLASH.c:253:17:Data_rx	4	static
DATAFLASH.c:266:5:FLASH_GetPageSize	4	static
DATAFLASH.c:273:6:UART_SendData	16	static
DATAFLASH.c:279:10:UART_ReceiveDataPage	8	static
DATAFLASH.c:285:10:UART_ReceiveDataByte	8	static
DATAFLASH.c:302:6:FLASH_SetAddress	16	static
DATAFLASH.c:318:6:FLASH_IncAddress	24	static
DATAFLASH.c:335:5:FLASH_GetAddress	4	static
DATAFLASH.c:346:5:FLASH_GetMaxAddressFlag	4	static
DATAFLASH.c:358:6:FLASH_ResetMaxAddressFlag	4	static
DATAFLASH.c:371:9:FLASH_Is_Available	24	static
DATAFLASH.c:397:10:FLASH_READ_Page	24	static
DATAFLASH.c:425:10:FLASH_READ_BufferHF	24	static
DATAFLASH.c:460:10:FLASH_READ_BufferLF	24	static
DATAFLASH.c:499:5:FLASH_WRITE_Page	32	static
DATAFLASH.c:537:5:FLASH_WRITE_ReadModifyWrite	32	static
DATAFLASH.c:570:5:FLASH_WRITE_Buffer	32	static
DATAFLASH.c:602:5:FLASH_WRITE_BufferToPage	24	static
DATAFLASH.c:633:5:FLASH_WRITE_PageOrByte_NoErase	32	static
DATAFLASH.c:662:5:FLASH_WRITE_BufferToPage_NoErase	24	static
DATAFLASH.c:695:5:FLASH_ERASE_Page	24	static
DATAFLASH.c:720:5:FLASH_ERASE_Block	24	static
DATAFLASH.c:748:5:FLASH_ERASE_Sector	24	static
DATAFLASH.c:775:5:FLASH_ERASE_Chip	24	static
DATAFLASH.c:805:6:FLASH_SUSPEND	24	static
DATAFLASH.c:825:6:FLASH_RESUME	24	static
DATAFLASH.c:848:6:FLASH_ADDITIONAL_PageToBuffer	24	static
DATAFLASH.c:877:5:FLASH_ADDITIONAL_PageBufferCompare	32	static
DATAFLASH.c:911:6:FLASH_ADDITIONAL_AutoPageRewrite	24	static
DATAFLASH.c:934:5:FLASH_ADDITIONAL_GetEPEbit	24	static
DATAFLASH.c:948:6:FLASH_CONFIG_PageSize	24	static
DATAFLASH.c:1073:19:MX_UART_Init	16	static
DATAFLASH.c:1100:19:MX_SPI_Init	16	static
DATAFLASH.c:1132:6:MX_GPIO_Init	32	static
DATAFLASH.c:1178:6:GPIO_RCC_Init	40	static
DATAFLASH.c:1238:6:GPIO_PIN_STATE_Init	8	static
