HAL_MPU6050.c:29:19:MX_I2C1_Init	8	static
HAL_MPU6050.c:65:6:MX_DMA_Init	16	static
HAL_MPU6050.c:97:14:MPU6050_Init_MPU	24	static
HAL_MPU6050.c:141:14:MPU6050_Deinit_MPU	8	static
HAL_MPU6050.c:163:14:MPU6050_Init_FIFO	40	static
HAL_MPU6050.c:203:14:MPU6050_Init_TempSensor	40	static
HAL_MPU6050.c:229:14:MPU6050_Enable_Interrupt	40	static
HAL_MPU6050.c:246:14:MPU6050_Disable_Interrupt	40	static
HAL_MPU6050.c:265:14:MPU6050_Set_Gyro_FSR	40	static
HAL_MPU6050.c:276:14:MPU6050_Set_Acc_FSR	40	static
HAL_MPU6050.c:287:14:MPU6050_Set_Sample_Rate	40	static
HAL_MPU6050.c:312:14:MPU6050_Set_FSync	40	static
HAL_MPU6050.c:329:14:MPU6050_Set_DLPF	40	static
HAL_MPU6050.c:345:14:MPU6050_Set_PLLSrc	40	static
HAL_MPU6050.c:364:14:MPU6050_Config_Interrupt_Pin	40	static
HAL_MPU6050.c:383:15:MPU6050_Config_FIFO	40	static
HAL_MPU6050.c:405:14:MPU6050_FIFO_CMD	40	static
HAL_MPU6050.c:434:15:MPU6050_Get_ID	40	static
HAL_MPU6050.c:462:15:MPU6050_Get_MST_Status	32	static
HAL_MPU6050.c:471:14:MPU6050_Get_SelfTestResponse_Values	40	static
HAL_MPU6050.c:487:14:MPU6050_Get_Interrupt_Status	48	static
HAL_MPU6050.c:512:14:MPU6050_Get_IMU_RawData	32	static
HAL_MPU6050.c:522:14:MPU6050_Get_FIFO_Count	40	static
HAL_MPU6050.c:537:14:MPU6050_Signal_conditioned_Reset	40	static
HAL_MPU6050.c:559:14:MPU6050_Set_Cycle_Power_Mode	40	static
HAL_MPU6050.c:577:14:MPU6050_Set_Low_Power_Mode_Acc	40	static
HAL_MPU6050.c:594:14:MPU6050_Set_Wake	40	static
HAL_MPU6050.c:609:14:MPU6050_Set_Sleep_Power_Mode	40	static
HAL_MPU6050.c:621:14:MPU6050_reset	40	static
HAL_MPU6050.c:674:14:MPU6050_SelfTest	80	static
HAL_MPU6050.c:726:14:MPU6050_Calibrate_Acc	1104	static
HAL_MPU6050.c:800:6:MPU6050_DMA_PeriphIRQHandler	4	static
HAL_MPU6050.c:805:6:MPU6050_IntPin_IRQ	16	static
