HAL_Iridium.c:94:26:MX_UART5_Init	8	static
HAL_Iridium.c:121:26:MX_DMA_Init	16	static
HAL_Iridium.c:169:26:MX_GPIO_Init	40	static
HAL_Iridium.c:212:26:MX_TIM3_Init	88	static
HAL_Iridium.c:293:7:IR_Clear_Buffer	16	static
HAL_Iridium.c:298:10:IR_Calculate_Checksum	24	static
HAL_Iridium.c:318:13:IR_Init_Module	16	static
HAL_Iridium.c:355:13:IR_DeInit_Module	8	static
HAL_Iridium.c:394:13:IR_get_Signal_Strength	24	static
HAL_Iridium.c:441:13:IR_send_AT_CMD	24	static
HAL_Iridium.c:480:13:IR_send_AT_CMD_Bin	16	static
HAL_Iridium.c:510:13:IR_start_SBD_Session	72	static
HAL_Iridium.c:573:13:IR_send_Bin_String	32	static
HAL_Iridium.c:652:13:IR_send_String	24	static
HAL_Iridium.c:697:13:IR_recieve_String	64	static
HAL_Iridium.c:764:6:DMA_Iridium_Periph_IRQHandler	24	static
HAL_Iridium.c:791:6:DMA_Iridium_MEM_IRQHandler	16	static
HAL_Iridium.c:813:6:USART_RTO_IRQHandler	16	static
HAL_Iridium.c:852:6:USART_Iridium_IRQHandler	32	static
HAL_Iridium.c:947:6:Iridium_ControlPin_IRQHandler	4	static
