HAL_MPU6050.c:29:19:MX_I2C1_Init	8	static
HAL_MPU6050.c:65:6:MX_DMA_Init	16	static
HAL_MPU6050.c:97:14:MPU6050_Init_MPU	24	static
HAL_MPU6050.c:139:14:MPU6050_Deinit_MPU	8	static
HAL_MPU6050.c:161:14:MPU6050_Init_FIFO	40	static
HAL_MPU6050.c:201:14:MPU6050_Init_TempSensor	40	static
HAL_MPU6050.c:227:14:MPU6050_Enable_Interrupt	40	static
HAL_MPU6050.c:244:14:MPU6050_Disable_Interrupt	40	static
HAL_MPU6050.c:263:14:MPU6050_Set_Gyro_FSR	40	static
HAL_MPU6050.c:274:14:MPU6050_Set_Acc_FSR	40	static
HAL_MPU6050.c:285:14:MPU6050_Set_Sample_Rate	40	static
HAL_MPU6050.c:310:14:MPU6050_Set_FSync	40	static
HAL_MPU6050.c:327:14:MPU6050_Set_DLPF	40	static
HAL_MPU6050.c:343:14:MPU6050_Set_PLLSrc	40	static
HAL_MPU6050.c:362:14:MPU6050_Config_Interrupt_Pin	40	static
HAL_MPU6050.c:381:15:MPU6050_Config_FIFO	40	static
HAL_MPU6050.c:403:14:MPU6050_FIFO_CMD	40	static
HAL_MPU6050.c:432:15:MPU6050_Get_ID	40	static
HAL_MPU6050.c:460:15:MPU6050_Get_MST_Status	32	static
HAL_MPU6050.c:469:14:MPU6050_Get_SelfTestResponse_Values	40	static
HAL_MPU6050.c:485:14:MPU6050_Get_Interrupt_Status	48	static
HAL_MPU6050.c:510:14:MPU6050_Get_IMU_RawData	32	static
HAL_MPU6050.c:520:14:MPU6050_Get_FIFO_Count	40	static
HAL_MPU6050.c:535:14:MPU6050_Signal_conditioned_Reset	40	static
HAL_MPU6050.c:557:14:MPU6050_Set_Cycle_Power_Mode	40	static
HAL_MPU6050.c:575:14:MPU6050_Set_Low_Power_Mode_Acc	40	static
HAL_MPU6050.c:592:14:MPU6050_Set_Wake	40	static
HAL_MPU6050.c:607:14:MPU6050_Set_Sleep_Power_Mode	40	static
HAL_MPU6050.c:619:14:MPU6050_reset	40	static
HAL_MPU6050.c:672:14:MPU6050_SelfTest	80	static
HAL_MPU6050.c:724:14:MPU6050_Calibrate_Acc	1104	static
HAL_MPU6050.c:798:6:MPU6050_DMA_PeriphIRQHandler	4	static
HAL_MPU6050.c:803:6:HAL_GPIO_EXTI_Callback	24	static
