core_cm4.h:1071:22:NVIC_EnableIRQ	16	static
core_cm4.h:1085:22:NVIC_DisableIRQ	16	static
Iridium.c:10:6:init_Iridium_USART	96	static
Iridium.c:147:6:init_Control_Pins	40	static
Iridium.c:197:8:init_Iridium_Module	16	static
Iridium.c:219:6:deinit_Iridium_Module	16	static
Iridium.c:237:6:init_Rx_Buff	16	static
Iridium.c:246:6:transmit_Data	24	static
Iridium.c:265:6:transmit_bin_Data	24	static
Iridium.c:296:8:create_SBD_Session	16	static
Iridium.c:326:6:get_status	40	static
Iridium.c:363:6:clear_Status	16	static
Iridium.c:373:7:get_AT_response	16	static
Iridium.c:408:6:init_message_buff	16	static
Iridium.c:420:8:send_ATcmd	16	static
Iridium.c:438:9:send_ASCII_Message	64	dynamic
Iridium.c:479:9:send_Binary_Message	40	static
Iridium.c:549:10:calculate_checkSum	24	static
Iridium.c:562:6:UART5_IRQHandler	16	static
Iridium.c:579:6:DMA1_Stream0_IRQHandler	8	static
Iridium.c:603:6:DMA2_Stream1_IRQHandler	8	static
Iridium.c:633:6:EXTI0_IRQHandler	8	static
