Archive member included to satisfy reference by file (symbol)

c:/program files (x86)/atollic/truestudio for stm32 9.0.0/armtools/bin/../lib/gcc/arm-atollic-eabi/6.3.1/../../../../arm-atollic-eabi/lib/armv7e-m\libc.a(lib_a-atof.o)
                              Drivers\Sensor_API\HAL_GPS.o (atof)
c:/program files (x86)/atollic/truestudio for stm32 9.0.0/armtools/bin/../lib/gcc/arm-atollic-eabi/6.3.1/../../../../arm-atollic-eabi/lib/armv7e-m\libc.a(lib_a-atoi.o)
                              Drivers\Sensor_API\HAL_Iridium.o (atoi)
c:/program files (x86)/atollic/truestudio for stm32 9.0.0/armtools/bin/../lib/gcc/arm-atollic-eabi/6.3.1/../../../../arm-atollic-eabi/lib/armv7e-m\libc.a(lib_a-errno.o)
                              src\syscalls.o (__errno)
c:/program files (x86)/atollic/truestudio for stm32 9.0.0/armtools/bin/../lib/gcc/arm-atollic-eabi/6.3.1/../../../../arm-atollic-eabi/lib/armv7e-m\libc.a(lib_a-impure.o)
                              src\Sharc_Frame.o (_impure_ptr)
c:/program files (x86)/atollic/truestudio for stm32 9.0.0/armtools/bin/../lib/gcc/arm-atollic-eabi/6.3.1/../../../../arm-atollic-eabi/lib/armv7e-m\libc.a(lib_a-init.o)
                              src\startup_stm32l476xx.o (__libc_init_array)
c:/program files (x86)/atollic/truestudio for stm32 9.0.0/armtools/bin/../lib/gcc/arm-atollic-eabi/6.3.1/../../../../arm-atollic-eabi/lib/armv7e-m\libc.a(lib_a-lcltime.o)
                              Drivers\Sensor_API\HAL_GPS.o (localtime)
c:/program files (x86)/atollic/truestudio for stm32 9.0.0/armtools/bin/../lib/gcc/arm-atollic-eabi/6.3.1/../../../../arm-atollic-eabi/lib/armv7e-m\libc.a(lib_a-lcltime_r.o)
                              c:/program files (x86)/atollic/truestudio for stm32 9.0.0/armtools/bin/../lib/gcc/arm-atollic-eabi/6.3.1/../../../../arm-atollic-eabi/lib/armv7e-m\libc.a(lib_a-lcltime.o) (localtime_r)
c:/program files (x86)/atollic/truestudio for stm32 9.0.0/armtools/bin/../lib/gcc/arm-atollic-eabi/6.3.1/../../../../arm-atollic-eabi/lib/armv7e-m\libc.a(lib_a-malloc.o)
                              c:/program files (x86)/atollic/truestudio for stm32 9.0.0/armtools/bin/../lib/gcc/arm-atollic-eabi/6.3.1/../../../../arm-atollic-eabi/lib/armv7e-m\libc.a(lib_a-lcltime.o) (malloc)
c:/program files (x86)/atollic/truestudio for stm32 9.0.0/armtools/bin/../lib/gcc/arm-atollic-eabi/6.3.1/../../../../arm-atollic-eabi/lib/armv7e-m\libc.a(lib_a-mallocr.o)
                              c:/program files (x86)/atollic/truestudio for stm32 9.0.0/armtools/bin/../lib/gcc/arm-atollic-eabi/6.3.1/../../../../arm-atollic-eabi/lib/armv7e-m\libc.a(lib_a-malloc.o) (_malloc_r)
c:/program files (x86)/atollic/truestudio for stm32 9.0.0/armtools/bin/../lib/gcc/arm-atollic-eabi/6.3.1/../../../../arm-atollic-eabi/lib/armv7e-m\libc.a(lib_a-memcpy-stub.o)
                              Drivers\Sensor_API\HAL_GPS.o (memcpy)
c:/program files (x86)/atollic/truestudio for stm32 9.0.0/armtools/bin/../lib/gcc/arm-atollic-eabi/6.3.1/../../../../arm-atollic-eabi/lib/armv7e-m\libc.a(lib_a-memset.o)
                              Drivers\Sensor_API\HAL_GPS.o (memset)
c:/program files (x86)/atollic/truestudio for stm32 9.0.0/armtools/bin/../lib/gcc/arm-atollic-eabi/6.3.1/../../../../arm-atollic-eabi/lib/armv7e-m\libc.a(lib_a-mktime.o)
                              Drivers\Sensor_API\HAL_GPS.o (mktime)
c:/program files (x86)/atollic/truestudio for stm32 9.0.0/armtools/bin/../lib/gcc/arm-atollic-eabi/6.3.1/../../../../arm-atollic-eabi/lib/armv7e-m\libc.a(lib_a-mlock.o)
                              c:/program files (x86)/atollic/truestudio for stm32 9.0.0/armtools/bin/../lib/gcc/arm-atollic-eabi/6.3.1/../../../../arm-atollic-eabi/lib/armv7e-m\libc.a(lib_a-mallocr.o) (__malloc_lock)
c:/program files (x86)/atollic/truestudio for stm32 9.0.0/armtools/bin/../lib/gcc/arm-atollic-eabi/6.3.1/../../../../arm-atollic-eabi/lib/armv7e-m\libc.a(lib_a-month_lengths.o)
                              c:/program files (x86)/atollic/truestudio for stm32 9.0.0/armtools/bin/../lib/gcc/arm-atollic-eabi/6.3.1/../../../../arm-atollic-eabi/lib/armv7e-m\libc.a(lib_a-lcltime_r.o) (__month_lengths)
c:/program files (x86)/atollic/truestudio for stm32 9.0.0/armtools/bin/../lib/gcc/arm-atollic-eabi/6.3.1/../../../../arm-atollic-eabi/lib/armv7e-m\libc.a(lib_a-printf.o)
                              src\Sharc_Frame.o (printf)
c:/program files (x86)/atollic/truestudio for stm32 9.0.0/armtools/bin/../lib/gcc/arm-atollic-eabi/6.3.1/../../../../arm-atollic-eabi/lib/armv7e-m\libc.a(lib_a-puts.o)
                              src\Sharc_Frame.o (puts)
c:/program files (x86)/atollic/truestudio for stm32 9.0.0/armtools/bin/../lib/gcc/arm-atollic-eabi/6.3.1/../../../../arm-atollic-eabi/lib/armv7e-m\libc.a(lib_a-sbrkr.o)
                              c:/program files (x86)/atollic/truestudio for stm32 9.0.0/armtools/bin/../lib/gcc/arm-atollic-eabi/6.3.1/../../../../arm-atollic-eabi/lib/armv7e-m\libc.a(lib_a-mallocr.o) (_sbrk_r)
[...]
Memory Configuration

Name             Origin             Length             Attributes
FLASH            0x08000000         0x00100000         xr
RAM              0x20000000         0x00018000         xrw
RAM2             0x10000000         0x00008000         rw
MEMORY_B1        0x60000000         0x00000000         xr
*default*        0x00000000         0xffffffff

Linker script and memory map

LOAD c:/program files (x86)/atollic/truestudio for stm32 9.0.0/armtools/bin/../lib/gcc/arm-atollic-eabi/6.3.1/armv7e-m/crti.o
LOAD c:/program files (x86)/atollic/truestudio for stm32 9.0.0/armtools/bin/../lib/gcc/arm-atollic-eabi/6.3.1/armv7e-m/crtbegin.o
LOAD Drivers\STM32L4xx_HAL_Driver\Src\Legacy\stm32l4xx_hal_can.o
LOAD Drivers\STM32L4xx_HAL_Driver\Src\stm32l4xx_hal.o
LOAD Drivers\STM32L4xx_HAL_Driver\Src\stm32l4xx_hal_adc_ex.o
LOAD Drivers\STM32L4xx_HAL_Driver\Src\stm32l4xx_hal_can.o
LOAD Drivers\STM32L4xx_HAL_Driver\Src\stm32l4xx_hal_comp.o
LOAD Drivers\STM32L4xx_HAL_Driver\Src\stm32l4xx_hal_cortex.o
LOAD Drivers\STM32L4xx_HAL_Driver\Src\stm32l4xx_hal_crc.o
LOAD Drivers\STM32L4xx_HAL_Driver\Src\stm32l4xx_hal_crc_ex.o
LOAD Drivers\STM32L4xx_HAL_Driver\Src\stm32l4xx_hal_cryp.o
LOAD Drivers\STM32L4xx_HAL_Driver\Src\stm32l4xx_hal_cryp_ex.o
LOAD Drivers\STM32L4xx_HAL_Driver\Src\stm32l4xx_hal_dac.o
LOAD Drivers\STM32L4xx_HAL_Driver\Src\stm32l4xx_hal_dac_ex.o
LOAD Drivers\STM32L4xx_HAL_Driver\Src\stm32l4xx_hal_dcmi.o
LOAD Drivers\STM32L4xx_HAL_Driver\Src\stm32l4xx_hal_dfsdm.o
LOAD Drivers\STM32L4xx_HAL_Driver\Src\stm32l4xx_hal_dfsdm_ex.o
LOAD Drivers\STM32L4xx_HAL_Driver\Src\stm32l4xx_hal_dma.o
LOAD Drivers\STM32L4xx_HAL_Driver\Src\stm32l4xx_hal_dma2d.o
LOAD Drivers\STM32L4xx_HAL_Driver\Src\stm32l4xx_hal_dma_ex.o
LOAD Drivers\STM32L4xx_HAL_Driver\Src\stm32l4xx_hal_dsi.o
LOAD Drivers\STM32L4xx_HAL_Driver\Src\stm32l4xx_hal_exti.o
LOAD Drivers\STM32L4xx_HAL_Driver\Src\stm32l4xx_hal_firewall.o
LOAD Drivers\STM32L4xx_HAL_Driver\Src\stm32l4xx_hal_flash.o
LOAD Drivers\STM32L4xx_HAL_Driver\Src\stm32l4xx_hal_flash_ex.o
LOAD Drivers\STM32L4xx_HAL_Driver\Src\stm32l4xx_hal_flash_ramfunc.o
LOAD Drivers\STM32L4xx_HAL_Driver\Src\stm32l4xx_hal_gfxmmu.o
LOAD Drivers\STM32L4xx_HAL_Driver\Src\stm32l4xx_hal_gpio.o
LOAD Drivers\STM32L4xx_HAL_Driver\Src\stm32l4xx_hal_hash.o
LOAD Drivers\STM32L4xx_HAL_Driver\Src\stm32l4xx_hal_hash_ex.o
LOAD Drivers\STM32L4xx_HAL_Driver\Src\stm32l4xx_hal_i2c.o
LOAD Drivers\STM32L4xx_HAL_Driver\Src\stm32l4xx_hal_i2c_ex.o
LOAD Drivers\STM32L4xx_HAL_Driver\Src\stm32l4xx_hal_irda.o
LOAD Drivers\STM32L4xx_HAL_Driver\Src\stm32l4xx_hal_iwdg.o
LOAD Drivers\STM32L4xx_HAL_Driver\Src\stm32l4xx_hal_lcd.o
LOAD Drivers\STM32L4xx_HAL_Driver\Src\stm32l4xx_hal_lptim.o
LOAD Drivers\STM32L4xx_HAL_Driver\Src\stm32l4xx_hal_ltdc.o
LOAD Drivers\STM32L4xx_HAL_Driver\Src\stm32l4xx_hal_ltdc_ex.o
LOAD Drivers\STM32L4xx_HAL_Driver\Src\stm32l4xx_hal_mmc.o
LOAD Drivers\STM32L4xx_HAL_Driver\Src\stm32l4xx_hal_mmc_ex.o
LOAD Drivers\STM32L4xx_HAL_Driver\Src\stm32l4xx_hal_nand.o
LOAD Drivers\STM32L4xx_HAL_Driver\Src\stm32l4xx_hal_nor.o
LOAD Drivers\STM32L4xx_HAL_Driver\Src\stm32l4xx_hal_opamp.o
LOAD Drivers\STM32L4xx_HAL_Driver\Src\stm32l4xx_hal_opamp_ex.o
LOAD Drivers\STM32L4xx_HAL_Driver\Src\stm32l4xx_hal_ospi.o
LOAD Drivers\STM32L4xx_HAL_Driver\Src\stm32l4xx_hal_pcd.o
LOAD Drivers\STM32L4xx_HAL_Driver\Src\stm32l4xx_hal_pcd_ex.o
LOAD Drivers\STM32L4xx_HAL_Driver\Src\stm32l4xx_hal_pka.o
LOAD Drivers\STM32L4xx_HAL_Driver\Src\stm32l4xx_hal_pssi.o
LOAD Drivers\STM32L4xx_HAL_Driver\Src\stm32l4xx_hal_pwr.o
LOAD Drivers\STM32L4xx_HAL_Driver\Src\stm32l4xx_hal_pwr_ex.o
LOAD Drivers\STM32L4xx_HAL_Driver\Src\stm32l4xx_hal_qspi.o
LOAD Drivers\STM32L4xx_HAL_Driver\Src\stm32l4xx_hal_rcc.o
LOAD Drivers\STM32L4xx_HAL_Driver\Src\stm32l4xx_hal_rcc_ex.o
LOAD Drivers\STM32L4xx_HAL_Driver\Src\stm32l4xx_hal_rng.o
LOAD Drivers\STM32L4xx_HAL_Driver\Src\stm32l4xx_hal_rng_ex.o
LOAD Drivers\STM32L4xx_HAL_Driver\Src\stm32l4xx_hal_rtc.o
LOAD Drivers\STM32L4xx_HAL_Driver\Src\stm32l4xx_hal_rtc_ex.o
LOAD Drivers\STM32L4xx_HAL_Driver\Src\stm32l4xx_hal_sai.o
LOAD Drivers\STM32L4xx_HAL_Driver\Src\stm32l4xx_hal_sai_ex.o
LOAD Drivers\STM32L4xx_HAL_Driver\Src\stm32l4xx_hal_sd.o
LOAD Drivers\STM32L4xx_HAL_Driver\Src\stm32l4xx_hal_sd_ex.o
LOAD Drivers\STM32L4xx_HAL_Driver\Src\stm32l4xx_hal_smartcard.o
LOAD Drivers\STM32L4xx_HAL_Driver\Src\stm32l4xx_hal_smartcard_ex.o
LOAD Drivers\STM32L4xx_HAL_Driver\Src\stm32l4xx_hal_smbus.o
LOAD Drivers\STM32L4xx_HAL_Driver\Src\stm32l4xx_hal_spi.o
LOAD Drivers\STM32L4xx_HAL_Driver\Src\stm32l4xx_hal_spi_ex.o
LOAD Drivers\STM32L4xx_HAL_Driver\Src\stm32l4xx_hal_sram.o
LOAD Drivers\STM32L4xx_HAL_Driver\Src\stm32l4xx_hal_swpmi.o
LOAD Drivers\STM32L4xx_HAL_Driver\Src\stm32l4xx_hal_tim.o
LOAD Drivers\STM32L4xx_HAL_Driver\Src\stm32l4xx_hal_tim_ex.o
LOAD Drivers\STM32L4xx_HAL_Driver\Src\stm32l4xx_hal_tsc.o
LOAD Drivers\STM32L4xx_HAL_Driver\Src\stm32l4xx_hal_uart.o
LOAD Drivers\STM32L4xx_HAL_Driver\Src\stm32l4xx_hal_uart_ex.o
LOAD Drivers\STM32L4xx_HAL_Driver\Src\stm32l4xx_hal_usart.o
LOAD Drivers\STM32L4xx_HAL_Driver\Src\stm32l4xx_hal_usart_ex.o
LOAD Drivers\STM32L4xx_HAL_Driver\Src\stm32l4xx_hal_wwdg.o
LOAD Drivers\Sensor_API\DATAFLASH.o
LOAD Drivers\Sensor_API\HAL_BMP280.o
LOAD Drivers\Sensor_API\HAL_GPS.o
LOAD Drivers\Sensor_API\HAL_Iridium.o
LOAD src\Sharc_Frame.o
LOAD src\main.o
LOAD src\startup_stm32l476xx.o
LOAD src\stm32l4xx_hal_msp.o
LOAD src\stm32l4xx_it.o
LOAD src\syscalls.o
LOAD src\system_stm32l4xx.o
                0x00000080                malloc_getpagesize_P = 0x80
START GROUP
LOAD c:/program files (x86)/atollic/truestudio for stm32 9.0.0/armtools/bin/../lib/gcc/arm-atollic-eabi/6.3.1/../../../../arm-atollic-eabi/lib/armv7e-m\libc.a
LOAD c:/program files (x86)/atollic/truestudio for stm32 9.0.0/armtools/bin/../lib/gcc/arm-atollic-eabi/6.3.1/../../../../arm-atollic-eabi/lib/armv7e-m\libm.a
END GROUP
START GROUP
LOAD c:/program files (x86)/atollic/truestudio for stm32 9.0.0/armtools/bin/../lib/gcc/arm-atollic-eabi/6.3.1/armv7e-m\libgcc.a
LOAD c:/program files (x86)/atollic/truestudio for stm32 9.0.0/armtools/bin/../lib/gcc/arm-atollic-eabi/6.3.1/../../../../arm-atollic-eabi/lib/armv7e-m\libc.a
END GROUP
START GROUP
LOAD c:/program files (x86)/atollic/truestudio for stm32 9.0.0/armtools/bin/../lib/gcc/arm-atollic-eabi/6.3.1/armv7e-m\libgcc.a
LOAD c:/program files (x86)/atollic/truestudio for stm32 9.0.0/armtools/bin/../lib/gcc/arm-atollic-eabi/6.3.1/../../../../arm-atollic-eabi/lib/armv7e-m\libc.a
LOAD c:/program files (x86)/atollic/truestudio for stm32 9.0.0/armtools/bin/../lib/gcc/arm-atollic-eabi/6.3.1/../../../../arm-atollic-eabi/lib/armv7e-m\libnosys.a
END GROUP
LOAD c:/program files (x86)/atollic/truestudio for stm32 9.0.0/armtools/bin/../lib/gcc/arm-atollic-eabi/6.3.1/armv7e-m/crtend.o
LOAD c:/program files (x86)/atollic/truestudio for stm32 9.0.0/armtools/bin/../lib/gcc/arm-atollic-eabi/6.3.1/armv7e-m/crtn.o
                0x20018000                _estack = 0x20018000
                0x00000000                _Min_Heap_Size = 0x0
                0x00000400                _Min_Stack_Size = 0x400

.isr_vector     0x08000000      0x188
                0x08000000                . = ALIGN (0x4)
 *(.isr_vector)
 .isr_vector    0x08000000      0x188 src\startup_stm32l476xx.o
                0x08000000                g_pfnVectors
                0x08000188                . = ALIGN (0x4)

.text           0x08000190    0x156b8
                0x08000190                . = ALIGN (0x4)
 *(.text)
 .text          0x08000190       0x40 c:/program files (x86)/atollic/truestudio for stm32 9.0.0/armtools/bin/../lib/gcc/arm-atollic-eabi/6.3.1/armv7e-m/crtbegin.o
 .text          0x080001d0       0x14 c:/program files (x86)/atollic/truestudio for stm32 9.0.0/armtools/bin/../lib/gcc/arm-atollic-eabi/6.3.1/../../../../arm-atollic-eabi/lib/armv7e-m\libc.a(lib_a-strcmp.o)
                0x080001d0                strcmp
 .text          0x080001e4       0x10 c:/program files (x86)/atollic/truestudio for stm32 9.0.0/armtools/bin/../lib/gcc/arm-atollic-eabi/6.3.1/../../../../arm-atollic-eabi/lib/armv7e-m\libc.a(lib_a-strlen.o)
                0x080001e4                strlen
 *fill*         0x080001f4        0xc 
 .text          0x08000200       0xa0 c:/program files (x86)/atollic/truestudio for stm32 9.0.0/armtools/bin/../lib/gcc/arm-atollic-eabi/6.3.1/../../../../arm-atollic-eabi/lib/armv7e-m\libc.a(lib_a-memchr.o)
                0x08000200                memchr
 .text          0x080002a0      0x370 c:/program files (x86)/atollic/truestudio for stm32 9.0.0/armtools/bin/../lib/gcc/arm-atollic-eabi/6.3.1/armv7e-m\libgcc.a(_arm_addsubdf3.o)
                0x080002a0                __aeabi_drsub
                0x080002a8                __aeabi_dsub
                0x080002a8                __subdf3
                0x080002ac                __aeabi_dadd
                0x080002ac                __adddf3
                0x08000524                __floatunsidf
                0x08000524                __aeabi_ui2d
                0x08000544                __floatsidf
                0x08000544                __aeabi_i2d
                0x08000568                __aeabi_f2d
                0x08000568                __extendsfdf2
                0x080005a4                __floatundidf
                0x080005a4                __aeabi_ul2d
                0x080005b4                __floatdidf
                0x080005b4                __aeabi_l2d
 .text          0x08000610      0x424 c:/program files (x86)/atollic/truestudio for stm32 9.0.0/armtools/bin/../lib/gcc/arm-atollic-eabi/6.3.1/armv7e-m\libgcc.a(_arm_muldivdf3.o)
                0x08000610                __aeabi_dmul
                0x08000610                __muldf3
                0x08000864                __divdf3
                0x08000864                __aeabi_ddiv
 .text          0x08000a34      0x110 c:/program files (x86)/atollic/truestudio for stm32 9.0.0/armtools/bin/../lib/gcc/arm-atollic-eabi/6.3.1/armv7e-m\libgcc.a(_arm_cmpdf2.o)
                0x08000a34                __gtdf2
                0x08000a34                __gedf2
                0x08000a3c                __ltdf2
                0x08000a3c                __ledf2
                0x08000a44                __nedf2
                0x08000a44                __eqdf2
                0x08000a44                __cmpdf2
                0x08000ac0                __aeabi_cdrcmple
                0x08000ad0                __aeabi_cdcmpeq
                0x08000ad0                __aeabi_cdcmple
                0x08000ae0                __aeabi_dcmpeq
                0x08000af4                __aeabi_dcmplt
                0x08000b08                __aeabi_dcmple
                0x08000b1c                __aeabi_dcmpge
                0x08000b30                __aeabi_dcmpgt
 .text          0x08000b44       0x2c c:/program files (x86)/atollic/truestudio for stm32 9.0.0/armtools/bin/../lib/gcc/arm-atollic-eabi/6.3.1/armv7e-m\libgcc.a(_arm_unorddf2.o)
                0x08000b44                __unorddf2
                0x08000b44                __aeabi_dcmpun
 .text          0x08000b70       0x50 c:/program files (x86)/atollic/truestudio for stm32 9.0.0/armtools/bin/../lib/gcc/arm-atollic-eabi/6.3.1/armv7e-m\libgcc.a(_arm_fixdfsi.o)
                0x08000b70                __aeabi_d2iz
                0x08000b70                __fixdfsi
 .text          0x08000bc0       0x40 c:/program files (x86)/atollic/truestudio for stm32 9.0.0/armtools/bin/../lib/gcc/arm-atollic-eabi/6.3.1/armv7e-m\libgcc.a(_arm_fixunsdfsi.o)
                0x08000bc0                __aeabi_d2uiz
                0x08000bc0                __fixunsdfsi
 .text          0x08000c00       0xa0 c:/program files (x86)/atollic/truestudio for stm32 9.0.0/armtools/bin/../lib/gcc/arm-atollic-eabi/6.3.1/armv7e-m\libgcc.a(_arm_truncdfsf2.o)
                0x08000c00                __truncdfsf2
                0x08000c00                __aeabi_d2f
 .text          0x08000ca0       0xa0 c:/program files (x86)/atollic/truestudio for stm32 9.0.0/armtools/bin/../lib/gcc/arm-atollic-eabi/6.3.1/armv7e-m\libgcc.a(_aeabi_ldivmod.o)
                0x08000ca0                __aeabi_ldivmod
 .text          0x08000d40       0x30 c:/program files (x86)/atollic/truestudio for stm32 9.0.0/armtools/bin/../lib/gcc/arm-atollic-eabi/6.3.1/armv7e-m\libgcc.a(_aeabi_uldivmod.o)
                0x08000d40                __aeabi_uldivmod
 .text          0x08000d70      0x2dc c:/program files (x86)/atollic/truestudio for stm32 9.0.0/armtools/bin/../lib/gcc/arm-atollic-eabi/6.3.1/armv7e-m\libgcc.a(_udivmoddi4.o)
                0x08000d70                __udivmoddi4
 .text          0x0800104c        0x4 c:/program files (x86)/atollic/truestudio for stm32 9.0.0/armtools/bin/../lib/gcc/arm-atollic-eabi/6.3.1/armv7e-m\libgcc.a(_dvmd_tls.o)
                0x0800104c                __aeabi_idiv0
                0x0800104c                __aeabi_ldiv0
 *(.text*)
 .text.HAL_Init
                0x08001050       0x40 Drivers\STM32L4xx_HAL_Driver\Src\stm32l4xx_hal.o
                0x08001050                HAL_Init
 .text.HAL_InitTick
                0x08001090       0x74 Drivers\STM32L4xx_HAL_Driver\Src\stm32l4xx_hal.o
                0x08001090                HAL_InitTick
 .text.HAL_IncTick
                0x08001104       0x24 Drivers\STM32L4xx_HAL_Driver\Src\stm32l4xx_hal.o
                0x08001104                HAL_IncTick
 .text.HAL_GetTick
                0x08001128       0x14 Drivers\STM32L4xx_HAL_Driver\Src\stm32l4xx_hal.o
                0x08001128                HAL_GetTick
 .text.HAL_Delay
                0x0800113c       0x44 Drivers\STM32L4xx_HAL_Driver\Src\stm32l4xx_hal.o
                0x0800113c                HAL_Delay
 .text.HAL_DBGMCU_EnableDBGStopMode
                0x08001180       0x1c Drivers\STM32L4xx_HAL_Driver\Src\stm32l4xx_hal.o
                0x08001180                HAL_DBGMCU_EnableDBGStopMode
 .text.HAL_DBGMCU_EnableDBGStandbyMode
                0x0800119c       0x1c Drivers\STM32L4xx_HAL_Driver\Src\stm32l4xx_hal.o
                0x0800119c                HAL_DBGMCU_EnableDBGStandbyMode
 .text.NVIC_SetPriorityGrouping
                0x080011b8       0x48 Drivers\STM32L4xx_HAL_Driver\Src\stm32l4xx_hal_cortex.o
 .text.NVIC_GetPriorityGrouping
                0x08001200       0x1c Drivers\STM32L4xx_HAL_Driver\Src\stm32l4xx_hal_cortex.o
 .text.NVIC_EnableIRQ
                0x0800121c       0x30 Drivers\STM32L4xx_HAL_Driver\Src\stm32l4xx_hal_cortex.o
 .text.NVIC_DisableIRQ
                0x0800124c       0x34 Drivers\STM32L4xx_HAL_Driver\Src\stm32l4xx_hal_cortex.o
 .text.NVIC_ClearPendingIRQ
                0x08001280       0x34 Drivers\STM32L4xx_HAL_Driver\Src\stm32l4xx_hal_cortex.o
 .text.NVIC_SetPriority
                0x080012b4       0x54 Drivers\STM32L4xx_HAL_Driver\Src\stm32l4xx_hal_cortex.o
 .text.NVIC_EncodePriority
                0x08001308       0x60 Drivers\STM32L4xx_HAL_Driver\Src\stm32l4xx_hal_cortex.o
 .text.NVIC_SystemReset
                0x08001368       0x28 Drivers\STM32L4xx_HAL_Driver\Src\stm32l4xx_hal_cortex.o
 .text.SysTick_Config
                0x08001390       0x44 Drivers\STM32L4xx_HAL_Driver\Src\stm32l4xx_hal_cortex.o
 .text.HAL_NVIC_SetPriorityGrouping
                0x080013d4       0x16 Drivers\STM32L4xx_HAL_Driver\Src\stm32l4xx_hal_cortex.o
                0x080013d4                HAL_NVIC_SetPriorityGrouping
 .text.HAL_NVIC_SetPriority
                0x080013ea       0x38 Drivers\STM32L4xx_HAL_Driver\Src\stm32l4xx_hal_cortex.o
                0x080013ea                HAL_NVIC_SetPriority
 .text.HAL_NVIC_EnableIRQ
                0x08001422       0x1c Drivers\STM32L4xx_HAL_Driver\Src\stm32l4xx_hal_cortex.o
                0x08001422                HAL_NVIC_EnableIRQ
 .text.HAL_NVIC_DisableIRQ
                0x0800143e       0x1c Drivers\STM32L4xx_HAL_Driver\Src\stm32l4xx_hal_cortex.o
                0x0800143e                HAL_NVIC_DisableIRQ
 .text.HAL_NVIC_SystemReset
                0x0800145a        0xc Drivers\STM32L4xx_HAL_Driver\Src\stm32l4xx_hal_cortex.o
                0x0800145a                HAL_NVIC_SystemReset
 .text.HAL_SYSTICK_Config
                0x08001466       0x18 Drivers\STM32L4xx_HAL_Driver\Src\stm32l4xx_hal_cortex.o
                0x08001466                HAL_SYSTICK_Config
 .text.HAL_NVIC_ClearPendingIRQ
                0x0800147e       0x1c Drivers\STM32L4xx_HAL_Driver\Src\stm32l4xx_hal_cortex.o
                0x0800147e                HAL_NVIC_ClearPendingIRQ
 *fill*         0x0800149a        0x2 
 .text.HAL_DMA_Init
                0x0800149c      0x170 Drivers\STM32L4xx_HAL_Driver\Src\stm32l4xx_hal_dma.o
                0x0800149c                HAL_DMA_Init
 .text.HAL_DMA_DeInit
                0x0800160c      0x124 Drivers\STM32L4xx_HAL_Driver\Src\stm32l4xx_hal_dma.o
                0x0800160c                HAL_DMA_DeInit
 .text.HAL_DMA_Start
                0x08001730       0x86 Drivers\STM32L4xx_HAL_Driver\Src\stm32l4xx_hal_dma.o
                0x08001730                HAL_DMA_Start
 .text.HAL_DMA_Start_IT
                0x080017b6       0xc0 Drivers\STM32L4xx_HAL_Driver\Src\stm32l4xx_hal_dma.o
                0x080017b6                HAL_DMA_Start_IT
 .text.HAL_DMA_Abort
                0x08001876       0x7a Drivers\STM32L4xx_HAL_Driver\Src\stm32l4xx_hal_dma.o
                0x08001876                HAL_DMA_Abort
 .text.HAL_DMA_Abort_IT
                0x080018f0       0x82 Drivers\STM32L4xx_HAL_Driver\Src\stm32l4xx_hal_dma.o
                0x080018f0                HAL_DMA_Abort_IT
 .text.HAL_DMA_IRQHandler
                0x08001972      0x15e Drivers\STM32L4xx_HAL_Driver\Src\stm32l4xx_hal_dma.o
                0x08001972                HAL_DMA_IRQHandler
 .text.HAL_DMA_GetError
                0x08001ad0       0x16 Drivers\STM32L4xx_HAL_Driver\Src\stm32l4xx_hal_dma.o
                0x08001ad0                HAL_DMA_GetError
 .text.DMA_SetConfig
                0x08001ae6       0x5e Drivers\STM32L4xx_HAL_Driver\Src\stm32l4xx_hal_dma.o
 .text.HAL_GPIO_Init
                0x08001b44      0x350 Drivers\STM32L4xx_HAL_Driver\Src\stm32l4xx_hal_gpio.o
                0x08001b44                HAL_GPIO_Init
 .text.HAL_GPIO_DeInit
                0x08001e94      0x1e4 Drivers\STM32L4xx_HAL_Driver\Src\stm32l4xx_hal_gpio.o
                0x08001e94                HAL_GPIO_DeInit
 .text.HAL_GPIO_WritePin
                0x08002078       0x2e Drivers\STM32L4xx_HAL_Driver\Src\stm32l4xx_hal_gpio.o
                0x08002078                HAL_GPIO_WritePin
 .text.HAL_GPIO_TogglePin
                0x080020a6       0x30 Drivers\STM32L4xx_HAL_Driver\Src\stm32l4xx_hal_gpio.o
                0x080020a6                HAL_GPIO_TogglePin
 *fill*         0x080020d6        0x2 
 .text.HAL_PWR_EnableBkUpAccess
                0x080020d8       0x1c Drivers\STM32L4xx_HAL_Driver\Src\stm32l4xx_hal_pwr.o
                0x080020d8                HAL_PWR_EnableBkUpAccess
 .text.HAL_PWR_DisableBkUpAccess
                0x080020f4       0x1c Drivers\STM32L4xx_HAL_Driver\Src\stm32l4xx_hal_pwr.o
                0x080020f4                HAL_PWR_DisableBkUpAccess
 .text.HAL_PWR_EnableWakeUpPin
                0x08002110       0x40 Drivers\STM32L4xx_HAL_Driver\Src\stm32l4xx_hal_pwr.o
                0x08002110                HAL_PWR_EnableWakeUpPin
 .text.HAL_PWR_DisableWakeUpPin
                0x08002150       0x28 Drivers\STM32L4xx_HAL_Driver\Src\stm32l4xx_hal_pwr.o
                0x08002150                HAL_PWR_DisableWakeUpPin
 .text.HAL_PWR_EnterSTANDBYMode
                0x08002178       0x34 Drivers\STM32L4xx_HAL_Driver\Src\stm32l4xx_hal_pwr.o
                0x08002178                HAL_PWR_EnterSTANDBYMode
 .text.HAL_PWREx_GetVoltageRange
                0x080021ac       0x18 Drivers\STM32L4xx_HAL_Driver\Src\stm32l4xx_hal_pwr_ex.o
                0x080021ac                HAL_PWREx_GetVoltageRange
 .text.HAL_PWREx_ControlVoltageScaling
                0x080021c4       0xa8 Drivers\STM32L4xx_HAL_Driver\Src\stm32l4xx_hal_pwr_ex.o
                0x080021c4                HAL_PWREx_ControlVoltageScaling
 .text.HAL_PWREx_EnableInternalWakeUpLine
                0x0800226c       0x1c Drivers\STM32L4xx_HAL_Driver\Src\stm32l4xx_hal_pwr_ex.o
                0x0800226c                HAL_PWREx_EnableInternalWakeUpLine
 .text.HAL_PWREx_DisableInternalWakeUpLine
                0x08002288       0x1c Drivers\STM32L4xx_HAL_Driver\Src\stm32l4xx_hal_pwr_ex.o
                0x08002288                HAL_PWREx_DisableInternalWakeUpLine
 .text.HAL_PWREx_EnableGPIOPullDown
                0x080022a4      0x148 Drivers\STM32L4xx_HAL_Driver\Src\stm32l4xx_hal_pwr_ex.o
                0x080022a4                HAL_PWREx_EnableGPIOPullDown
 .text.HAL_PWREx_DisableGPIOPullDown
                0x080023ec       0xe0 Drivers\STM32L4xx_HAL_Driver\Src\stm32l4xx_hal_pwr_ex.o
                0x080023ec                HAL_PWREx_DisableGPIOPullDown
 .text.HAL_PWREx_EnablePullUpPullDownConfig
                0x080024cc       0x1c Drivers\STM32L4xx_HAL_Driver\Src\stm32l4xx_hal_pwr_ex.o
                0x080024cc                HAL_PWREx_EnablePullUpPullDownConfig
 .text.HAL_PWREx_DisablePullUpPullDownConfig
                0x080024e8       0x1c Drivers\STM32L4xx_HAL_Driver\Src\stm32l4xx_hal_pwr_ex.o
                0x080024e8                HAL_PWREx_DisablePullUpPullDownConfig
 .text.HAL_PWREx_EnterSHUTDOWNMode
                0x08002504       0x34 Drivers\STM32L4xx_HAL_Driver\Src\stm32l4xx_hal_pwr_ex.o
                0x08002504                HAL_PWREx_EnterSHUTDOWNMode
 .text.HAL_RCC_OscConfig
                0x08002538      0x7cc Drivers\STM32L4xx_HAL_Driver\Src\stm32l4xx_hal_rcc.o
                0x08002538                HAL_RCC_OscConfig
 .text.HAL_RCC_ClockConfig
                0x08002d04      0x1c4 Drivers\STM32L4xx_HAL_Driver\Src\stm32l4xx_hal_rcc.o
                0x08002d04                HAL_RCC_ClockConfig
 .text.HAL_RCC_MCOConfig
                0x08002ec8       0x68 Drivers\STM32L4xx_HAL_Driver\Src\stm32l4xx_hal_rcc.o
                0x08002ec8                HAL_RCC_MCOConfig
 .text.HAL_RCC_GetSysClockFreq
                0x08002f30      0x114 Drivers\STM32L4xx_HAL_Driver\Src\stm32l4xx_hal_rcc.o
                0x08002f30                HAL_RCC_GetSysClockFreq
 .text.HAL_RCC_GetHCLKFreq
                0x08003044       0x14 Drivers\STM32L4xx_HAL_Driver\Src\stm32l4xx_hal_rcc.o
                0x08003044                HAL_RCC_GetHCLKFreq
 .text.HAL_RCC_GetPCLK1Freq
                0x08003058       0x2c Drivers\STM32L4xx_HAL_Driver\Src\stm32l4xx_hal_rcc.o
                0x08003058                HAL_RCC_GetPCLK1Freq
 .text.HAL_RCC_GetPCLK2Freq
                0x08003084       0x2c Drivers\STM32L4xx_HAL_Driver\Src\stm32l4xx_hal_rcc.o
                0x08003084                HAL_RCC_GetPCLK2Freq
 .text.RCC_SetFlashLatencyFromMSIRange
                0x080030b0       0xc0 Drivers\STM32L4xx_HAL_Driver\Src\stm32l4xx_hal_rcc.o
 .text.HAL_RCCEx_PeriphCLKConfig
                0x08003170      0x5cc Drivers\STM32L4xx_HAL_Driver\Src\stm32l4xx_hal_rcc_ex.o
                0x08003170                HAL_RCCEx_PeriphCLKConfig
 .text.HAL_RCCEx_EnableMSIPLLMode
                0x0800373c       0x1c Drivers\STM32L4xx_HAL_Driver\Src\stm32l4xx_hal_rcc_ex.o
                0x0800373c                HAL_RCCEx_EnableMSIPLLMode
 .text.RCCEx_PLLSAI1_Config
                0x08003758      0x1e0 Drivers\STM32L4xx_HAL_Driver\Src\stm32l4xx_hal_rcc_ex.o
 .text.RCCEx_PLLSAI2_Config
                0x08003938      0x1b4 Drivers\STM32L4xx_HAL_Driver\Src\stm32l4xx_hal_rcc_ex.o
 .text.HAL_RTC_Init
                0x08003aec       0xf6 Drivers\STM32L4xx_HAL_Driver\Src\stm32l4xx_hal_rtc.o
                0x08003aec                HAL_RTC_Init
 .text.HAL_RTC_SetTime
                0x08003be2      0x13a Drivers\STM32L4xx_HAL_Driver\Src\stm32l4xx_hal_rtc.o
                0x08003be2                HAL_RTC_SetTime
 .text.HAL_RTC_SetDate
                0x08003d1c      0x10e Drivers\STM32L4xx_HAL_Driver\Src\stm32l4xx_hal_rtc.o
                0x08003d1c                HAL_RTC_SetDate
 .text.HAL_RTC_WaitForSynchro
                0x08003e2a       0x4c Drivers\STM32L4xx_HAL_Driver\Src\stm32l4xx_hal_rtc.o
                0x08003e2a                HAL_RTC_WaitForSynchro
 .text.RTC_EnterInitMode
                0x08003e76       0x66 Drivers\STM32L4xx_HAL_Driver\Src\stm32l4xx_hal_rtc.o
                0x08003e76                RTC_EnterInitMode
 .text.RTC_ExitInitMode
                0x08003edc       0x7c Drivers\STM32L4xx_HAL_Driver\Src\stm32l4xx_hal_rtc.o
                0x08003edc                RTC_ExitInitMode
 .text.RTC_ByteToBcd2
                0x08003f58       0x3e Drivers\STM32L4xx_HAL_Driver\Src\stm32l4xx_hal_rtc.o
                0x08003f58                RTC_ByteToBcd2
 *fill*         0x08003f96        0x2 
 .text.HAL_RTCEx_SetWakeUpTimer_IT
                0x08003f98      0x128 Drivers\STM32L4xx_HAL_Driver\Src\stm32l4xx_hal_rtc_ex.o
                0x08003f98                HAL_RTCEx_SetWakeUpTimer_IT
 .text.HAL_RTCEx_WakeUpTimerIRQHandler
                0x080040c0       0x4c Drivers\STM32L4xx_HAL_Driver\Src\stm32l4xx_hal_rtc_ex.o
                0x080040c0                HAL_RTCEx_WakeUpTimerIRQHandler
 .text.HAL_RTCEx_WakeUpTimerEventCallback
                0x0800410c       0x12 Drivers\STM32L4xx_HAL_Driver\Src\stm32l4xx_hal_rtc_ex.o
                0x0800410c                HAL_RTCEx_WakeUpTimerEventCallback
 .text.HAL_SPI_Init
                0x0800411e      0x110 Drivers\STM32L4xx_HAL_Driver\Src\stm32l4xx_hal_spi.o
                0x0800411e                HAL_SPI_Init
 .text.HAL_SPI_Transmit
                0x0800422e      0x2c8 Drivers\STM32L4xx_HAL_Driver\Src\stm32l4xx_hal_spi.o
                0x0800422e                HAL_SPI_Transmit
 .text.HAL_SPI_Receive
                0x080044f6      0x24a Drivers\STM32L4xx_HAL_Driver\Src\stm32l4xx_hal_spi.o
                0x080044f6                HAL_SPI_Receive
 .text.HAL_SPI_TransmitReceive
                0x08004740      0x420 Drivers\STM32L4xx_HAL_Driver\Src\stm32l4xx_hal_spi.o
                0x08004740                HAL_SPI_TransmitReceive
 .text.SPI_WaitFlagStateUntilTimeout
                0x08004b60       0xd4 Drivers\STM32L4xx_HAL_Driver\Src\stm32l4xx_hal_spi.o
 .text.SPI_WaitFifoStateUntilTimeout
                0x08004c34       0xda Drivers\STM32L4xx_HAL_Driver\Src\stm32l4xx_hal_spi.o
 .text.SPI_EndRxTransaction
                0x08004d0e       0xb0 Drivers\STM32L4xx_HAL_Driver\Src\stm32l4xx_hal_spi.o
 .text.SPI_EndRxTxTransaction
                0x08004dbe       0x8c Drivers\STM32L4xx_HAL_Driver\Src\stm32l4xx_hal_spi.o
 .text.HAL_TIM_Base_Init
                0x08004e4a       0x56 Drivers\STM32L4xx_HAL_Driver\Src\stm32l4xx_hal_tim.o
                0x08004e4a                HAL_TIM_Base_Init
 .text.HAL_TIM_Base_DeInit
                0x08004ea0       0x60 Drivers\STM32L4xx_HAL_Driver\Src\stm32l4xx_hal_tim.o
                0x08004ea0                HAL_TIM_Base_DeInit
 .text.HAL_TIM_Base_Stop
                0x08004f00       0x54 Drivers\STM32L4xx_HAL_Driver\Src\stm32l4xx_hal_tim.o
                0x08004f00                HAL_TIM_Base_Stop
 .text.HAL_TIM_Base_Start_IT
                0x08004f54       0x54 Drivers\STM32L4xx_HAL_Driver\Src\stm32l4xx_hal_tim.o
                0x08004f54                HAL_TIM_Base_Start_IT
 .text.HAL_TIM_Base_Stop_IT
                0x08004fa8       0x54 Drivers\STM32L4xx_HAL_Driver\Src\stm32l4xx_hal_tim.o
                0x08004fa8                HAL_TIM_Base_Stop_IT
 .text.HAL_TIM_OC_Init
                0x08004ffc       0x56 Drivers\STM32L4xx_HAL_Driver\Src\stm32l4xx_hal_tim.o
                0x08004ffc                HAL_TIM_OC_Init
 .text.HAL_TIM_OC_MspInit
                0x08005052       0x12 Drivers\STM32L4xx_HAL_Driver\Src\stm32l4xx_hal_tim.o
                0x08005052                HAL_TIM_OC_MspInit
 .text.HAL_TIM_OC_Start_IT
                0x08005064      0x13c Drivers\STM32L4xx_HAL_Driver\Src\stm32l4xx_hal_tim.o
                0x08005064                HAL_TIM_OC_Start_IT
 .text.HAL_TIM_OC_Stop_IT
                0x080051a0      0x160 Drivers\STM32L4xx_HAL_Driver\Src\stm32l4xx_hal_tim.o
                0x080051a0                HAL_TIM_OC_Stop_IT
 .text.HAL_TIM_IC_Init
                0x08005300       0x56 Drivers\STM32L4xx_HAL_Driver\Src\stm32l4xx_hal_tim.o
                0x08005300                HAL_TIM_IC_Init
 .text.HAL_TIM_IC_MspInit
                0x08005356       0x12 Drivers\STM32L4xx_HAL_Driver\Src\stm32l4xx_hal_tim.o
                0x08005356                HAL_TIM_IC_MspInit
 .text.HAL_TIM_IC_Stop_IT
                0x08005368       0xe0 Drivers\STM32L4xx_HAL_Driver\Src\stm32l4xx_hal_tim.o
                0x08005368                HAL_TIM_IC_Stop_IT
 .text.HAL_TIM_IRQHandler
                0x08005448      0x23e Drivers\STM32L4xx_HAL_Driver\Src\stm32l4xx_hal_tim.o
                0x08005448                HAL_TIM_IRQHandler
 *fill*         0x08005686        0x2 
 .text.HAL_TIM_OC_ConfigChannel
                0x08005688       0xfc Drivers\STM32L4xx_HAL_Driver\Src\stm32l4xx_hal_tim.o
                0x08005688                HAL_TIM_OC_ConfigChannel
 .text.HAL_TIM_IC_ConfigChannel
                0x08005784      0x138 Drivers\STM32L4xx_HAL_Driver\Src\stm32l4xx_hal_tim.o
                0x08005784                HAL_TIM_IC_ConfigChannel
 .text.HAL_TIM_ConfigClockSource
                0x080058bc      0x172 Drivers\STM32L4xx_HAL_Driver\Src\stm32l4xx_hal_tim.o
                0x080058bc                HAL_TIM_ConfigClockSource
 .text.HAL_TIM_SlaveConfigSynchro
                0x08005a2e       0x84 Drivers\STM32L4xx_HAL_Driver\Src\stm32l4xx_hal_tim.o
                0x08005a2e                HAL_TIM_SlaveConfigSynchro
 .text.HAL_TIM_PeriodElapsedCallback
                0x08005ab2       0x12 Drivers\STM32L4xx_HAL_Driver\Src\stm32l4xx_hal_tim.o
                0x08005ab2                HAL_TIM_PeriodElapsedCallback
 .text.HAL_TIM_OC_DelayElapsedCallback
                0x08005ac4       0x12 Drivers\STM32L4xx_HAL_Driver\Src\stm32l4xx_hal_tim.o
                0x08005ac4                HAL_TIM_OC_DelayElapsedCallback
 .text.HAL_TIM_IC_CaptureCallback
                0x08005ad6       0x12 Drivers\STM32L4xx_HAL_Driver\Src\stm32l4xx_hal_tim.o
                0x08005ad6                HAL_TIM_IC_CaptureCallback
 .text.HAL_TIM_PWM_PulseFinishedCallback
                0x08005ae8       0x12 Drivers\STM32L4xx_HAL_Driver\Src\stm32l4xx_hal_tim.o
                0x08005ae8                HAL_TIM_PWM_PulseFinishedCallback
 .text.HAL_TIM_TriggerCallback
                0x08005afa       0x12 Drivers\STM32L4xx_HAL_Driver\Src\stm32l4xx_hal_tim.o
                0x08005afa                HAL_TIM_TriggerCallback
 .text.TIM_Base_SetConfig
                0x08005b0c      0x130 Drivers\STM32L4xx_HAL_Driver\Src\stm32l4xx_hal_tim.o
                0x08005b0c                TIM_Base_SetConfig
 .text.TIM_OC1_SetConfig
                0x08005c3c      0x120 Drivers\STM32L4xx_HAL_Driver\Src\stm32l4xx_hal_tim.o
 .text.TIM_OC2_SetConfig
                0x08005d5c      0x110 Drivers\STM32L4xx_HAL_Driver\Src\stm32l4xx_hal_tim.o
                0x08005d5c                TIM_OC2_SetConfig
 .text.TIM_OC3_SetConfig
                0x08005e6c      0x110 Drivers\STM32L4xx_HAL_Driver\Src\stm32l4xx_hal_tim.o
 .text.TIM_OC4_SetConfig
                0x08005f7c       0xd0 Drivers\STM32L4xx_HAL_Driver\Src\stm32l4xx_hal_tim.o
 .text.TIM_OC5_SetConfig
                0x0800604c       0xc8 Drivers\STM32L4xx_HAL_Driver\Src\stm32l4xx_hal_tim.o
 .text.TIM_OC6_SetConfig
                0x08006114       0xc8 Drivers\STM32L4xx_HAL_Driver\Src\stm32l4xx_hal_tim.o
 .text.TIM_SlaveTimer_SetConfig
                0x080061dc      0x110 Drivers\STM32L4xx_HAL_Driver\Src\stm32l4xx_hal_tim.o
 .text.TIM_TI1_SetConfig
                0x080062ec       0xd8 Drivers\STM32L4xx_HAL_Driver\Src\stm32l4xx_hal_tim.o
                0x080062ec                TIM_TI1_SetConfig
 .text.TIM_TI1_ConfigInputStage
                0x080063c4       0x5c Drivers\STM32L4xx_HAL_Driver\Src\stm32l4xx_hal_tim.o
 .text.TIM_TI2_SetConfig
                0x08006420       0x78 Drivers\STM32L4xx_HAL_Driver\Src\stm32l4xx_hal_tim.o
 .text.TIM_TI2_ConfigInputStage
                0x08006498       0x5e Drivers\STM32L4xx_HAL_Driver\Src\stm32l4xx_hal_tim.o
 .text.TIM_TI3_SetConfig
                0x080064f6       0x76 Drivers\STM32L4xx_HAL_Driver\Src\stm32l4xx_hal_tim.o
 .text.TIM_TI4_SetConfig
                0x0800656c       0x78 Drivers\STM32L4xx_HAL_Driver\Src\stm32l4xx_hal_tim.o
 .text.TIM_ITRx_SetConfig
                0x080065e4       0x34 Drivers\STM32L4xx_HAL_Driver\Src\stm32l4xx_hal_tim.o
 .text.TIM_ETR_SetConfig
                0x08006618       0x3e Drivers\STM32L4xx_HAL_Driver\Src\stm32l4xx_hal_tim.o
                0x08006618                TIM_ETR_SetConfig
 .text.TIM_CCxChannelCmd
                0x08006656       0x48 Drivers\STM32L4xx_HAL_Driver\Src\stm32l4xx_hal_tim.o
                0x08006656                TIM_CCxChannelCmd
 *fill*         0x0800669e        0x2 
 .text.HAL_TIMEx_MasterConfigSynchronization
                0x080066a0      0x10c Drivers\STM32L4xx_HAL_Driver\Src\stm32l4xx_hal_tim_ex.o
                0x080066a0                HAL_TIMEx_MasterConfigSynchronization
 .text.HAL_TIMEx_RemapConfig
                0x080067ac       0xa8 Drivers\STM32L4xx_HAL_Driver\Src\stm32l4xx_hal_tim_ex.o
                0x080067ac                HAL_TIMEx_RemapConfig
 .text.HAL_TIMEx_CommutCallback
                0x08006854       0x12 Drivers\STM32L4xx_HAL_Driver\Src\stm32l4xx_hal_tim_ex.o
                0x08006854                HAL_TIMEx_CommutCallback
 .text.HAL_TIMEx_BreakCallback
                0x08006866       0x12 Drivers\STM32L4xx_HAL_Driver\Src\stm32l4xx_hal_tim_ex.o
                0x08006866                HAL_TIMEx_BreakCallback
 .text.HAL_TIMEx_Break2Callback
                0x08006878       0x12 Drivers\STM32L4xx_HAL_Driver\Src\stm32l4xx_hal_tim_ex.o
                0x08006878                HAL_TIMEx_Break2Callback
 .text.HAL_UART_Init
                0x0800688a       0x9c Drivers\STM32L4xx_HAL_Driver\Src\stm32l4xx_hal_uart.o
                0x0800688a                HAL_UART_Init
 .text.HAL_UART_DeInit
                0x08006926       0x6a Drivers\STM32L4xx_HAL_Driver\Src\stm32l4xx_hal_uart.o
                0x08006926                HAL_UART_DeInit
 .text.HAL_UART_Transmit
                0x08006990      0x126 Drivers\STM32L4xx_HAL_Driver\Src\stm32l4xx_hal_uart.o
                0x08006990                HAL_UART_Transmit
 .text.HAL_UART_Receive
                0x08006ab6      0x19a Drivers\STM32L4xx_HAL_Driver\Src\stm32l4xx_hal_uart.o
                0x08006ab6                HAL_UART_Receive
 .text.HAL_UART_Transmit_DMA
                0x08006c50       0xf8 Drivers\STM32L4xx_HAL_Driver\Src\stm32l4xx_hal_uart.o
                0x08006c50                HAL_UART_Transmit_DMA
 .text.HAL_UART_Receive_DMA
                0x08006d48      0x108 Drivers\STM32L4xx_HAL_Driver\Src\stm32l4xx_hal_uart.o
                0x08006d48                HAL_UART_Receive_DMA
 .text.HAL_UART_DMAPause
                0x08006e50       0xa6 Drivers\STM32L4xx_HAL_Driver\Src\stm32l4xx_hal_uart.o
                0x08006e50                HAL_UART_DMAPause
 .text.HAL_UART_DMAResume
                0x08006ef6       0x8a Drivers\STM32L4xx_HAL_Driver\Src\stm32l4xx_hal_uart.o
                0x08006ef6                HAL_UART_DMAResume
 .text.HAL_UART_DMAStop
                0x08006f80       0xd6 Drivers\STM32L4xx_HAL_Driver\Src\stm32l4xx_hal_uart.o
                0x08006f80                HAL_UART_DMAStop
 *fill*         0x08007056        0x2 
 .text.HAL_UART_AbortTransmit_IT
                0x08007058       0xac Drivers\STM32L4xx_HAL_Driver\Src\stm32l4xx_hal_uart.o
                0x08007058                HAL_UART_AbortTransmit_IT
 .text.HAL_UART_IRQHandler
                0x08007104      0x28c Drivers\STM32L4xx_HAL_Driver\Src\stm32l4xx_hal_uart.o
                0x08007104                HAL_UART_IRQHandler
 .text.HAL_UART_TxCpltCallback
                0x08007390       0x12 Drivers\STM32L4xx_HAL_Driver\Src\stm32l4xx_hal_uart.o
                0x08007390                HAL_UART_TxCpltCallback
 .text.HAL_UART_TxHalfCpltCallback
                0x080073a2       0x12 Drivers\STM32L4xx_HAL_Driver\Src\stm32l4xx_hal_uart.o
                0x080073a2                HAL_UART_TxHalfCpltCallback
 .text.HAL_UART_RxCpltCallback
                0x080073b4       0x12 Drivers\STM32L4xx_HAL_Driver\Src\stm32l4xx_hal_uart.o
                0x080073b4                HAL_UART_RxCpltCallback
 .text.HAL_UART_RxHalfCpltCallback
                0x080073c6       0x12 Drivers\STM32L4xx_HAL_Driver\Src\stm32l4xx_hal_uart.o
                0x080073c6                HAL_UART_RxHalfCpltCallback
 .text.HAL_UART_ErrorCallback
                0x080073d8       0x12 Drivers\STM32L4xx_HAL_Driver\Src\stm32l4xx_hal_uart.o
                0x080073d8                HAL_UART_ErrorCallback
 .text.HAL_UART_AbortTransmitCpltCallback
                0x080073ea       0x12 Drivers\STM32L4xx_HAL_Driver\Src\stm32l4xx_hal_uart.o
                0x080073ea                HAL_UART_AbortTransmitCpltCallback
 .text.UART_SetConfig
                0x080073fc      0x6c8 Drivers\STM32L4xx_HAL_Driver\Src\stm32l4xx_hal_uart.o
                0x080073fc                UART_SetConfig
 .text.UART_AdvFeatureConfig
                0x08007ac4      0x142 Drivers\STM32L4xx_HAL_Driver\Src\stm32l4xx_hal_uart.o
                0x08007ac4                UART_AdvFeatureConfig
 .text.UART_CheckIdleState
                0x08007c06       0x8a Drivers\STM32L4xx_HAL_Driver\Src\stm32l4xx_hal_uart.o
                0x08007c06                UART_CheckIdleState
 .text.UART_WaitOnFlagUntilTimeout
                0x08007c90       0xf6 Drivers\STM32L4xx_HAL_Driver\Src\stm32l4xx_hal_uart.o
                0x08007c90                UART_WaitOnFlagUntilTimeout
 .text.UART_EndTxTransfer
                0x08007d86       0x28 Drivers\STM32L4xx_HAL_Driver\Src\stm32l4xx_hal_uart.o
 .text.UART_EndRxTransfer
                0x08007dae       0x3e Drivers\STM32L4xx_HAL_Driver\Src\stm32l4xx_hal_uart.o
 .text.UART_DMATransmitCplt
                0x08007dec       0x54 Drivers\STM32L4xx_HAL_Driver\Src\stm32l4xx_hal_uart.o
 .text.UART_DMATxHalfCplt
                0x08007e40       0x1c Drivers\STM32L4xx_HAL_Driver\Src\stm32l4xx_hal_uart.o
 .text.UART_DMAReceiveCplt
                0x08007e5c       0x68 Drivers\STM32L4xx_HAL_Driver\Src\stm32l4xx_hal_uart.o
 .text.UART_DMARxHalfCplt
                0x08007ec4       0x1c Drivers\STM32L4xx_HAL_Driver\Src\stm32l4xx_hal_uart.o
 .text.UART_DMAError
                0x08007ee0       0x78 Drivers\STM32L4xx_HAL_Driver\Src\stm32l4xx_hal_uart.o
 .text.UART_DMAAbortOnError
                0x08007f58       0x2c Drivers\STM32L4xx_HAL_Driver\Src\stm32l4xx_hal_uart.o
 .text.UART_DMATxOnlyAbortCallback
                0x08007f84       0x2a Drivers\STM32L4xx_HAL_Driver\Src\stm32l4xx_hal_uart.o
 .text.UART_EndTransmit_IT
                0x08007fae       0x32 Drivers\STM32L4xx_HAL_Driver\Src\stm32l4xx_hal_uart.o
 .text.HAL_UARTEx_WakeupCallback
                0x08007fe0       0x12 Drivers\STM32L4xx_HAL_Driver\Src\stm32l4xx_hal_uart_ex.o
                0x08007fe0                HAL_UARTEx_WakeupCallback
 *fill*         0x08007ff2        0x2 
 .text.Init_Flash_Chips
                0x08007ff4       0x6c Drivers\Sensor_API\DATAFLASH.o
                0x08007ff4                Init_Flash_Chips
 .text.FLASH_Get_ID
                0x08008060       0x44 Drivers\Sensor_API\DATAFLASH.o
                0x08008060                FLASH_Get_ID
 .text.FLASH_Is_Online
                0x080080a4       0x4c Drivers\Sensor_API\DATAFLASH.o
                0x080080a4                FLASH_Is_Online
 .text.FLASH_ChipSelect_setState
                0x080080f0       0x78 Drivers\Sensor_API\DATAFLASH.o
                0x080080f0                FLASH_ChipSelect_setState
 .text.FLASH_GetStatusRegister
                0x08008168       0x48 Drivers\Sensor_API\DATAFLASH.o
                0x08008168                FLASH_GetStatusRegister
 .text.FLASH_Delay
                0x080081b0       0x4c Drivers\Sensor_API\DATAFLASH.o
                0x080081b0                FLASH_Delay
 .text.Data_rx  0x080081fc       0x28 Drivers\Sensor_API\DATAFLASH.o
 .text.FLASH_GetPageSize
                0x08008224       0x14 Drivers\Sensor_API\DATAFLASH.o
                0x08008224                FLASH_GetPageSize
 .text.FLASH_SetAddress
                0x08008238       0x34 Drivers\Sensor_API\DATAFLASH.o
                0x08008238                FLASH_SetAddress
 .text.FLASH_IncAddress
                0x0800826c       0x74 Drivers\Sensor_API\DATAFLASH.o
                0x0800826c                FLASH_IncAddress
 .text.FLASH_GetAddress
                0x080082e0       0x24 Drivers\Sensor_API\DATAFLASH.o
                0x080082e0                FLASH_GetAddress
 .text.FLASH_Is_Available
                0x08008304       0x40 Drivers\Sensor_API\DATAFLASH.o
                0x08008304                FLASH_Is_Available
 .text.FLASH_READ_Page
                0x08008344       0x84 Drivers\Sensor_API\DATAFLASH.o
                0x08008344                FLASH_READ_Page
 .text.FLASH_READ_BufferHF
                0x080083c8       0x8c Drivers\Sensor_API\DATAFLASH.o
                0x080083c8                FLASH_READ_BufferHF
 .text.FLASH_WRITE_ReadModifyWrite
                0x08008454       0x88 Drivers\Sensor_API\DATAFLASH.o
                0x08008454                FLASH_WRITE_ReadModifyWrite
 .text.FLASH_WRITE_PageOrByte_NoErase
                0x080084dc       0x74 Drivers\Sensor_API\DATAFLASH.o
                0x080084dc                FLASH_WRITE_PageOrByte_NoErase
 .text.FLASH_ERASE_Page
                0x08008550       0x58 Drivers\Sensor_API\DATAFLASH.o
                0x08008550                FLASH_ERASE_Page
 .text.FLASH_ADDITIONAL_GetEPEbit
                0x080085a8       0x28 Drivers\Sensor_API\DATAFLASH.o
                0x080085a8                FLASH_ADDITIONAL_GetEPEbit
 .text.MX_SPI_Init
                0x080085d0       0x7e Drivers\Sensor_API\DATAFLASH.o
                0x080085d0                MX_SPI_Init
 *fill*         0x0800864e        0x2 
 .text.MX_GPIO_Init
                0x08008650       0x7c Drivers\Sensor_API\DATAFLASH.o
                0x08008650                MX_GPIO_Init
 .text.GPIO_RCC_Init
                0x080086cc       0xd4 Drivers\Sensor_API\DATAFLASH.o
                0x080086cc                GPIO_RCC_Init
 .text.GPIO_PIN_STATE_Init
                0x080087a0       0xd0 Drivers\Sensor_API\DATAFLASH.o
                0x080087a0                GPIO_PIN_STATE_Init
 .text.MX_SPI1_Init
                0x08008870       0x7c Drivers\Sensor_API\HAL_BMP280.o
 .text.Init_Control_Pins
                0x080088ec       0x64 Drivers\Sensor_API\HAL_BMP280.o
 .text.BMP280_Init
                0x08008950       0xdc Drivers\Sensor_API\HAL_BMP280.o
                0x08008950                BMP280_Init
 .text.BMP280_Init_Preset_Mode
                0x08008a2c       0x86 Drivers\Sensor_API\HAL_BMP280.o
                0x08008a2c                BMP280_Init_Preset_Mode
 .text.BMP280_Reset
                0x08008ab2       0x30 Drivers\Sensor_API\HAL_BMP280.o
                0x08008ab2                BMP280_Reset
 .text.BMP280_Set_PowerMode
                0x08008ae2       0x5c Drivers\Sensor_API\HAL_BMP280.o
                0x08008ae2                BMP280_Set_PowerMode
 *fill*         0x08008b3e        0x2 
 .text.BMP280_Write_Register
                0x08008b40       0x9c Drivers\Sensor_API\HAL_BMP280.o
                0x08008b40                BMP280_Write_Register
 .text.BMP280_Read_Register
                0x08008bdc       0x9c Drivers\Sensor_API\HAL_BMP280.o
                0x08008bdc                BMP280_Read_Register
 .text.BMP280_Get_ID
                0x08008c78       0x1c Drivers\Sensor_API\HAL_BMP280.o
                0x08008c78                BMP280_Get_ID
 .text.BMP280_Get_FactoryTrim
                0x08008c94      0x112 Drivers\Sensor_API\HAL_BMP280.o
                0x08008c94                BMP280_Get_FactoryTrim
 .text.BMP280_Force_Measure
                0x08008da6       0x4a Drivers\Sensor_API\HAL_BMP280.o
                0x08008da6                BMP280_Force_Measure
 .text.BMP280_Get_Measurements
                0x08008df0       0x6a Drivers\Sensor_API\HAL_BMP280.o
                0x08008df0                BMP280_Get_Measurements
 .text.BMP280_Compensate_Temp
                0x08008e5a       0x78 Drivers\Sensor_API\HAL_BMP280.o
                0x08008e5a                BMP280_Compensate_Temp
 .text.BMP280_Compensate_Pressure
                0x08008ed2      0x2c2 Drivers\Sensor_API\HAL_BMP280.o
                0x08008ed2                BMP280_Compensate_Pressure
 .text.MX_TIM2_Init
                0x08009194      0x198 Drivers\Sensor_API\HAL_GPS.o
 .text.MX_UART4_Init
                0x0800932c       0x60 Drivers\Sensor_API\HAL_GPS.o
 .text.MX_DMA_Init
                0x0800938c      0x138 Drivers\Sensor_API\HAL_GPS.o
 .text.GPS_Log_Begin
                0x080094c4       0xac Drivers\Sensor_API\HAL_GPS.o
                0x080094c4                GPS_Log_Begin
 .text.GPS_Log_Stop
                0x08009570       0x98 Drivers\Sensor_API\HAL_GPS.o
                0x08009570                GPS_Log_Stop
 .text.Clear_Buffer
                0x08009608       0x1c Drivers\Sensor_API\HAL_GPS.o
                0x08009608                Clear_Buffer
 .text.is_valid
                0x08009624       0xfc Drivers\Sensor_API\HAL_GPS.o
                0x08009624                is_valid
 .text.char_to_hex
                0x08009720       0x5c Drivers\Sensor_API\HAL_GPS.o
                0x08009720                char_to_hex
 .text.parse_ZDA
                0x0800977c      0x190 Drivers\Sensor_API\HAL_GPS.o
                0x0800977c                parse_ZDA
 .text.Parse_GLL
                0x0800990c      0x130 Drivers\Sensor_API\HAL_GPS.o
                0x0800990c                Parse_GLL
 .text.parse_GSA
                0x08009a3c      0x150 Drivers\Sensor_API\HAL_GPS.o
                0x08009a3c                parse_GSA
 .text.init_GPS
                0x08009b8c      0x128 Drivers\Sensor_API\HAL_GPS.o
                0x08009b8c                init_GPS
 .text.deinit_GPS
                0x08009cb4       0xdc Drivers\Sensor_API\HAL_GPS.o
                0x08009cb4                deinit_GPS
 .text.USART_Set_Baudrate
                0x08009d90       0xf4 Drivers\Sensor_API\HAL_GPS.o
                0x08009d90                USART_Set_Baudrate
 .text.UBX_Send_Ack
                0x08009e84      0x260 Drivers\Sensor_API\HAL_GPS.o
                0x08009e84                UBX_Send_Ack
 .text.UBX_Configure_Baudrate
                0x0800a0e4       0x94 Drivers\Sensor_API\HAL_GPS.o
                0x0800a0e4                UBX_Configure_Baudrate
 .text.UBX_Configure_Messages
                0x0800a178      0x10c Drivers\Sensor_API\HAL_GPS.o
                0x0800a178                UBX_Configure_Messages
 .text.USART_TIM_RTO_Handler
                0x0800a284       0x68 Drivers\Sensor_API\HAL_GPS.o
                0x0800a284                USART_TIM_RTO_Handler
 .text.DMA_GNSS_MEM_IRQHandler
                0x0800a2ec      0x1b0 Drivers\Sensor_API\HAL_GPS.o
                0x0800a2ec                DMA_GNSS_MEM_IRQHandler
 .text.DMA_GNSS_Periph_IRQHandler
                0x0800a49c      0x140 Drivers\Sensor_API\HAL_GPS.o
                0x0800a49c                DMA_GNSS_Periph_IRQHandler
 .text.USART_GPS_IRQHandler
                0x0800a5dc      0x1ec Drivers\Sensor_API\HAL_GPS.o
                0x0800a5dc                USART_GPS_IRQHandler
 .text.MX_UART5_Init
                0x0800a7c8       0x60 Drivers\Sensor_API\HAL_Iridium.o
 .text.MX_DMA_Init
                0x0800a828       0xec Drivers\Sensor_API\HAL_Iridium.o
 .text.MX_GPIO_Init
                0x0800a914       0x90 Drivers\Sensor_API\HAL_Iridium.o
 .text.MX_TIM3_Init
                0x0800a9a4      0x13c Drivers\Sensor_API\HAL_Iridium.o
 .text.IR_Clear_Buffer
                0x0800aae0       0x1c Drivers\Sensor_API\HAL_Iridium.o
                0x0800aae0                IR_Clear_Buffer
 .text.IR_Calculate_Checksum
                0x0800aafc       0x42 Drivers\Sensor_API\HAL_Iridium.o
                0x0800aafc                IR_Calculate_Checksum
 *fill*         0x0800ab3e        0x2 
 .text.IR_Init_Module
                0x0800ab40       0xa4 Drivers\Sensor_API\HAL_Iridium.o
                0x0800ab40                IR_Init_Module
 .text.IR_DeInit_Module
                0x0800abe4       0xa4 Drivers\Sensor_API\HAL_Iridium.o
                0x0800abe4                IR_DeInit_Module
 .text.IR_send_AT_CMD
                0x0800ac88      0x100 Drivers\Sensor_API\HAL_Iridium.o
                0x0800ac88                IR_send_AT_CMD
 .text.IR_start_SBD_Session
                0x0800ad88      0x210 Drivers\Sensor_API\HAL_Iridium.o
                0x0800ad88                IR_start_SBD_Session
 .text.IR_send_Bin_String
                0x0800af98      0x1c4 Drivers\Sensor_API\HAL_Iridium.o
                0x0800af98                IR_send_Bin_String
 .text.IR_recieve_String
                0x0800b15c      0x140 Drivers\Sensor_API\HAL_Iridium.o
                0x0800b15c                IR_recieve_String
 .text.DMA_Iridium_Periph_IRQHandler
                0x0800b29c       0xec Drivers\Sensor_API\HAL_Iridium.o
                0x0800b29c                DMA_Iridium_Periph_IRQHandler
 .text.DMA_Iridium_MEM_IRQHandler
                0x0800b388       0xe8 Drivers\Sensor_API\HAL_Iridium.o
                0x0800b388                DMA_Iridium_MEM_IRQHandler
 .text.USART_RTO_IRQHandler
                0x0800b470       0xb0 Drivers\Sensor_API\HAL_Iridium.o
                0x0800b470                USART_RTO_IRQHandler
 .text.USART_Iridium_IRQHandler
                0x0800b520      0x1dc Drivers\Sensor_API\HAL_Iridium.o
                0x0800b520                USART_Iridium_IRQHandler
 .text.Iridium_ControlPin_IRQHandler
                0x0800b6fc       0x38 Drivers\Sensor_API\HAL_Iridium.o
                0x0800b6fc                Iridium_ControlPin_IRQHandler
 .text.Init_Debug
                0x0800b734       0xe0 src\Sharc_Frame.o
                0x0800b734                Init_Debug
 .text.SystemClock_Config
                0x0800b814      0x12c src\Sharc_Frame.o
                0x0800b814                SystemClock_Config
 .text.Go_To_Sleep
                0x0800b940       0x70 src\Sharc_Frame.o
                0x0800b940                Go_To_Sleep
 .text.set_WUP_Pin
                0x0800b9b0      0x22c src\Sharc_Frame.o
                0x0800b9b0                set_WUP_Pin
 .text.__io_putchar
                0x0800bbdc       0x24 src\Sharc_Frame.o
                0x0800bbdc                __io_putchar
 .text.GPIO_Set_Pin_LP
                0x0800bc00      0x11c src\Sharc_Frame.o
                0x0800bc00                GPIO_Set_Pin_LP
 .text.Get_Current_Address_Pointer
                0x0800bd1c       0x8c src\Sharc_Frame.o
                0x0800bd1c                Get_Current_Address_Pointer
 .text.Set_Current_Address_Pointer
                0x0800bda8       0x94 src\Sharc_Frame.o
                0x0800bda8                Set_Current_Address_Pointer
 .text.Get_Active_Chip
                0x0800be3c       0x48 src\Sharc_Frame.o
                0x0800be3c                Get_Active_Chip
 .text.Set_Active_Chip
                0x0800be84       0x5c src\Sharc_Frame.o
                0x0800be84                Set_Active_Chip
 .text.Get_Next_Active_Chip
                0x0800bee0       0x48 src\Sharc_Frame.o
                0x0800bee0                Get_Next_Active_Chip
 .text.Set_Next_Active_Chip
                0x0800bf28       0x5c src\Sharc_Frame.o
                0x0800bf28                Set_Next_Active_Chip
 .text.to_binary_format
                0x0800bf84       0xc0 src\Sharc_Frame.o
                0x0800bf84                to_binary_format
 .text.get_driftBuffer_Size
                0x0800c044        0xe src\Sharc_Frame.o
                0x0800c044                get_driftBuffer_Size
 *fill*         0x0800c052        0x2 
 .text.Routine_ASYNC_IRIDIUM_RX
                0x0800c054       0x4c src\Sharc_Frame.o
                0x0800c054                Routine_ASYNC_IRIDIUM_RX
 .text.Routine_Async_IMUevent_Sample
                0x0800c0a0       0x1c src\Sharc_Frame.o
                0x0800c0a0                Routine_Async_IMUevent_Sample
 .text.POR_Handler
                0x0800c0bc       0x60 src\Sharc_Frame.o
                0x0800c0bc                POR_Handler
 .text.BOR_Handler
                0x0800c11c       0x58 src\Sharc_Frame.o
                0x0800c11c                BOR_Handler
 .text.main     0x0800c174      0x2b8 src\main.o
                0x0800c174                main
 .text.MX_RTC_Init
                0x0800c42c       0xd8 src\main.o
 .text.Error_Handler
                0x0800c504        0xc src\main.o
                0x0800c504                Error_Handler
 .text.Routine_ASYNC_IMU_EVENT
                0x0800c510       0x44 src\main.o
 .text.Routine_STATE_RESET
                0x0800c554       0x3c src\main.o
 .text.Routine_STATE_SLEEP
                0x0800c590       0x34 src\main.o
 .text.Routine_STATE_SAMPLE
                0x0800c5c4      0x410 src\main.o
 .text.Routine_STATE_TRANSMIT
                0x0800c9d4      0x1c8 src\main.o
 .text.Routine_Init_STATE
                0x0800cb9c      0x1e8 src\main.o
 .text.Reset_Handler
                0x0800cd84       0x50 src\startup_stm32l476xx.o
                0x0800cd84                Reset_Handler
 .text.Default_Handler
                0x0800cdd4        0x2 src\startup_stm32l476xx.o
                0x0800cdd4                RTC_Alarm_IRQHandler
                0x0800cdd4                EXTI2_IRQHandler
                0x0800cdd4                TIM8_TRG_COM_IRQHandler
                0x0800cdd4                TIM8_CC_IRQHandler
                0x0800cdd4                TIM1_CC_IRQHandler
                0x0800cdd4                TSC_IRQHandler
                0x0800cdd4                TAMP_STAMP_IRQHandler
                0x0800cdd4                EXTI3_IRQHandler
                0x0800cdd4                LPTIM2_IRQHandler
                0x0800cdd4                DFSDM1_FLT1_IRQHandler
                0x0800cdd4                I2C3_ER_IRQHandler
                0x0800cdd4                DFSDM1_FLT2_IRQHandler
                0x0800cdd4                EXTI0_IRQHandler
                0x0800cdd4                I2C2_EV_IRQHandler
                0x0800cdd4                CAN1_RX0_IRQHandler
                0x0800cdd4                FPU_IRQHandler
                0x0800cdd4                TIM1_UP_TIM16_IRQHandler
                0x0800cdd4                ADC1_2_IRQHandler
                0x0800cdd4                SPI1_IRQHandler
                0x0800cdd4                TIM6_DAC_IRQHandler
                0x0800cdd4                TIM8_UP_IRQHandler
                0x0800cdd4                DMA1_Channel4_IRQHandler
                0x0800cdd4                SAI2_IRQHandler
                0x0800cdd4                DFSDM1_FLT3_IRQHandler
                0x0800cdd4                USART3_IRQHandler
                0x0800cdd4                DMA1_Channel7_IRQHandler
                0x0800cdd4                CAN1_RX1_IRQHandler
                0x0800cdd4                LCD_IRQHandler
                0x0800cdd4                ADC3_IRQHandler
                0x0800cdd4                TIM4_IRQHandler
                0x0800cdd4                DMA2_Channel1_IRQHandler
                0x0800cdd4                QUADSPI_IRQHandler
                0x0800cdd4                I2C1_EV_IRQHandler
                0x0800cdd4                DMA1_Channel6_IRQHandler
                0x0800cdd4                DMA2_Channel4_IRQHandler
                0x0800cdd4                RCC_IRQHandler
                0x0800cdd4                Default_Handler
                0x0800cdd4                DMA2_Channel7_IRQHandler
                0x0800cdd4                TIM7_IRQHandler
                0x0800cdd4                SDMMC1_IRQHandler
                0x0800cdd4                TIM5_IRQHandler
                0x0800cdd4                I2C3_EV_IRQHandler
                0x0800cdd4                PVD_PVM_IRQHandler
                0x0800cdd4                SPI2_IRQHandler
                0x0800cdd4                CAN1_TX_IRQHandler
                0x0800cdd4                DMA1_Channel5_IRQHandler
                0x0800cdd4                EXTI4_IRQHandler
                0x0800cdd4                RNG_IRQHandler
                0x0800cdd4                TIM1_TRG_COM_TIM17_IRQHandler
                0x0800cdd4                DMA1_Channel3_IRQHandler
                0x0800cdd4                COMP_IRQHandler
                0x0800cdd4                WWDG_IRQHandler
                0x0800cdd4                LPUART1_IRQHandler
                0x0800cdd4                DMA2_Channel6_IRQHandler
                0x0800cdd4                EXTI1_IRQHandler
                0x0800cdd4                DFSDM1_FLT0_IRQHandler
                0x0800cdd4                I2C2_ER_IRQHandler
                0x0800cdd4                TIM8_BRK_IRQHandler
                0x0800cdd4                CAN1_SCE_IRQHandler
                0x0800cdd4                FLASH_IRQHandler
                0x0800cdd4                USART1_IRQHandler
                0x0800cdd4                OTG_FS_IRQHandler
                0x0800cdd4                SPI3_IRQHandler
                0x0800cdd4                I2C1_ER_IRQHandler
                0x0800cdd4                FMC_IRQHandler
                0x0800cdd4                SWPMI1_IRQHandler
                0x0800cdd4                LPTIM1_IRQHandler
                0x0800cdd4                SAI1_IRQHandler
                0x0800cdd4                TIM1_BRK_TIM15_IRQHandler
 *fill*         0x0800cdd6        0x2 
 .text.HAL_MspInit
                0x0800cdd8       0x44 src\stm32l4xx_hal_msp.o
                0x0800cdd8                HAL_MspInit
 .text.HAL_RTC_MspInit
                0x0800ce1c       0x44 src\stm32l4xx_hal_msp.o
                0x0800ce1c                HAL_RTC_MspInit
 .text.HAL_UART_MspInit
                0x0800ce60      0x2d0 src\stm32l4xx_hal_msp.o
                0x0800ce60                HAL_UART_MspInit
 .text.HAL_UART_MspDeInit
                0x0800d130       0xc0 src\stm32l4xx_hal_msp.o
                0x0800d130                HAL_UART_MspDeInit
 .text.HAL_TIM_Base_MspInit
                0x0800d1f0       0xc8 src\stm32l4xx_hal_msp.o
                0x0800d1f0                HAL_TIM_Base_MspInit
 .text.HAL_TIM_Base_MspDeInit
                0x0800d2b8       0x60 src\stm32l4xx_hal_msp.o
                0x0800d2b8                HAL_TIM_Base_MspDeInit
 .text.HAL_SPI_MspInit
                0x0800d318       0xe8 src\stm32l4xx_hal_msp.o
                0x0800d318                HAL_SPI_MspInit
 .text.NMI_Handler
                0x0800d400        0xc src\stm32l4xx_it.o
                0x0800d400                NMI_Handler
 .text.HardFault_Handler
                0x0800d40c        0x6 src\stm32l4xx_it.o
                0x0800d40c                HardFault_Handler
 .text.MemManage_Handler
                0x0800d412        0x6 src\stm32l4xx_it.o
                0x0800d412                MemManage_Handler
 .text.BusFault_Handler
                0x0800d418        0x6 src\stm32l4xx_it.o
                0x0800d418                BusFault_Handler
 .text.UsageFault_Handler
                0x0800d41e        0x6 src\stm32l4xx_it.o
                0x0800d41e                UsageFault_Handler
 .text.SVC_Handler
                0x0800d424        0xc src\stm32l4xx_it.o
                0x0800d424                SVC_Handler
 .text.DebugMon_Handler
                0x0800d430        0xc src\stm32l4xx_it.o
                0x0800d430                DebugMon_Handler
 .text.PendSV_Handler
                0x0800d43c        0xc src\stm32l4xx_it.o
                0x0800d43c                PendSV_Handler
 .text.SysTick_Handler
                0x0800d448        0xc src\stm32l4xx_it.o
                0x0800d448                SysTick_Handler
 .text.RTC_WKUP_IRQHandler
                0x0800d454       0x14 src\stm32l4xx_it.o
                0x0800d454                RTC_WKUP_IRQHandler
 .text.TIM2_IRQHandler
                0x0800d468       0x20 src\stm32l4xx_it.o
                0x0800d468                TIM2_IRQHandler
 .text.TIM3_IRQHandler
                0x0800d488       0x18 src\stm32l4xx_it.o
                0x0800d488                TIM3_IRQHandler
 .text.USART2_IRQHandler
                0x0800d4a0       0x14 src\stm32l4xx_it.o
                0x0800d4a0                USART2_IRQHandler
 .text.UART4_IRQHandler
                0x0800d4b4       0x14 src\stm32l4xx_it.o
                0x0800d4b4                UART4_IRQHandler
 .text.UART5_IRQHandler
                0x0800d4c8       0x14 src\stm32l4xx_it.o
                0x0800d4c8                UART5_IRQHandler
 .text.DMA2_Channel2_IRQHandler
                0x0800d4dc       0x1c src\stm32l4xx_it.o
                0x0800d4dc                DMA2_Channel2_IRQHandler
 .text.DMA2_Channel3_IRQHandler
                0x0800d4f8       0x14 src\stm32l4xx_it.o
                0x0800d4f8                DMA2_Channel3_IRQHandler
 .text.DMA2_Channel5_IRQHandler
                0x0800d50c       0x14 src\stm32l4xx_it.o
                0x0800d50c                DMA2_Channel5_IRQHandler
 .text.DMA1_Channel1_IRQHandler
                0x0800d520       0x1c src\stm32l4xx_it.o
                0x0800d520                DMA1_Channel1_IRQHandler
 .text.DMA1_Channel2_IRQHandler
                0x0800d53c       0x18 src\stm32l4xx_it.o
                0x0800d53c                DMA1_Channel2_IRQHandler
 .text.EXTI15_10_IRQHandler
                0x0800d554       0x28 src\stm32l4xx_it.o
                0x0800d554                EXTI15_10_IRQHandler
 .text.EXTI9_5_IRQHandler
                0x0800d57c       0x24 src\stm32l4xx_it.o
                0x0800d57c                EXTI9_5_IRQHandler
 .text._read    0x0800d5a0       0x3a src\syscalls.o
                0x0800d5a0                _read
 .text._write   0x0800d5da       0x38 src\syscalls.o
                0x0800d5da                _write
 *fill*         0x0800d612        0x2 
 .text._sbrk    0x0800d614       0x58 src\syscalls.o
                0x0800d614                _sbrk
 .text._close   0x0800d66c       0x16 src\syscalls.o
                0x0800d66c                _close
 .text._fstat   0x0800d682       0x1e src\syscalls.o
                0x0800d682                _fstat
 .text._isatty  0x0800d6a0       0x14 src\syscalls.o
                0x0800d6a0                _isatty
 .text._lseek   0x0800d6b4       0x18 src\syscalls.o
                0x0800d6b4                _lseek
 .text.SystemInit
                0x0800d6cc       0x58 src\system_stm32l4xx.o
                0x0800d6cc                SystemInit
 .text.atof     0x0800d724        0x6 c:/program files (x86)/atollic/truestudio for stm32 9.0.0/armtools/bin/../lib/gcc/arm-atollic-eabi/6.3.1/../../../../arm-atollic-eabi/lib/armv7e-m\libc.a(lib_a-atof.o)
                0x0800d724                atof
 .text.atoi     0x0800d72a        0x8 c:/program files (x86)/atollic/truestudio for stm32 9.0.0/armtools/bin/../lib/gcc/arm-atollic-eabi/6.3.1/../../../../arm-atollic-eabi/lib/armv7e-m\libc.a(lib_a-atoi.o)
                0x0800d72a                atoi
 *fill*         0x0800d732        0x2 
 .text.__errno  0x0800d734        0xc c:/program files (x86)/atollic/truestudio for stm32 9.0.0/armtools/bin/../lib/gcc/arm-atollic-eabi/6.3.1/../../../../arm-atollic-eabi/lib/armv7e-m\libc.a(lib_a-errno.o)
                0x0800d734                __errno
 .text.__libc_init_array
                0x0800d740       0x48 c:/program files (x86)/atollic/truestudio for stm32 9.0.0/armtools/bin/../lib/gcc/arm-atollic-eabi/6.3.1/../../../../arm-atollic-eabi/lib/armv7e-m\libc.a(lib_a-init.o)
                0x0800d740                __libc_init_array
 .text.localtime
                0x0800d788       0x24 c:/program files (x86)/atollic/truestudio for stm32 9.0.0/armtools/bin/../lib/gcc/arm-atollic-eabi/6.3.1/../../../../arm-atollic-eabi/lib/armv7e-m\libc.a(lib_a-lcltime.o)
                0x0800d788                localtime
 .text.localtime_r
                0x0800d7ac      0x1c8 c:/program files (x86)/atollic/truestudio for stm32 9.0.0/armtools/bin/../lib/gcc/arm-atollic-eabi/6.3.1/../../../../arm-atollic-eabi/lib/armv7e-m\libc.a(lib_a-lcltime_r.o)
                0x0800d7ac                localtime_r
 .text.malloc   0x0800d974       0x10 c:/program files (x86)/atollic/truestudio for stm32 9.0.0/armtools/bin/../lib/gcc/arm-atollic-eabi/6.3.1/../../../../arm-atollic-eabi/lib/armv7e-m\libc.a(lib_a-malloc.o)
                0x0800d974                malloc
 .text.free     0x0800d984       0x10 c:/program files (x86)/atollic/truestudio for stm32 9.0.0/armtools/bin/../lib/gcc/arm-atollic-eabi/6.3.1/../../../../arm-atollic-eabi/lib/armv7e-m\libc.a(lib_a-malloc.o)
                0x0800d984                free
 .text._malloc_r
                0x0800d994      0x41c c:/program files (x86)/atollic/truestudio for stm32 9.0.0/armtools/bin/../lib/gcc/arm-atollic-eabi/6.3.1/../../../../arm-atollic-eabi/lib/armv7e-m\libc.a(lib_a-mallocr.o)
                0x0800d994                _malloc_r
 .text.memcpy   0x0800ddb0       0x16 c:/program files (x86)/atollic/truestudio for stm32 9.0.0/armtools/bin/../lib/gcc/arm-atollic-eabi/6.3.1/../../../../arm-atollic-eabi/lib/armv7e-m\libc.a(lib_a-memcpy-stub.o)
                0x0800ddb0                memcpy
 .text.memset   0x0800ddc6       0x10 c:/program files (x86)/atollic/truestudio for stm32 9.0.0/armtools/bin/../lib/gcc/arm-atollic-eabi/6.3.1/../../../../arm-atollic-eabi/lib/armv7e-m\libc.a(lib_a-memset.o)
                0x0800ddc6                memset
 *fill*         0x0800ddd6        0x2 
 .text.validate_structure
                0x0800ddd8      0x1c0 c:/program files (x86)/atollic/truestudio for stm32 9.0.0/armtools/bin/../lib/gcc/arm-atollic-eabi/6.3.1/../../../../arm-atollic-eabi/lib/armv7e-m\libc.a(lib_a-mktime.o)
 .text.mktime   0x0800df98      0x2f8 c:/program files (x86)/atollic/truestudio for stm32 9.0.0/armtools/bin/../lib/gcc/arm-atollic-eabi/6.3.1/../../../../arm-atollic-eabi/lib/armv7e-m\libc.a(lib_a-mktime.o)
                0x0800df98                mktime
 .text.__malloc_lock
                0x0800e290        0xc c:/program files (x86)/atollic/truestudio for stm32 9.0.0/armtools/bin/../lib/gcc/arm-atollic-eabi/6.3.1/../../../../arm-atollic-eabi/lib/armv7e-m\libc.a(lib_a-mlock.o)
                0x0800e290                __malloc_lock
 .text.__malloc_unlock
                0x0800e29c        0xc c:/program files (x86)/atollic/truestudio for stm32 9.0.0/armtools/bin/../lib/gcc/arm-atollic-eabi/6.3.1/../../../../arm-atollic-eabi/lib/armv7e-m\libc.a(lib_a-mlock.o)
                0x0800e29c                __malloc_unlock
 .text.printf   0x0800e2a8       0x30 c:/program files (x86)/atollic/truestudio for stm32 9.0.0/armtools/bin/../lib/gcc/arm-atollic-eabi/6.3.1/../../../../arm-atollic-eabi/lib/armv7e-m\libc.a(lib_a-printf.o)
                0x0800e2a8                printf
 .text._puts_r  0x0800e2d8       0xc0 c:/program files (x86)/atollic/truestudio for stm32 9.0.0/armtools/bin/../lib/gcc/arm-atollic-eabi/6.3.1/../../../../arm-atollic-eabi/lib/armv7e-m\libc.a(lib_a-puts.o)
                0x0800e2d8                _puts_r
 .text.puts     0x0800e398       0x10 c:/program files (x86)/atollic/truestudio for stm32 9.0.0/armtools/bin/../lib/gcc/arm-atollic-eabi/6.3.1/../../../../arm-atollic-eabi/lib/armv7e-m\libc.a(lib_a-puts.o)
                0x0800e398                puts
 .text._sbrk_r  0x0800e3a8       0x20 c:/program files (x86)/atollic/truestudio for stm32 9.0.0/armtools/bin/../lib/gcc/arm-atollic-eabi/6.3.1/../../../../arm-atollic-eabi/lib/armv7e-m\libc.a(lib_a-sbrkr.o)
                0x0800e3a8                _sbrk_r
 .text.setbuf   0x0800e3c8       0x10 c:/program files (x86)/atollic/truestudio for stm32 9.0.0/armtools/bin/../lib/gcc/arm-atollic-eabi/6.3.1/../../../../arm-atollic-eabi/lib/armv7e-m\libc.a(lib_a-setbuf.o)
                0x0800e3c8                setbuf
 .text.setvbuf  0x0800e3d8      0x198 c:/program files (x86)/atollic/truestudio for stm32 9.0.0/armtools/bin/../lib/gcc/arm-atollic-eabi/6.3.1/../../../../arm-atollic-eabi/lib/armv7e-m\libc.a(lib_a-setvbuf.o)
                0x0800e3d8                setvbuf
 .text.sprintf  0x0800e570       0x48 c:/program files (x86)/atollic/truestudio for stm32 9.0.0/armtools/bin/../lib/gcc/arm-atollic-eabi/6.3.1/../../../../arm-atollic-eabi/lib/armv7e-m\libc.a(lib_a-sprintf.o)
                0x0800e570                sprintf
 .text.strchr   0x0800e5b8       0x1c c:/program files (x86)/atollic/truestudio for stm32 9.0.0/armtools/bin/../lib/gcc/arm-atollic-eabi/6.3.1/../../../../arm-atollic-eabi/lib/armv7e-m\libc.a(lib_a-strchr.o)
                0x0800e5b8                strchr
 .text.unlikely.sulp
                0x0800e5d4       0x42 c:/program files (x86)/atollic/truestudio for stm32 9.0.0/armtools/bin/../lib/gcc/arm-atollic-eabi/6.3.1/../../../../arm-atollic-eabi/lib/armv7e-m\libc.a(lib_a-strtod.o)
 *fill*         0x0800e616        0x2 
 .text._strtod_l
                0x0800e618      0xbe8 c:/program files (x86)/atollic/truestudio for stm32 9.0.0/armtools/bin/../lib/gcc/arm-atollic-eabi/6.3.1/../../../../arm-atollic-eabi/lib/armv7e-m\libc.a(lib_a-strtod.o)
                0x0800e618                _strtod_l
 .text.strtod   0x0800f200       0x24 c:/program files (x86)/atollic/truestudio for stm32 9.0.0/armtools/bin/../lib/gcc/arm-atollic-eabi/6.3.1/../../../../arm-atollic-eabi/lib/armv7e-m\libc.a(lib_a-strtod.o)
                0x0800f200                strtod
 .text.strtok   0x0800f224       0x58 c:/program files (x86)/atollic/truestudio for stm32 9.0.0/armtools/bin/../lib/gcc/arm-atollic-eabi/6.3.1/../../../../arm-atollic-eabi/lib/armv7e-m\libc.a(lib_a-strtok.o)
                0x0800f224                strtok
 .text.__strtok_r
                0x0800f27c       0x52 c:/program files (x86)/atollic/truestudio for stm32 9.0.0/armtools/bin/../lib/gcc/arm-atollic-eabi/6.3.1/../../../../arm-atollic-eabi/lib/armv7e-m\libc.a(lib_a-strtok_r.o)
                0x0800f27c                __strtok_r
 .text._strtol_l.isra.0
                0x0800f2ce      0x100 c:/program files (x86)/atollic/truestudio for stm32 9.0.0/armtools/bin/../lib/gcc/arm-atollic-eabi/6.3.1/../../../../arm-atollic-eabi/lib/armv7e-m\libc.a(lib_a-strtol.o)
 *fill*         0x0800f3ce        0x2 
 .text._strtol_r
                0x0800f3d0       0x24 c:/program files (x86)/atollic/truestudio for stm32 9.0.0/armtools/bin/../lib/gcc/arm-atollic-eabi/6.3.1/../../../../arm-atollic-eabi/lib/armv7e-m\libc.a(lib_a-strtol.o)
                0x0800f3d0                _strtol_r
 .text.strtol   0x0800f3f4       0x2c c:/program files (x86)/atollic/truestudio for stm32 9.0.0/armtools/bin/../lib/gcc/arm-atollic-eabi/6.3.1/../../../../arm-atollic-eabi/lib/armv7e-m\libc.a(lib_a-strtol.o)
                0x0800f3f4                strtol
 .text._svfprintf_r
                0x0800f420      0xfa0 c:/program files (x86)/atollic/truestudio for stm32 9.0.0/armtools/bin/../lib/gcc/arm-atollic-eabi/6.3.1/../../../../arm-atollic-eabi/lib/armv7e-m\libc.a(lib_a-svfprintf.o)
                0x0800f420                _svfprintf_r
 .text.time     0x080103c0       0x28 c:/program files (x86)/atollic/truestudio for stm32 9.0.0/armtools/bin/../lib/gcc/arm-atollic-eabi/6.3.1/../../../../arm-atollic-eabi/lib/armv7e-m\libc.a(lib_a-time.o)
                0x080103c0                time
 .text.__tzcalc_limits
                0x080103e8      0x150 c:/program files (x86)/atollic/truestudio for stm32 9.0.0/armtools/bin/../lib/gcc/arm-atollic-eabi/6.3.1/../../../../arm-atollic-eabi/lib/armv7e-m\libc.a(lib_a-tzcalc_limits.o)
                0x080103e8                __tzcalc_limits
 .text.__tz_lock
                0x08010538        0xc c:/program files (x86)/atollic/truestudio for stm32 9.0.0/armtools/bin/../lib/gcc/arm-atollic-eabi/6.3.1/../../../../arm-atollic-eabi/lib/armv7e-m\libc.a(lib_a-tzlock.o)
                0x08010538                __tz_lock
 .text.__tz_unlock
                0x08010544        0xc c:/program files (x86)/atollic/truestudio for stm32 9.0.0/armtools/bin/../lib/gcc/arm-atollic-eabi/6.3.1/../../../../arm-atollic-eabi/lib/armv7e-m\libc.a(lib_a-tzlock.o)
                0x08010544                __tz_unlock
 .text._tzset_unlocked
                0x08010550        0xc c:/program files (x86)/atollic/truestudio for stm32 9.0.0/armtools/bin/../lib/gcc/arm-atollic-eabi/6.3.1/../../../../arm-atollic-eabi/lib/armv7e-m\libc.a(lib_a-tzset.o)
                0x08010550                _tzset_unlocked
 .text._tzset_unlocked_r
                0x0801055c      0x304 c:/program files (x86)/atollic/truestudio for stm32 9.0.0/armtools/bin/../lib/gcc/arm-atollic-eabi/6.3.1/../../../../arm-atollic-eabi/lib/armv7e-m\libc.a(lib_a-tzset_r.o)
                0x0801055c                _tzset_unlocked_r
 .text._vfprintf_r
                0x08010860     0x1070 c:/program files (x86)/atollic/truestudio for stm32 9.0.0/armtools/bin/../lib/gcc/arm-atollic-eabi/6.3.1/../../../../arm-atollic-eabi/lib/armv7e-m\libc.a(lib_a-vfprintf.o)
                0x08010860                _vfprintf_r
 .text.__sbprintf
                0x080118d0       0x80 c:/program files (x86)/atollic/truestudio for stm32 9.0.0/armtools/bin/../lib/gcc/arm-atollic-eabi/6.3.1/../../../../arm-atollic-eabi/lib/armv7e-m\libc.a(lib_a-vfprintf.o)
 .text.__swsetup_r
                0x08011950       0xdc c:/program files (x86)/atollic/truestudio for stm32 9.0.0/armtools/bin/../lib/gcc/arm-atollic-eabi/6.3.1/../../../../arm-atollic-eabi/lib/armv7e-m\libc.a(lib_a-wsetup.o)
                0x08011950                __swsetup_r
 .text.div      0x08011a2c       0x28 c:/program files (x86)/atollic/truestudio for stm32 9.0.0/armtools/bin/../lib/gcc/arm-atollic-eabi/6.3.1/../../../../arm-atollic-eabi/lib/armv7e-m\libc.a(lib_a-div.o)
                0x08011a2c                div
 .text.quorem   0x08011a54      0x118 c:/program files (x86)/atollic/truestudio for stm32 9.0.0/armtools/bin/../lib/gcc/arm-atollic-eabi/6.3.1/../../../../arm-atollic-eabi/lib/armv7e-m\libc.a(lib_a-dtoa.o)
 *fill*         0x08011b6c        0x4 
 .text._dtoa_r  0x08011b70      0xba4 c:/program files (x86)/atollic/truestudio for stm32 9.0.0/armtools/bin/../lib/gcc/arm-atollic-eabi/6.3.1/../../../../arm-atollic-eabi/lib/armv7e-m\libc.a(lib_a-dtoa.o)
                0x08011b70                _dtoa_r
 .text.__sflush_r
                0x08012714      0x124 c:/program files (x86)/atollic/truestudio for stm32 9.0.0/armtools/bin/../lib/gcc/arm-atollic-eabi/6.3.1/../../../../arm-atollic-eabi/lib/armv7e-m\libc.a(lib_a-fflush.o)
                0x08012714                __sflush_r
 .text._fflush_r
                0x08012838       0x78 c:/program files (x86)/atollic/truestudio for stm32 9.0.0/armtools/bin/../lib/gcc/arm-atollic-eabi/6.3.1/../../../../arm-atollic-eabi/lib/armv7e-m\libc.a(lib_a-fflush.o)
                0x08012838                _fflush_r
 .text._cleanup_r
                0x080128b0        0xc c:/program files (x86)/atollic/truestudio for stm32 9.0.0/armtools/bin/../lib/gcc/arm-atollic-eabi/6.3.1/../../../../arm-atollic-eabi/lib/armv7e-m\libc.a(lib_a-findfp.o)
                0x080128b0                _cleanup_r
 .text.std.isra.0
                0x080128bc       0x48 c:/program files (x86)/atollic/truestudio for stm32 9.0.0/armtools/bin/../lib/gcc/arm-atollic-eabi/6.3.1/../../../../arm-atollic-eabi/lib/armv7e-m\libc.a(lib_a-findfp.o)
 .text.__sfmoreglue
                0x08012904       0x2c c:/program files (x86)/atollic/truestudio for stm32 9.0.0/armtools/bin/../lib/gcc/arm-atollic-eabi/6.3.1/../../../../arm-atollic-eabi/lib/armv7e-m\libc.a(lib_a-findfp.o)
                0x08012904                __sfmoreglue
 .text.__sfp_lock_acquire
                0x08012930        0xc c:/program files (x86)/atollic/truestudio for stm32 9.0.0/armtools/bin/../lib/gcc/arm-atollic-eabi/6.3.1/../../../../arm-atollic-eabi/lib/armv7e-m\libc.a(lib_a-findfp.o)
                0x08012930                __sfp_lock_acquire
 .text.__sfp_lock_release
                0x0801293c        0xc c:/program files (x86)/atollic/truestudio for stm32 9.0.0/armtools/bin/../lib/gcc/arm-atollic-eabi/6.3.1/../../../../arm-atollic-eabi/lib/armv7e-m\libc.a(lib_a-findfp.o)
                0x0801293c                __sfp_lock_release
 .text.__sinit_lock_acquire
                0x08012948        0xc c:/program files (x86)/atollic/truestudio for stm32 9.0.0/armtools/bin/../lib/gcc/arm-atollic-eabi/6.3.1/../../../../arm-atollic-eabi/lib/armv7e-m\libc.a(lib_a-findfp.o)
                0x08012948                __sinit_lock_acquire
 .text.__sinit_lock_release
                0x08012954        0xc c:/program files (x86)/atollic/truestudio for stm32 9.0.0/armtools/bin/../lib/gcc/arm-atollic-eabi/6.3.1/../../../../arm-atollic-eabi/lib/armv7e-m\libc.a(lib_a-findfp.o)
                0x08012954                __sinit_lock_release
 .text.__sinit  0x08012960       0x74 c:/program files (x86)/atollic/truestudio for stm32 9.0.0/armtools/bin/../lib/gcc/arm-atollic-eabi/6.3.1/../../../../arm-atollic-eabi/lib/armv7e-m\libc.a(lib_a-findfp.o)
                0x08012960                __sinit
 .text.__sfp    0x080129d4       0x8c c:/program files (x86)/atollic/truestudio for stm32 9.0.0/armtools/bin/../lib/gcc/arm-atollic-eabi/6.3.1/../../../../arm-atollic-eabi/lib/armv7e-m\libc.a(lib_a-findfp.o)
                0x080129d4                __sfp
 .text._malloc_trim_r
                0x08012a60       0xac c:/program files (x86)/atollic/truestudio for stm32 9.0.0/armtools/bin/../lib/gcc/arm-atollic-eabi/6.3.1/../../../../arm-atollic-eabi/lib/armv7e-m\libc.a(lib_a-freer.o)
                0x08012a60                _malloc_trim_r
 .text._free_r  0x08012b0c      0x178 c:/program files (x86)/atollic/truestudio for stm32 9.0.0/armtools/bin/../lib/gcc/arm-atollic-eabi/6.3.1/../../../../arm-atollic-eabi/lib/armv7e-m\libc.a(lib_a-freer.o)
                0x08012b0c                _free_r
 .text.__sfvwrite_r
                0x08012c84      0x29c c:/program files (x86)/atollic/truestudio for stm32 9.0.0/armtools/bin/../lib/gcc/arm-atollic-eabi/6.3.1/../../../../arm-atollic-eabi/lib/armv7e-m\libc.a(lib_a-fvwrite.o)
                0x08012c84                __sfvwrite_r
 .text._fwalk_reent
                0x08012f20       0x3c c:/program files (x86)/atollic/truestudio for stm32 9.0.0/armtools/bin/../lib/gcc/arm-atollic-eabi/6.3.1/../../../../arm-atollic-eabi/lib/armv7e-m\libc.a(lib_a-fwalk.o)
                0x08012f20                _fwalk_reent
 .text.rshift   0x08012f5c       0x6a c:/program files (x86)/atollic/truestudio for stm32 9.0.0/armtools/bin/../lib/gcc/arm-atollic-eabi/6.3.1/../../../../arm-atollic-eabi/lib/armv7e-m\libc.a(lib_a-gdtoa-gethex.o)
 .text.__hexdig_fun
                0x08012fc6       0x2a c:/program files (x86)/atollic/truestudio for stm32 9.0.0/armtools/bin/../lib/gcc/arm-atollic-eabi/6.3.1/../../../../arm-atollic-eabi/lib/armv7e-m\libc.a(lib_a-gdtoa-gethex.o)
                0x08012fc6                __hexdig_fun
 .text.__gethex
                0x08012ff0      0x43c c:/program files (x86)/atollic/truestudio for stm32 9.0.0/armtools/bin/../lib/gcc/arm-atollic-eabi/6.3.1/../../../../arm-atollic-eabi/lib/armv7e-m\libc.a(lib_a-gdtoa-gethex.o)
                0x08012ff0                __gethex
 .text.L_shift  0x0801342c       0x24 c:/program files (x86)/atollic/truestudio for stm32 9.0.0/armtools/bin/../lib/gcc/arm-atollic-eabi/6.3.1/../../../../arm-atollic-eabi/lib/armv7e-m\libc.a(lib_a-gdtoa-hexnan.o)
 .text.__match  0x08013450       0x26 c:/program files (x86)/atollic/truestudio for stm32 9.0.0/armtools/bin/../lib/gcc/arm-atollic-eabi/6.3.1/../../../../arm-atollic-eabi/lib/armv7e-m\libc.a(lib_a-gdtoa-hexnan.o)
                0x08013450                __match
 .text.__hexnan
                0x08013476      0x120 c:/program files (x86)/atollic/truestudio for stm32 9.0.0/armtools/bin/../lib/gcc/arm-atollic-eabi/6.3.1/../../../../arm-atollic-eabi/lib/armv7e-m\libc.a(lib_a-gdtoa-hexnan.o)
                0x08013476                __hexnan
 *fill*         0x08013596        0x2 
 .text._findenv_r
                0x08013598       0x80 c:/program files (x86)/atollic/truestudio for stm32 9.0.0/armtools/bin/../lib/gcc/arm-atollic-eabi/6.3.1/../../../../arm-atollic-eabi/lib/armv7e-m\libc.a(lib_a-getenv_r.o)
                0x08013598                _findenv_r
 .text._getenv_r
                0x08013618        0xe c:/program files (x86)/atollic/truestudio for stm32 9.0.0/armtools/bin/../lib/gcc/arm-atollic-eabi/6.3.1/../../../../arm-atollic-eabi/lib/armv7e-m\libc.a(lib_a-getenv_r.o)
                0x08013618                _getenv_r
 *fill*         0x08013626        0x2 
 .text._gettimeofday_r
                0x08013628       0x24 c:/program files (x86)/atollic/truestudio for stm32 9.0.0/armtools/bin/../lib/gcc/arm-atollic-eabi/6.3.1/../../../../arm-atollic-eabi/lib/armv7e-m\libc.a(lib_a-gettimeofdayr.o)
                0x08013628                _gettimeofday_r
 .text.__gettzinfo
                0x0801364c        0x8 c:/program files (x86)/atollic/truestudio for stm32 9.0.0/armtools/bin/../lib/gcc/arm-atollic-eabi/6.3.1/../../../../arm-atollic-eabi/lib/armv7e-m\libc.a(lib_a-gettzinfo.o)
                0x0801364c                __gettzinfo
 .text.gmtime_r
                0x08013654      0x134 c:/program files (x86)/atollic/truestudio for stm32 9.0.0/armtools/bin/../lib/gcc/arm-atollic-eabi/6.3.1/../../../../arm-atollic-eabi/lib/armv7e-m\libc.a(lib_a-gmtime_r.o)
                0x08013654                gmtime_r
 .text.__locale_mb_cur_max
                0x08013788       0x1c c:/program files (x86)/atollic/truestudio for stm32 9.0.0/armtools/bin/../lib/gcc/arm-atollic-eabi/6.3.1/../../../../arm-atollic-eabi/lib/armv7e-m\libc.a(lib_a-locale.o)
                0x08013788                __locale_mb_cur_max
 .text.__locale_ctype_ptr_l
                0x080137a4        0x6 c:/program files (x86)/atollic/truestudio for stm32 9.0.0/armtools/bin/../lib/gcc/arm-atollic-eabi/6.3.1/../../../../arm-atollic-eabi/lib/armv7e-m\libc.a(lib_a-locale.o)
                0x080137a4                __locale_ctype_ptr_l
 *fill*         0x080137aa        0x2 
 .text.__locale_ctype_ptr
                0x080137ac       0x1c c:/program files (x86)/atollic/truestudio for stm32 9.0.0/armtools/bin/../lib/gcc/arm-atollic-eabi/6.3.1/../../../../arm-atollic-eabi/lib/armv7e-m\libc.a(lib_a-locale.o)
                0x080137ac                __locale_ctype_ptr
 .text.__localeconv_l
                0x080137c8        0x4 c:/program files (x86)/atollic/truestudio for stm32 9.0.0/armtools/bin/../lib/gcc/arm-atollic-eabi/6.3.1/../../../../arm-atollic-eabi/lib/armv7e-m\libc.a(lib_a-localeconv.o)
                0x080137c8                __localeconv_l
 .text._localeconv_r
                0x080137cc       0x1c c:/program files (x86)/atollic/truestudio for stm32 9.0.0/armtools/bin/../lib/gcc/arm-atollic-eabi/6.3.1/../../../../arm-atollic-eabi/lib/armv7e-m\libc.a(lib_a-localeconv.o)
                0x080137cc                _localeconv_r
 .text.__retarget_lock_init_recursive
                0x080137e8        0x2 c:/program files (x86)/atollic/truestudio for stm32 9.0.0/armtools/bin/../lib/gcc/arm-atollic-eabi/6.3.1/../../../../arm-atollic-eabi/lib/armv7e-m\libc.a(lib_a-lock.o)
                0x080137e8                __retarget_lock_init_recursive
 .text.__retarget_lock_close_recursive
                0x080137ea        0x2 c:/program files (x86)/atollic/truestudio for stm32 9.0.0/armtools/bin/../lib/gcc/arm-atollic-eabi/6.3.1/../../../../arm-atollic-eabi/lib/armv7e-m\libc.a(lib_a-lock.o)
                0x080137ea                __retarget_lock_close_recursive
 .text.__retarget_lock_acquire
                0x080137ec        0x2 c:/program files (x86)/atollic/truestudio for stm32 9.0.0/armtools/bin/../lib/gcc/arm-atollic-eabi/6.3.1/../../../../arm-atollic-eabi/lib/armv7e-m\libc.a(lib_a-lock.o)
                0x080137ec                __retarget_lock_acquire
 .text.__retarget_lock_acquire_recursive
                0x080137ee        0x2 c:/program files (x86)/atollic/truestudio for stm32 9.0.0/armtools/bin/../lib/gcc/arm-atollic-eabi/6.3.1/../../../../arm-atollic-eabi/lib/armv7e-m\libc.a(lib_a-lock.o)
                0x080137ee                __retarget_lock_acquire_recursive
 .text.__retarget_lock_release
                0x080137f0        0x2 c:/program files (x86)/atollic/truestudio for stm32 9.0.0/armtools/bin/../lib/gcc/arm-atollic-eabi/6.3.1/../../../../arm-atollic-eabi/lib/armv7e-m\libc.a(lib_a-lock.o)
                0x080137f0                __retarget_lock_release
 .text.__retarget_lock_release_recursive
                0x080137f2        0x2 c:/program files (x86)/atollic/truestudio for stm32 9.0.0/armtools/bin/../lib/gcc/arm-atollic-eabi/6.3.1/../../../../arm-atollic-eabi/lib/armv7e-m\libc.a(lib_a-lock.o)
                0x080137f2                __retarget_lock_release_recursive
 .text.__swhatbuf_r
                0x080137f4       0x56 c:/program files (x86)/atollic/truestudio for stm32 9.0.0/armtools/bin/../lib/gcc/arm-atollic-eabi/6.3.1/../../../../arm-atollic-eabi/lib/armv7e-m\libc.a(lib_a-makebuf.o)
                0x080137f4                __swhatbuf_r
 *fill*         0x0801384a        0x2 
 .text.__smakebuf_r
                0x0801384c       0x80 c:/program files (x86)/atollic/truestudio for stm32 9.0.0/armtools/bin/../lib/gcc/arm-atollic-eabi/6.3.1/../../../../arm-atollic-eabi/lib/armv7e-m\libc.a(lib_a-makebuf.o)
                0x0801384c                __smakebuf_r
 .text.__ascii_mbtowc
                0x080138cc       0x24 c:/program files (x86)/atollic/truestudio for stm32 9.0.0/armtools/bin/../lib/gcc/arm-atollic-eabi/6.3.1/../../../../arm-atollic-eabi/lib/armv7e-m\libc.a(lib_a-mbtowc_r.o)
                0x080138cc                __ascii_mbtowc
 .text.memmove  0x080138f0       0x34 c:/program files (x86)/atollic/truestudio for stm32 9.0.0/armtools/bin/../lib/gcc/arm-atollic-eabi/6.3.1/../../../../arm-atollic-eabi/lib/armv7e-m\libc.a(lib_a-memmove.o)
                0x080138f0                memmove
 .text._Balloc  0x08013924       0x68 c:/program files (x86)/atollic/truestudio for stm32 9.0.0/armtools/bin/../lib/gcc/arm-atollic-eabi/6.3.1/../../../../arm-atollic-eabi/lib/armv7e-m\libc.a(lib_a-mprec.o)
                0x08013924                _Balloc
 .text._Bfree   0x0801398c       0x2e c:/program files (x86)/atollic/truestudio for stm32 9.0.0/armtools/bin/../lib/gcc/arm-atollic-eabi/6.3.1/../../../../arm-atollic-eabi/lib/armv7e-m\libc.a(lib_a-mprec.o)
                0x0801398c                _Bfree
 .text.__multadd
                0x080139ba       0x76 c:/program files (x86)/atollic/truestudio for stm32 9.0.0/armtools/bin/../lib/gcc/arm-atollic-eabi/6.3.1/../../../../arm-atollic-eabi/lib/armv7e-m\libc.a(lib_a-mprec.o)
                0x080139ba                __multadd
 .text.__s2b    0x08013a30       0x7c c:/program files (x86)/atollic/truestudio for stm32 9.0.0/armtools/bin/../lib/gcc/arm-atollic-eabi/6.3.1/../../../../arm-atollic-eabi/lib/armv7e-m\libc.a(lib_a-mprec.o)
                0x08013a30                __s2b
 .text.__hi0bits
                0x08013aac       0x3e c:/program files (x86)/atollic/truestudio for stm32 9.0.0/armtools/bin/../lib/gcc/arm-atollic-eabi/6.3.1/../../../../arm-atollic-eabi/lib/armv7e-m\libc.a(lib_a-mprec.o)
                0x08013aac                __hi0bits
 .text.__lo0bits
                0x08013aea       0x5e c:/program files (x86)/atollic/truestudio for stm32 9.0.0/armtools/bin/../lib/gcc/arm-atollic-eabi/6.3.1/../../../../arm-atollic-eabi/lib/armv7e-m\libc.a(lib_a-mprec.o)
                0x08013aea                __lo0bits
 .text.__i2b    0x08013b48       0x12 c:/program files (x86)/atollic/truestudio for stm32 9.0.0/armtools/bin/../lib/gcc/arm-atollic-eabi/6.3.1/../../../../arm-atollic-eabi/lib/armv7e-m\libc.a(lib_a-mprec.o)
                0x08013b48                __i2b
 .text.__multiply
                0x08013b5a      0x11a c:/program files (x86)/atollic/truestudio for stm32 9.0.0/armtools/bin/../lib/gcc/arm-atollic-eabi/6.3.1/../../../../arm-atollic-eabi/lib/armv7e-m\libc.a(lib_a-mprec.o)
                0x08013b5a                __multiply
 .text.__pow5mult
                0x08013c74       0x9c c:/program files (x86)/atollic/truestudio for stm32 9.0.0/armtools/bin/../lib/gcc/arm-atollic-eabi/6.3.1/../../../../arm-atollic-eabi/lib/armv7e-m\libc.a(lib_a-mprec.o)
                0x08013c74                __pow5mult
 .text.__lshift
                0x08013d10       0xa2 c:/program files (x86)/atollic/truestudio for stm32 9.0.0/armtools/bin/../lib/gcc/arm-atollic-eabi/6.3.1/../../../../arm-atollic-eabi/lib/armv7e-m\libc.a(lib_a-mprec.o)
                0x08013d10                __lshift
 .text.__mcmp   0x08013db2       0x34 c:/program files (x86)/atollic/truestudio for stm32 9.0.0/armtools/bin/../lib/gcc/arm-atollic-eabi/6.3.1/../../../../arm-atollic-eabi/lib/armv7e-m\libc.a(lib_a-mprec.o)
                0x08013db2                __mcmp
 .text.__mdiff  0x08013de6       0xbc c:/program files (x86)/atollic/truestudio for stm32 9.0.0/armtools/bin/../lib/gcc/arm-atollic-eabi/6.3.1/../../../../arm-atollic-eabi/lib/armv7e-m\libc.a(lib_a-mprec.o)
                0x08013de6                __mdiff
 *fill*         0x08013ea2        0x2 
 .text.__ulp    0x08013ea4       0x48 c:/program files (x86)/atollic/truestudio for stm32 9.0.0/armtools/bin/../lib/gcc/arm-atollic-eabi/6.3.1/../../../../arm-atollic-eabi/lib/armv7e-m\libc.a(lib_a-mprec.o)
                0x08013ea4                __ulp
 .text.__b2d    0x08013eec       0xa4 c:/program files (x86)/atollic/truestudio for stm32 9.0.0/armtools/bin/../lib/gcc/arm-atollic-eabi/6.3.1/../../../../arm-atollic-eabi/lib/armv7e-m\libc.a(lib_a-mprec.o)
                0x08013eec                __b2d
 .text.__d2b    0x08013f90       0x9e c:/program files (x86)/atollic/truestudio for stm32 9.0.0/armtools/bin/../lib/gcc/arm-atollic-eabi/6.3.1/../../../../arm-atollic-eabi/lib/armv7e-m\libc.a(lib_a-mprec.o)
                0x08013f90                __d2b
 .text.__ratio  0x0801402e       0x50 c:/program files (x86)/atollic/truestudio for stm32 9.0.0/armtools/bin/../lib/gcc/arm-atollic-eabi/6.3.1/../../../../arm-atollic-eabi/lib/armv7e-m\libc.a(lib_a-mprec.o)
                0x0801402e                __ratio
 .text.__copybits
                0x0801407e       0x34 c:/program files (x86)/atollic/truestudio for stm32 9.0.0/armtools/bin/../lib/gcc/arm-atollic-eabi/6.3.1/../../../../arm-atollic-eabi/lib/armv7e-m\libc.a(lib_a-mprec.o)
                0x0801407e                __copybits
 .text.__any_on
                0x080140b2       0x42 c:/program files (x86)/atollic/truestudio for stm32 9.0.0/armtools/bin/../lib/gcc/arm-atollic-eabi/6.3.1/../../../../arm-atollic-eabi/lib/armv7e-m\libc.a(lib_a-mprec.o)
                0x080140b2                __any_on
 .text._realloc_r
                0x080140f4      0x300 c:/program files (x86)/atollic/truestudio for stm32 9.0.0/armtools/bin/../lib/gcc/arm-atollic-eabi/6.3.1/../../../../arm-atollic-eabi/lib/armv7e-m\libc.a(lib_a-reallocr.o)
                0x080140f4                _realloc_r
 .text.siscanf  0x080143f4       0x54 c:/program files (x86)/atollic/truestudio for stm32 9.0.0/armtools/bin/../lib/gcc/arm-atollic-eabi/6.3.1/../../../../arm-atollic-eabi/lib/armv7e-m\libc.a(lib_a-siscanf.o)
                0x080143f4                siscanf
 .text.__sread  0x08014448       0x22 c:/program files (x86)/atollic/truestudio for stm32 9.0.0/armtools/bin/../lib/gcc/arm-atollic-eabi/6.3.1/../../../../arm-atollic-eabi/lib/armv7e-m\libc.a(lib_a-stdio.o)
                0x08014448                __sread
 .text.__seofread
                0x0801446a        0x4 c:/program files (x86)/atollic/truestudio for stm32 9.0.0/armtools/bin/../lib/gcc/arm-atollic-eabi/6.3.1/../../../../arm-atollic-eabi/lib/armv7e-m\libc.a(lib_a-stdio.o)
                0x0801446a                __seofread
 .text.__swrite
                0x0801446e       0x38 c:/program files (x86)/atollic/truestudio for stm32 9.0.0/armtools/bin/../lib/gcc/arm-atollic-eabi/6.3.1/../../../../arm-atollic-eabi/lib/armv7e-m\libc.a(lib_a-stdio.o)
                0x0801446e                __swrite
 .text.__sseek  0x080144a6       0x24 c:/program files (x86)/atollic/truestudio for stm32 9.0.0/armtools/bin/../lib/gcc/arm-atollic-eabi/6.3.1/../../../../arm-atollic-eabi/lib/armv7e-m\libc.a(lib_a-stdio.o)
                0x080144a6                __sseek
 .text.__sclose
                0x080144ca        0x8 c:/program files (x86)/atollic/truestudio for stm32 9.0.0/armtools/bin/../lib/gcc/arm-atollic-eabi/6.3.1/../../../../arm-atollic-eabi/lib/armv7e-m\libc.a(lib_a-stdio.o)
                0x080144ca                __sclose
 .text.strcpy   0x080144d2       0x10 c:/program files (x86)/atollic/truestudio for stm32 9.0.0/armtools/bin/../lib/gcc/arm-atollic-eabi/6.3.1/../../../../arm-atollic-eabi/lib/armv7e-m\libc.a(lib_a-strcpy.o)
                0x080144d2                strcpy
 .text.strncmp  0x080144e2       0x24 c:/program files (x86)/atollic/truestudio for stm32 9.0.0/armtools/bin/../lib/gcc/arm-atollic-eabi/6.3.1/../../../../arm-atollic-eabi/lib/armv7e-m\libc.a(lib_a-strncmp.o)
                0x080144e2                strncmp
 .text._strtoul_l.isra.0
                0x08014506       0xfa c:/program files (x86)/atollic/truestudio for stm32 9.0.0/armtools/bin/../lib/gcc/arm-atollic-eabi/6.3.1/../../../../arm-atollic-eabi/lib/armv7e-m\libc.a(lib_a-strtoul.o)
 .text._strtoul_r
                0x08014600       0x24 c:/program files (x86)/atollic/truestudio for stm32 9.0.0/armtools/bin/../lib/gcc/arm-atollic-eabi/6.3.1/../../../../arm-atollic-eabi/lib/armv7e-m\libc.a(lib_a-strtoul.o)
                0x08014600                _strtoul_r
 .text.strtoul  0x08014624       0x2c c:/program files (x86)/atollic/truestudio for stm32 9.0.0/armtools/bin/../lib/gcc/arm-atollic-eabi/6.3.1/../../../../arm-atollic-eabi/lib/armv7e-m\libc.a(lib_a-strtoul.o)
                0x08014624                strtoul
 .text.__ssprint_r