Archive member included to satisfy reference by file (symbol)

c:/program files (x86)/atollic/truestudio for stm32 9.0.0/armtools/bin/../lib/gcc/arm-atollic-eabi/6.3.1/../../../../arm-atollic-eabi/lib/armv7e-m/fpu\libc_nano.a(lib_a-errno.o)
                              Src\syscalls.o (__errno)
c:/program files (x86)/atollic/truestudio for stm32 9.0.0/armtools/bin/../lib/gcc/arm-atollic-eabi/6.3.1/../../../../arm-atollic-eabi/lib/armv7e-m/fpu\libc_nano.a(lib_a-impure.o)
                              c:/program files (x86)/atollic/truestudio for stm32 9.0.0/armtools/bin/../lib/gcc/arm-atollic-eabi/6.3.1/../../../../arm-atollic-eabi/lib/armv7e-m/fpu\libc_nano.a(lib_a-errno.o) (_impure_ptr)
c:/program files (x86)/atollic/truestudio for stm32 9.0.0/armtools/bin/../lib/gcc/arm-atollic-eabi/6.3.1/../../../../arm-atollic-eabi/lib/armv7e-m/fpu\libc_nano.a(lib_a-init.o)
                              startup\startup_stm32l476xx.o (__libc_init_array)
c:/program files (x86)/atollic/truestudio for stm32 9.0.0/armtools/bin/../lib/gcc/arm-atollic-eabi/6.3.1/../../../../arm-atollic-eabi/lib/armv7e-m/fpu\libc_nano.a(lib_a-memset.o)
                              Src\main.o (memset)
c:/program files (x86)/atollic/truestudio for stm32 9.0.0/armtools/bin/../lib/gcc/arm-atollic-eabi/6.3.1/armv7e-m/fpu\libgcc.a(_aeabi_uldivmod.o)
                              Drivers\STM32L4xx_HAL_Driver\Src\stm32l4xx_hal_uart.o (__aeabi_uldivmod)
c:/program files (x86)/atollic/truestudio for stm32 9.0.0/armtools/bin/../lib/gcc/arm-atollic-eabi/6.3.1/armv7e-m/fpu\libgcc.a(_udivmoddi4.o)
                              c:/program files (x86)/atollic/truestudio for stm32 9.0.0/armtools/bin/../lib/gcc/arm-atollic-eabi/6.3.1/armv7e-m/fpu\libgcc.a(_aeabi_uldivmod.o) (__udivmoddi4)
c:/program files (x86)/atollic/truestudio for stm32 9.0.0/armtools/bin/../lib/gcc/arm-atollic-eabi/6.3.1/armv7e-m/fpu\libgcc.a(_dvmd_tls.o)
                              c:/program files (x86)/atollic/truestudio for stm32 9.0.0/armtools/bin/../lib/gcc/arm-atollic-eabi/6.3.1/armv7e-m/fpu\libgcc.a(_aeabi_uldivmod.o) (__aeabi_ldiv0)

Allocating common symbols
Common symbol       size              file

hdma_uart4_rx       0x48              Src\main.o
Recieve_GPS_Data    0x1               Src\main.o
GNSS_LOG_Buffer     0x1f4             Src\main.o
gnss_length         0x4               Src\main.o
uwTick              0x4               Drivers\STM32L4xx_HAL_Driver\Src\stm32l4xx_hal.o
Ack_message         0x1               Src\main.o
GPS_tx_Complete     0x1               Src\main.o
diag                0x8               Src\main.o
RX_COMPLETE_FLAG    0x4               Src\main.o
eTime               0x4               Src\main.o
packet_full         0x1               Src\main.o
GPS_coord           0x8               Src\main.o
DMA_RX_Buffer       0x1f4             Src\main.o
huart4              0x80              Src\main.o
hdma_uart4_tx       0x48              Src\main.o
DMA_TX_Buffer       0x1f4             Src\main.o

Discarded input sections

 .text          0x00000000        0x0 c:/program files (x86)/atollic/truestudio for stm32 9.0.0/armtools/bin/../lib/gcc/arm-atollic-eabi/6.3.1/armv7e-m/fpu/crti.o
 .data          0x00000000        0x0 c:/program files (x86)/atollic/truestudio for stm32 9.0.0/armtools/bin/../lib/gcc/arm-atollic-eabi/6.3.1/armv7e-m/fpu/crti.o
 .bss           0x00000000        0x0 c:/program files (x86)/atollic/truestudio for stm32 9.0.0/armtools/bin/../lib/gcc/arm-atollic-eabi/6.3.1/armv7e-m/fpu/crti.o
 .data          0x00000000        0x4 c:/program files (x86)/atollic/truestudio for stm32 9.0.0/armtools/bin/../lib/gcc/arm-atollic-eabi/6.3.1/armv7e-m/fpu/crtbegin.o
 .data          0x00000000        0x0 Drivers\STM32L4xx_HAL_Driver\Src\stm32l4xx_hal.o
 .bss           0x00000000        0x0 Drivers\STM32L4xx_HAL_Driver\Src\stm32l4xx_hal.o
 .data          0x00000000        0x0 Drivers\STM32L4xx_HAL_Driver\Src\stm32l4xx_hal_cortex.o
 .bss           0x00000000        0x0 Drivers\STM32L4xx_HAL_Driver\Src\stm32l4xx_hal_cortex.o
 .data          0x00000000        0x0 Drivers\STM32L4xx_HAL_Driver\Src\stm32l4xx_hal_dma.o
 .bss           0x00000000        0x0 Drivers\STM32L4xx_HAL_Driver\Src\stm32l4xx_hal_dma.o
 .text          0x00000000        0x0 Drivers\STM32L4xx_HAL_Driver\Src\stm32l4xx_hal_dma_ex.o
 .data          0x00000000        0x0 Drivers\STM32L4xx_HAL_Driver\Src\stm32l4xx_hal_dma_ex.o
 .bss           0x00000000        0x0 Drivers\STM32L4xx_HAL_Driver\Src\stm32l4xx_hal_dma_ex.o
 .debug_info    0x00000000      0x277 Drivers\STM32L4xx_HAL_Driver\Src\stm32l4xx_hal_dma_ex.o
 .debug_abbrev  0x00000000       0xa9 Drivers\STM32L4xx_HAL_Driver\Src\stm32l4xx_hal_dma_ex.o
 .debug_aranges
                0x00000000       0x18 Drivers\STM32L4xx_HAL_Driver\Src\stm32l4xx_hal_dma_ex.o
 .debug_line    0x00000000      0x1d3 Drivers\STM32L4xx_HAL_Driver\Src\stm32l4xx_hal_dma_ex.o
 .debug_str     0x00000000      0x410 Drivers\STM32L4xx_HAL_Driver\Src\stm32l4xx_hal_dma_ex.o
 .comment       0x00000000       0x7d Drivers\STM32L4xx_HAL_Driver\Src\stm32l4xx_hal_dma_ex.o
 .ARM.attributes
                0x00000000       0x39 Drivers\STM32L4xx_HAL_Driver\Src\stm32l4xx_hal_dma_ex.o
 .text          0x00000000      0x5a4 Drivers\STM32L4xx_HAL_Driver\Src\stm32l4xx_hal_exti.o
 .data          0x00000000        0x0 Drivers\STM32L4xx_HAL_Driver\Src\stm32l4xx_hal_exti.o
 .bss           0x00000000        0x0 Drivers\STM32L4xx_HAL_Driver\Src\stm32l4xx_hal_exti.o
 .debug_info    0x00000000      0x850 Drivers\STM32L4xx_HAL_Driver\Src\stm32l4xx_hal_exti.o
 .debug_abbrev  0x00000000      0x19b Drivers\STM32L4xx_HAL_Driver\Src\stm32l4xx_hal_exti.o
 .debug_aranges
                0x00000000       0x20 Drivers\STM32L4xx_HAL_Driver\Src\stm32l4xx_hal_exti.o
 .debug_line    0x00000000      0x2fa Drivers\STM32L4xx_HAL_Driver\Src\stm32l4xx_hal_exti.o
 .debug_str     0x00000000      0x6ab Drivers\STM32L4xx_HAL_Driver\Src\stm32l4xx_hal_exti.o
 .comment       0x00000000       0x7d Drivers\STM32L4xx_HAL_Driver\Src\stm32l4xx_hal_exti.o
 .debug_frame   0x00000000      0x174 Drivers\STM32L4xx_HAL_Driver\Src\stm32l4xx_hal_exti.o
 .ARM.attributes
                0x00000000       0x39 Drivers\STM32L4xx_HAL_Driver\Src\stm32l4xx_hal_exti.o
 .text          0x00000000      0x5cc Drivers\STM32L4xx_HAL_Driver\Src\stm32l4xx_hal_flash.o
 .data          0x00000000        0x0 Drivers\STM32L4xx_HAL_Driver\Src\stm32l4xx_hal_flash.o
 .bss           0x00000000        0x0 Drivers\STM32L4xx_HAL_Driver\Src\stm32l4xx_hal_flash.o
 .data.pFlash   0x00000000       0x20 Drivers\STM32L4xx_HAL_Driver\Src\stm32l4xx_hal_flash.o
 .debug_info    0x00000000      0x757 Drivers\STM32L4xx_HAL_Driver\Src\stm32l4xx_hal_flash.o
 .debug_abbrev  0x00000000      0x2b1 Drivers\STM32L4xx_HAL_Driver\Src\stm32l4xx_hal_flash.o
 .debug_aranges
                0x00000000       0x20 Drivers\STM32L4xx_HAL_Driver\Src\stm32l4xx_hal_flash.o
 .debug_line    0x00000000      0x3ac Drivers\STM32L4xx_HAL_Driver\Src\stm32l4xx_hal_flash.o
 .debug_str     0x00000000      0x6d9 Drivers\STM32L4xx_HAL_Driver\Src\stm32l4xx_hal_flash.o
 .comment       0x00000000       0x7d Drivers\STM32L4xx_HAL_Driver\Src\stm32l4xx_hal_flash.o
 .debug_frame   0x00000000      0x20c Drivers\STM32L4xx_HAL_Driver\Src\stm32l4xx_hal_flash.o
 .ARM.attributes
                0x00000000       0x39 Drivers\STM32L4xx_HAL_Driver\Src\stm32l4xx_hal_flash.o
 .text          0x00000000      0xb5c Drivers\STM32L4xx_HAL_Driver\Src\stm32l4xx_hal_flash_ex.o
 .data          0x00000000        0x0 Drivers\STM32L4xx_HAL_Driver\Src\stm32l4xx_hal_flash_ex.o
 .bss           0x00000000        0x0 Drivers\STM32L4xx_HAL_Driver\Src\stm32l4xx_hal_flash_ex.o
 .debug_info    0x00000000      0x90c Drivers\STM32L4xx_HAL_Driver\Src\stm32l4xx_hal_flash_ex.o
 .debug_abbrev  0x00000000      0x1fc Drivers\STM32L4xx_HAL_Driver\Src\stm32l4xx_hal_flash_ex.o
 .debug_aranges
                0x00000000       0x20 Drivers\STM32L4xx_HAL_Driver\Src\stm32l4xx_hal_flash_ex.o
 .debug_line    0x00000000      0x44a Drivers\STM32L4xx_HAL_Driver\Src\stm32l4xx_hal_flash_ex.o
 .debug_str     0x00000000      0x77c Drivers\STM32L4xx_HAL_Driver\Src\stm32l4xx_hal_flash_ex.o
 .comment       0x00000000       0x7d Drivers\STM32L4xx_HAL_Driver\Src\stm32l4xx_hal_flash_ex.o
 .debug_frame   0x00000000      0x248 Drivers\STM32L4xx_HAL_Driver\Src\stm32l4xx_hal_flash_ex.o
 .ARM.attributes
                0x00000000       0x39 Drivers\STM32L4xx_HAL_Driver\Src\stm32l4xx_hal_flash_ex.o
 .text          0x00000000        0x0 Drivers\STM32L4xx_HAL_Driver\Src\stm32l4xx_hal_flash_ramfunc.o
 .data          0x00000000        0x0 Drivers\STM32L4xx_HAL_Driver\Src\stm32l4xx_hal_flash_ramfunc.o
 .bss           0x00000000        0x0 Drivers\STM32L4xx_HAL_Driver\Src\stm32l4xx_hal_flash_ramfunc.o
 .RamFunc       0x00000000       0x68 Drivers\STM32L4xx_HAL_Driver\Src\stm32l4xx_hal_flash_ramfunc.o
 .debug_info    0x00000000      0x3e7 Drivers\STM32L4xx_HAL_Driver\Src\stm32l4xx_hal_flash_ramfunc.o
 .debug_abbrev  0x00000000       0xff Drivers\STM32L4xx_HAL_Driver\Src\stm32l4xx_hal_flash_ramfunc.o
 .debug_aranges
                0x00000000       0x28 Drivers\STM32L4xx_HAL_Driver\Src\stm32l4xx_hal_flash_ramfunc.o
 .debug_ranges  0x00000000       0x18 Drivers\STM32L4xx_HAL_Driver\Src\stm32l4xx_hal_flash_ramfunc.o
 .debug_line    0x00000000      0x240 Drivers\STM32L4xx_HAL_Driver\Src\stm32l4xx_hal_flash_ramfunc.o
 .debug_str     0x00000000      0x50e Drivers\STM32L4xx_HAL_Driver\Src\stm32l4xx_hal_flash_ramfunc.o
 .comment       0x00000000       0x7d Drivers\STM32L4xx_HAL_Driver\Src\stm32l4xx_hal_flash_ramfunc.o
 .debug_frame   0x00000000       0x50 Drivers\STM32L4xx_HAL_Driver\Src\stm32l4xx_hal_flash_ramfunc.o
 .ARM.attributes
                0x00000000       0x39 Drivers\STM32L4xx_HAL_Driver\Src\stm32l4xx_hal_flash_ramfunc.o
 .data          0x00000000        0x0 Drivers\STM32L4xx_HAL_Driver\Src\stm32l4xx_hal_gpio.o
 .bss           0x00000000        0x0 Drivers\STM32L4xx_HAL_Driver\Src\stm32l4xx_hal_gpio.o
 .text          0x00000000     0x47ec Drivers\STM32L4xx_HAL_Driver\Src\stm32l4xx_hal_i2c.o
 .data          0x00000000        0x0 Drivers\STM32L4xx_HAL_Driver\Src\stm32l4xx_hal_i2c.o
 .bss           0x00000000        0x0 Drivers\STM32L4xx_HAL_Driver\Src\stm32l4xx_hal_i2c.o
 .debug_info    0x00000000     0x2057 Drivers\STM32L4xx_HAL_Driver\Src\stm32l4xx_hal_i2c.o
 .debug_abbrev  0x00000000      0x225 Drivers\STM32L4xx_HAL_Driver\Src\stm32l4xx_hal_i2c.o
 .debug_aranges
                0x00000000       0x20 Drivers\STM32L4xx_HAL_Driver\Src\stm32l4xx_hal_i2c.o
 .debug_line    0x00000000     0x11df Drivers\STM32L4xx_HAL_Driver\Src\stm32l4xx_hal_i2c.o
 .debug_str     0x00000000     0x111a Drivers\STM32L4xx_HAL_Driver\Src\stm32l4xx_hal_i2c.o
 .comment       0x00000000       0x7d Drivers\STM32L4xx_HAL_Driver\Src\stm32l4xx_hal_i2c.o
 .debug_frame   0x00000000      0xbbc Drivers\STM32L4xx_HAL_Driver\Src\stm32l4xx_hal_i2c.o
 .ARM.attributes
                0x00000000       0x39 Drivers\STM32L4xx_HAL_Driver\Src\stm32l4xx_hal_i2c.o
 .text          0x00000000      0x2bc Drivers\STM32L4xx_HAL_Driver\Src\stm32l4xx_hal_i2c_ex.o
 .data          0x00000000        0x0 Drivers\STM32L4xx_HAL_Driver\Src\stm32l4xx_hal_i2c_ex.o
 .bss           0x00000000        0x0 Drivers\STM32L4xx_HAL_Driver\Src\stm32l4xx_hal_i2c_ex.o
 .debug_info    0x00000000      0xb3d Drivers\STM32L4xx_HAL_Driver\Src\stm32l4xx_hal_i2c_ex.o
 .debug_abbrev  0x00000000      0x1b4 Drivers\STM32L4xx_HAL_Driver\Src\stm32l4xx_hal_i2c_ex.o
 .debug_aranges
                0x00000000       0x20 Drivers\STM32L4xx_HAL_Driver\Src\stm32l4xx_hal_i2c_ex.o
 .debug_line    0x00000000      0x355 Drivers\STM32L4xx_HAL_Driver\Src\stm32l4xx_hal_i2c_ex.o
 .debug_str     0x00000000      0xafa Drivers\STM32L4xx_HAL_Driver\Src\stm32l4xx_hal_i2c_ex.o
 .comment       0x00000000       0x7d Drivers\STM32L4xx_HAL_Driver\Src\stm32l4xx_hal_i2c_ex.o
 .debug_frame   0x00000000      0x100 Drivers\STM32L4xx_HAL_Driver\Src\stm32l4xx_hal_i2c_ex.o
 .ARM.attributes
                0x00000000       0x39 Drivers\STM32L4xx_HAL_Driver\Src\stm32l4xx_hal_i2c_ex.o
 .data          0x00000000        0x0 Drivers\STM32L4xx_HAL_Driver\Src\stm32l4xx_hal_pwr.o
 .bss           0x00000000        0x0 Drivers\STM32L4xx_HAL_Driver\Src\stm32l4xx_hal_pwr.o
 .data          0x00000000        0x0 Drivers\STM32L4xx_HAL_Driver\Src\stm32l4xx_hal_pwr_ex.o
 .bss           0x00000000        0x0 Drivers\STM32L4xx_HAL_Driver\Src\stm32l4xx_hal_pwr_ex.o
 .data          0x00000000        0x0 Drivers\STM32L4xx_HAL_Driver\Src\stm32l4xx_hal_rcc.o
 .bss           0x00000000        0x0 Drivers\STM32L4xx_HAL_Driver\Src\stm32l4xx_hal_rcc.o
 .data          0x00000000        0x0 Drivers\STM32L4xx_HAL_Driver\Src\stm32l4xx_hal_rcc_ex.o
 .bss           0x00000000        0x0 Drivers\STM32L4xx_HAL_Driver\Src\stm32l4xx_hal_rcc_ex.o
 .text          0x00000000        0x0 Drivers\STM32L4xx_HAL_Driver\Src\stm32l4xx_hal_tim.o
 .data          0x00000000        0x0 Drivers\STM32L4xx_HAL_Driver\Src\stm32l4xx_hal_tim.o
 .bss           0x00000000        0x0 Drivers\STM32L4xx_HAL_Driver\Src\stm32l4xx_hal_tim.o
 .debug_info    0x00000000      0x277 Drivers\STM32L4xx_HAL_Driver\Src\stm32l4xx_hal_tim.o
 .debug_abbrev  0x00000000       0xa9 Drivers\STM32L4xx_HAL_Driver\Src\stm32l4xx_hal_tim.o
 .debug_aranges
                0x00000000       0x18 Drivers\STM32L4xx_HAL_Driver\Src\stm32l4xx_hal_tim.o
 .debug_line    0x00000000      0x1d3 Drivers\STM32L4xx_HAL_Driver\Src\stm32l4xx_hal_tim.o
 .debug_str     0x00000000      0x40d Drivers\STM32L4xx_HAL_Driver\Src\stm32l4xx_hal_tim.o
 .comment       0x00000000       0x7d Drivers\STM32L4xx_HAL_Driver\Src\stm32l4xx_hal_tim.o
 .ARM.attributes
                0x00000000       0x39 Drivers\STM32L4xx_HAL_Driver\Src\stm32l4xx_hal_tim.o
 .text          0x00000000        0x0 Drivers\STM32L4xx_HAL_Driver\Src\stm32l4xx_hal_tim_ex.o
 .data          0x00000000        0x0 Drivers\STM32L4xx_HAL_Driver\Src\stm32l4xx_hal_tim_ex.o
 .bss           0x00000000        0x0 Drivers\STM32L4xx_HAL_Driver\Src\stm32l4xx_hal_tim_ex.o
 .debug_info    0x00000000      0x277 Drivers\STM32L4xx_HAL_Driver\Src\stm32l4xx_hal_tim_ex.o
 .debug_abbrev  0x00000000       0xa9 Drivers\STM32L4xx_HAL_Driver\Src\stm32l4xx_hal_tim_ex.o
 .debug_aranges
                0x00000000       0x18 Drivers\STM32L4xx_HAL_Driver\Src\stm32l4xx_hal_tim_ex.o
 .debug_line    0x00000000      0x1d3 Drivers\STM32L4xx_HAL_Driver\Src\stm32l4xx_hal_tim_ex.o
 .debug_str     0x00000000      0x410 Drivers\STM32L4xx_HAL_Driver\Src\stm32l4xx_hal_tim_ex.o
 .comment       0x00000000       0x7d Drivers\STM32L4xx_HAL_Driver\Src\stm32l4xx_hal_tim_ex.o
 .ARM.attributes
                0x00000000       0x39 Drivers\STM32L4xx_HAL_Driver\Src\stm32l4xx_hal_tim_ex.o
 .data          0x00000000        0x0 Drivers\STM32L4xx_HAL_Driver\Src\stm32l4xx_hal_uart.o
 .bss           0x00000000        0x0 Drivers\STM32L4xx_HAL_Driver\Src\stm32l4xx_hal_uart.o
 .data          0x00000000        0x0 Drivers\STM32L4xx_HAL_Driver\Src\stm32l4xx_hal_uart_ex.o
 .bss           0x00000000        0x0 Drivers\STM32L4xx_HAL_Driver\Src\stm32l4xx_hal_uart_ex.o
 .data          0x00000000        0x0 Src\main.o
 .bss           0x00000000        0x0 Src\main.o
 .data          0x00000000        0x0 Src\stm32l4xx_hal_msp.o
 .bss           0x00000000        0x0 Src\stm32l4xx_hal_msp.o
 .data          0x00000000        0x0 Src\stm32l4xx_it.o
 .bss           0x00000000        0x0 Src\stm32l4xx_it.o
 .text          0x00000000      0x26c Src\syscalls.o
 .data          0x00000000        0x0 Src\syscalls.o
 .bss           0x00000000        0x0 Src\syscalls.o
 .bss.__env     0x00000000        0x4 Src\syscalls.o
 .data.environ  0x00000000        0x4 Src\syscalls.o
 .bss.heap_end.7010
                0x00000000        0x4 Src\syscalls.o
 .debug_info    0x00000000      0xf16 Src\syscalls.o
 .debug_abbrev  0x00000000      0x271 Src\syscalls.o
 .debug_aranges
                0x00000000       0x20 Src\syscalls.o
 .debug_line    0x00000000      0x2ca Src\syscalls.o
 .debug_str     0x00000000      0x869 Src\syscalls.o
 .comment       0x00000000       0x7d Src\syscalls.o
 .debug_frame   0x00000000      0x2d4 Src\syscalls.o
 .ARM.attributes
                0x00000000       0x39 Src\syscalls.o
 .data          0x00000000        0x0 Src\system_stm32l4xx.o
 .bss           0x00000000        0x0 Src\system_stm32l4xx.o
 .text          0x00000000       0x14 startup\startup_stm32l476xx.o
 .data          0x00000000        0x0 startup\startup_stm32l476xx.o
 .bss           0x00000000        0x0 startup\startup_stm32l476xx.o
 .text          0x00000000        0x0 c:/program files (x86)/atollic/truestudio for stm32 9.0.0/armtools/bin/../lib/gcc/arm-atollic-eabi/6.3.1/../../../../arm-atollic-eabi/lib/armv7e-m/fpu\libc_nano.a(lib_a-errno.o)
 .data          0x00000000        0x0 c:/program files (x86)/atollic/truestudio for stm32 9.0.0/armtools/bin/../lib/gcc/arm-atollic-eabi/6.3.1/../../../../arm-atollic-eabi/lib/armv7e-m/fpu\libc_nano.a(lib_a-errno.o)
 .bss           0x00000000        0x0 c:/program files (x86)/atollic/truestudio for stm32 9.0.0/armtools/bin/../lib/gcc/arm-atollic-eabi/6.3.1/../../../../arm-atollic-eabi/lib/armv7e-m/fpu\libc_nano.a(lib_a-errno.o)
 .text.__errno  0x00000000        0xc c:/program files (x86)/atollic/truestudio for stm32 9.0.0/armtools/bin/../lib/gcc/arm-atollic-eabi/6.3.1/../../../../arm-atollic-eabi/lib/armv7e-m/fpu\libc_nano.a(lib_a-errno.o)
 .debug_frame   0x00000000       0x20 c:/program files (x86)/atollic/truestudio for stm32 9.0.0/armtools/bin/../lib/gcc/arm-atollic-eabi/6.3.1/../../../../arm-atollic-eabi/lib/armv7e-m/fpu\libc_nano.a(lib_a-errno.o)
 .ARM.attributes
                0x00000000       0x34 c:/program files (x86)/atollic/truestudio for stm32 9.0.0/armtools/bin/../lib/gcc/arm-atollic-eabi/6.3.1/../../../../arm-atollic-eabi/lib/armv7e-m/fpu\libc_nano.a(lib_a-errno.o)
 .text          0x00000000        0x0 c:/program files (x86)/atollic/truestudio for stm32 9.0.0/armtools/bin/../lib/gcc/arm-atollic-eabi/6.3.1/../../../../arm-atollic-eabi/lib/armv7e-m/fpu\libc_nano.a(lib_a-impure.o)
 .data          0x00000000        0x0 c:/program files (x86)/atollic/truestudio for stm32 9.0.0/armtools/bin/../lib/gcc/arm-atollic-eabi/6.3.1/../../../../arm-atollic-eabi/lib/armv7e-m/fpu\libc_nano.a(lib_a-impure.o)
 .bss           0x00000000        0x0 c:/program files (x86)/atollic/truestudio for stm32 9.0.0/armtools/bin/../lib/gcc/arm-atollic-eabi/6.3.1/../../../../arm-atollic-eabi/lib/armv7e-m/fpu\libc_nano.a(lib_a-impure.o)
 .data._impure_ptr
                0x00000000        0x4 c:/program files (x86)/atollic/truestudio for stm32 9.0.0/armtools/bin/../lib/gcc/arm-atollic-eabi/6.3.1/../../../../arm-atollic-eabi/lib/armv7e-m/fpu\libc_nano.a(lib_a-impure.o)
 .data.impure_data
                0x00000000       0x60 c:/program files (x86)/atollic/truestudio for stm32 9.0.0/armtools/bin/../lib/gcc/arm-atollic-eabi/6.3.1/../../../../arm-atollic-eabi/lib/armv7e-m/fpu\libc_nano.a(lib_a-impure.o)
 .rodata._global_impure_ptr
                0x00000000        0x4 c:/program files (x86)/atollic/truestudio for stm32 9.0.0/armtools/bin/../lib/gcc/arm-atollic-eabi/6.3.1/../../../../arm-atollic-eabi/lib/armv7e-m/fpu\libc_nano.a(lib_a-impure.o)
 .ARM.attributes
                0x00000000       0x34 c:/program files (x86)/atollic/truestudio for stm32 9.0.0/armtools/bin/../lib/gcc/arm-atollic-eabi/6.3.1/../../../../arm-atollic-eabi/lib/armv7e-m/fpu\libc_nano.a(lib_a-impure.o)
 .text          0x00000000        0x0 c:/program files (x86)/atollic/truestudio for stm32 9.0.0/armtools/bin/../lib/gcc/arm-atollic-eabi/6.3.1/../../../../arm-atollic-eabi/lib/armv7e-m/fpu\libc_nano.a(lib_a-init.o)
 .data          0x00000000        0x0 c:/program files (x86)/atollic/truestudio for stm32 9.0.0/armtools/bin/../lib/gcc/arm-atollic-eabi/6.3.1/../../../../arm-atollic-eabi/lib/armv7e-m/fpu\libc_nano.a(lib_a-init.o)
 .bss           0x00000000        0x0 c:/program files (x86)/atollic/truestudio for stm32 9.0.0/armtools/bin/../lib/gcc/arm-atollic-eabi/6.3.1/../../../../arm-atollic-eabi/lib/armv7e-m/fpu\libc_nano.a(lib_a-init.o)
 .text          0x00000000        0x0 c:/program files (x86)/atollic/truestudio for stm32 9.0.0/armtools/bin/../lib/gcc/arm-atollic-eabi/6.3.1/../../../../arm-atollic-eabi/lib/armv7e-m/fpu\libc_nano.a(lib_a-memset.o)
 .data          0x00000000        0x0 c:/program files (x86)/atollic/truestudio for stm32 9.0.0/armtools/bin/../lib/gcc/arm-atollic-eabi/6.3.1/../../../../arm-atollic-eabi/lib/armv7e-m/fpu\libc_nano.a(lib_a-memset.o)
 .bss           0x00000000        0x0 c:/program files (x86)/atollic/truestudio for stm32 9.0.0/armtools/bin/../lib/gcc/arm-atollic-eabi/6.3.1/../../../../arm-atollic-eabi/lib/armv7e-m/fpu\libc_nano.a(lib_a-memset.o)
 .data          0x00000000        0x0 c:/program files (x86)/atollic/truestudio for stm32 9.0.0/armtools/bin/../lib/gcc/arm-atollic-eabi/6.3.1/armv7e-m/fpu\libgcc.a(_aeabi_uldivmod.o)
 .bss           0x00000000        0x0 c:/program files (x86)/atollic/truestudio for stm32 9.0.0/armtools/bin/../lib/gcc/arm-atollic-eabi/6.3.1/armv7e-m/fpu\libgcc.a(_aeabi_uldivmod.o)
 .data          0x00000000        0x0 c:/program files (x86)/atollic/truestudio for stm32 9.0.0/armtools/bin/../lib/gcc/arm-atollic-eabi/6.3.1/armv7e-m/fpu\libgcc.a(_udivmoddi4.o)
 .bss           0x00000000        0x0 c:/program files (x86)/atollic/truestudio for stm32 9.0.0/armtools/bin/../lib/gcc/arm-atollic-eabi/6.3.1/armv7e-m/fpu\libgcc.a(_udivmoddi4.o)
 .ARM.extab     0x00000000        0x0 c:/program files (x86)/atollic/truestudio for stm32 9.0.0/armtools/bin/../lib/gcc/arm-atollic-eabi/6.3.1/armv7e-m/fpu\libgcc.a(_udivmoddi4.o)
 .data          0x00000000        0x0 c:/program files (x86)/atollic/truestudio for stm32 9.0.0/armtools/bin/../lib/gcc/arm-atollic-eabi/6.3.1/armv7e-m/fpu\libgcc.a(_dvmd_tls.o)
 .bss           0x00000000        0x0 c:/program files (x86)/atollic/truestudio for stm32 9.0.0/armtools/bin/../lib/gcc/arm-atollic-eabi/6.3.1/armv7e-m/fpu\libgcc.a(_dvmd_tls.o)
 .text          0x00000000        0x0 c:/program files (x86)/atollic/truestudio for stm32 9.0.0/armtools/bin/../lib/gcc/arm-atollic-eabi/6.3.1/armv7e-m/fpu/crtend.o
 .data          0x00000000        0x0 c:/program files (x86)/atollic/truestudio for stm32 9.0.0/armtools/bin/../lib/gcc/arm-atollic-eabi/6.3.1/armv7e-m/fpu/crtend.o
 .bss           0x00000000        0x0 c:/program files (x86)/atollic/truestudio for stm32 9.0.0/armtools/bin/../lib/gcc/arm-atollic-eabi/6.3.1/armv7e-m/fpu/crtend.o
 .eh_frame      0x00000000        0x4 c:/program files (x86)/atollic/truestudio for stm32 9.0.0/armtools/bin/../lib/gcc/arm-atollic-eabi/6.3.1/armv7e-m/fpu/crtend.o
 .ARM.attributes
                0x00000000       0x34 c:/program files (x86)/atollic/truestudio for stm32 9.0.0/armtools/bin/../lib/gcc/arm-atollic-eabi/6.3.1/armv7e-m/fpu/crtend.o
 .text          0x00000000        0x0 c:/program files (x86)/atollic/truestudio for stm32 9.0.0/armtools/bin/../lib/gcc/arm-atollic-eabi/6.3.1/armv7e-m/fpu/crtn.o
 .data          0x00000000        0x0 c:/program files (x86)/atollic/truestudio for stm32 9.0.0/armtools/bin/../lib/gcc/arm-atollic-eabi/6.3.1/armv7e-m/fpu/crtn.o
 .bss           0x00000000        0x0 c:/program files (x86)/atollic/truestudio for stm32 9.0.0/armtools/bin/../lib/gcc/arm-atollic-eabi/6.3.1/armv7e-m/fpu/crtn.o

Memory Configuration

Name             Origin             Length             Attributes
RAM              0x20000000         0x00018000         xrw
RAM2             0x10000000         0x00008000         xrw
FLASH            0x08000000         0x00100000         xr
*default*        0x00000000         0xffffffff

Linker script and memory map

LOAD c:/program files (x86)/atollic/truestudio for stm32 9.0.0/armtools/bin/../lib/gcc/arm-atollic-eabi/6.3.1/armv7e-m/fpu/crti.o
LOAD c:/program files (x86)/atollic/truestudio for stm32 9.0.0/armtools/bin/../lib/gcc/arm-atollic-eabi/6.3.1/armv7e-m/fpu/crtbegin.o
LOAD Drivers\STM32L4xx_HAL_Driver\Src\stm32l4xx_hal.o
LOAD Drivers\STM32L4xx_HAL_Driver\Src\stm32l4xx_hal_cortex.o
LOAD Drivers\STM32L4xx_HAL_Driver\Src\stm32l4xx_hal_dma.o
LOAD Drivers\STM32L4xx_HAL_Driver\Src\stm32l4xx_hal_dma_ex.o
LOAD Drivers\STM32L4xx_HAL_Driver\Src\stm32l4xx_hal_exti.o
LOAD Drivers\STM32L4xx_HAL_Driver\Src\stm32l4xx_hal_flash.o
LOAD Drivers\STM32L4xx_HAL_Driver\Src\stm32l4xx_hal_flash_ex.o
LOAD Drivers\STM32L4xx_HAL_Driver\Src\stm32l4xx_hal_flash_ramfunc.o
LOAD Drivers\STM32L4xx_HAL_Driver\Src\stm32l4xx_hal_gpio.o
LOAD Drivers\STM32L4xx_HAL_Driver\Src\stm32l4xx_hal_i2c.o
LOAD Drivers\STM32L4xx_HAL_Driver\Src\stm32l4xx_hal_i2c_ex.o
LOAD Drivers\STM32L4xx_HAL_Driver\Src\stm32l4xx_hal_pwr.o
LOAD Drivers\STM32L4xx_HAL_Driver\Src\stm32l4xx_hal_pwr_ex.o
LOAD Drivers\STM32L4xx_HAL_Driver\Src\stm32l4xx_hal_rcc.o
LOAD Drivers\STM32L4xx_HAL_Driver\Src\stm32l4xx_hal_rcc_ex.o
LOAD Drivers\STM32L4xx_HAL_Driver\Src\stm32l4xx_hal_tim.o
LOAD Drivers\STM32L4xx_HAL_Driver\Src\stm32l4xx_hal_tim_ex.o
LOAD Drivers\STM32L4xx_HAL_Driver\Src\stm32l4xx_hal_uart.o
LOAD Drivers\STM32L4xx_HAL_Driver\Src\stm32l4xx_hal_uart_ex.o
LOAD Src\main.o
LOAD Src\stm32l4xx_hal_msp.o
LOAD Src\stm32l4xx_it.o
LOAD Src\syscalls.o
LOAD Src\system_stm32l4xx.o
LOAD startup\startup_stm32l476xx.o
                0x00000080                malloc_getpagesize_P = 0x80
START GROUP
LOAD c:/program files (x86)/atollic/truestudio for stm32 9.0.0/armtools/bin/../lib/gcc/arm-atollic-eabi/6.3.1/../../../../arm-atollic-eabi/lib/armv7e-m/fpu\libc_nano.a
LOAD c:/program files (x86)/atollic/truestudio for stm32 9.0.0/armtools/bin/../lib/gcc/arm-atollic-eabi/6.3.1/../../../../arm-atollic-eabi/lib/armv7e-m/fpu\libm.a
END GROUP
START GROUP
LOAD c:/program files (x86)/atollic/truestudio for stm32 9.0.0/armtools/bin/../lib/gcc/arm-atollic-eabi/6.3.1/armv7e-m/fpu\libgcc.a
LOAD c:/program files (x86)/atollic/truestudio for stm32 9.0.0/armtools/bin/../lib/gcc/arm-atollic-eabi/6.3.1/../../../../arm-atollic-eabi/lib/armv7e-m/fpu\libc_nano.a
END GROUP
START GROUP
LOAD c:/program files (x86)/atollic/truestudio for stm32 9.0.0/armtools/bin/../lib/gcc/arm-atollic-eabi/6.3.1/armv7e-m/fpu\libgcc.a
LOAD c:/program files (x86)/atollic/truestudio for stm32 9.0.0/armtools/bin/../lib/gcc/arm-atollic-eabi/6.3.1/../../../../arm-atollic-eabi/lib/armv7e-m/fpu\libc_nano.a
LOAD c:/program files (x86)/atollic/truestudio for stm32 9.0.0/armtools/bin/../lib/gcc/arm-atollic-eabi/6.3.1/../../../../arm-atollic-eabi/lib/armv7e-m/fpu\libnosys.a
END GROUP
START GROUP
LOAD c:/program files (x86)/atollic/truestudio for stm32 9.0.0/armtools/bin/../lib/gcc/arm-atollic-eabi/6.3.1/armv7e-m/fpu\libgcc.a
LOAD c:/program files (x86)/atollic/truestudio for stm32 9.0.0/armtools/bin/../lib/gcc/arm-atollic-eabi/6.3.1/../../../../arm-atollic-eabi/lib/armv7e-m/fpu\libc_nano.a
LOAD c:/program files (x86)/atollic/truestudio for stm32 9.0.0/armtools/bin/../lib/gcc/arm-atollic-eabi/6.3.1/../../../../arm-atollic-eabi/lib/armv7e-m/fpu\libnosys.a
END GROUP
LOAD c:/program files (x86)/atollic/truestudio for stm32 9.0.0/armtools/bin/../lib/gcc/arm-atollic-eabi/6.3.1/armv7e-m/fpu/crtend.o
LOAD c:/program files (x86)/atollic/truestudio for stm32 9.0.0/armtools/bin/../lib/gcc/arm-atollic-eabi/6.3.1/armv7e-m/fpu/crtn.o
                0x20018000                _estack = 0x20018000
                0x00000200                _Min_Heap_Size = 0x200
                0x00000400                _Min_Stack_Size = 0x400

.isr_vector     0x08000000      0x188
                0x08000000                . = ALIGN (0x4)
 *(.isr_vector)
 .isr_vector    0x08000000      0x188 startup\startup_stm32l476xx.o
                0x08000000                g_pfnVectors
                0x08000188                . = ALIGN (0x4)

.text           0x08000188     0x8d10
                0x08000188                . = ALIGN (0x4)
 *(.text)
 .text          0x08000188       0x40 c:/program files (x86)/atollic/truestudio for stm32 9.0.0/armtools/bin/../lib/gcc/arm-atollic-eabi/6.3.1/armv7e-m/fpu/crtbegin.o
 .text          0x080001c8      0x524 Drivers\STM32L4xx_HAL_Driver\Src\stm32l4xx_hal.o
                0x080001c8                HAL_Init
                0x08000208                HAL_DeInit
                0x0800026e                HAL_MspDeInit
                0x0800027c                HAL_InitTick
                0x080002f0                HAL_IncTick
                0x08000314                HAL_GetTick
                0x0800032c                HAL_GetTickPrio
                0x08000344                HAL_SetTickFreq
                0x08000388                HAL_GetTickFreq
                0x080003a0                HAL_Delay
                0x080003e4                HAL_SuspendTick
                0x08000404                HAL_ResumeTick
                0x08000424                HAL_GetHalVersion
                0x08000436                HAL_GetREVID
                0x08000450                HAL_GetDEVID
                0x0800046c                HAL_GetUIDw0
                0x08000484                HAL_GetUIDw1
                0x0800049c                HAL_GetUIDw2
                0x080004b4                HAL_DBGMCU_EnableDBGSleepMode
                0x080004d4                HAL_DBGMCU_DisableDBGSleepMode
                0x080004f4                HAL_DBGMCU_EnableDBGStopMode
                0x08000514                HAL_DBGMCU_DisableDBGStopMode
                0x08000534                HAL_DBGMCU_EnableDBGStandbyMode
                0x08000554                HAL_DBGMCU_DisableDBGStandbyMode
                0x08000574                HAL_SYSCFG_SRAM2Erase
                0x0800059c                HAL_SYSCFG_EnableMemorySwappingBank
                0x080005b4                HAL_SYSCFG_DisableMemorySwappingBank
                0x080005cc                HAL_SYSCFG_VREFBUF_VoltageScalingConfig
                0x080005f4                HAL_SYSCFG_VREFBUF_HighImpedanceConfig
                0x0800061c                HAL_SYSCFG_VREFBUF_TrimmingConfig
                0x08000644                HAL_SYSCFG_EnableVREFBUF
                0x0800068c                HAL_SYSCFG_DisableVREFBUF
                0x080006ac                HAL_SYSCFG_EnableIOAnalogSwitchBooster
                0x080006cc                HAL_SYSCFG_DisableIOAnalogSwitchBooster
 .text          0x080006ec      0x658 Drivers\STM32L4xx_HAL_Driver\Src\stm32l4xx_hal_cortex.o
                0x08000aac                HAL_NVIC_SetPriorityGrouping
                0x08000ac2                HAL_NVIC_SetPriority
                0x08000afa                HAL_NVIC_EnableIRQ
                0x08000b16                HAL_NVIC_DisableIRQ
                0x08000b32                HAL_NVIC_SystemReset
                0x08000b3a                HAL_SYSTICK_Config
                0x08000b52                HAL_NVIC_GetPriorityGrouping
                0x08000b60                HAL_NVIC_GetPriority
                0x08000b8c                HAL_NVIC_SetPendingIRQ
                0x08000ba8                HAL_NVIC_GetPendingIRQ
                0x08000bc6                HAL_NVIC_ClearPendingIRQ
                0x08000be2                HAL_NVIC_GetActive
                0x08000c00                HAL_SYSTICK_CLKSourceConfig
                0x08000c38                HAL_SYSTICK_IRQHandler
                0x08000c44                HAL_SYSTICK_Callback
                0x08000c52                HAL_MPU_Disable
                0x08000c80                HAL_MPU_Enable
                0x08000cbc                HAL_MPU_ConfigRegion
 .text          0x08000d44      0x958 Drivers\STM32L4xx_HAL_Driver\Src\stm32l4xx_hal_dma.o
                0x08000d44                HAL_DMA_Init
                0x08000eb4                HAL_DMA_DeInit
                0x08000fd8                HAL_DMA_Start
                0x0800105e                HAL_DMA_Start_IT
                0x0800111e                HAL_DMA_Abort
                0x0800119a                HAL_DMA_Abort_IT
                0x0800121c                HAL_DMA_PollForTransfer
                0x0800136a                HAL_DMA_IRQHandler
                0x080014c8                HAL_DMA_RegisterCallback
                0x0800155a                HAL_DMA_UnRegisterCallback
                0x08001608                HAL_DMA_GetState
                0x08001624                HAL_DMA_GetError
 .text          0x0800169c      0x664 Drivers\STM32L4xx_HAL_Driver\Src\stm32l4xx_hal_gpio.o
                0x0800169c                HAL_GPIO_Init
                0x080019ec                HAL_GPIO_DeInit
                0x08001bd4                HAL_GPIO_ReadPin
                0x08001c04                HAL_GPIO_WritePin
                0x08001c34                HAL_GPIO_TogglePin
                0x08001c66                HAL_GPIO_LockPin
                0x08001cb6                HAL_GPIO_EXTI_IRQHandler
                0x08001ce8                HAL_GPIO_EXTI_Callback
 .text          0x08001d00      0x334 Drivers\STM32L4xx_HAL_Driver\Src\stm32l4xx_hal_pwr.o
                0x08001d00                HAL_PWR_DeInit
                0x08001d2c                HAL_PWR_EnableBkUpAccess
                0x08001d4c                HAL_PWR_DisableBkUpAccess
                0x08001d6c                HAL_PWR_ConfigPVD
                0x08001e2c                HAL_PWR_EnablePVD
                0x08001e4c                HAL_PWR_DisablePVD
                0x08001e6c                HAL_PWR_EnableWakeUpPin
                0x08001eac                HAL_PWR_DisableWakeUpPin
                0x08001ed8                HAL_PWR_EnterSLEEPMode
                0x08001f40                HAL_PWR_EnterSTOPMode
                0x08001f6e                HAL_PWR_EnterSTANDBYMode
                0x08001fa4                HAL_PWR_EnableSleepOnExit
                0x08001fc4                HAL_PWR_DisableSleepOnExit
                0x08001fe4                HAL_PWR_EnableSEVOnPend
                0x08002004                HAL_PWR_DisableSEVOnPend
                0x08002024                HAL_PWR_PVDCallback
 .text          0x08002034      0xcc4 Drivers\STM32L4xx_HAL_Driver\Src\stm32l4xx_hal_pwr_ex.o
                0x08002034                HAL_PWREx_GetVoltageRange
                0x08002050                HAL_PWREx_ControlVoltageScaling
                0x080020fc                HAL_PWREx_EnableBatteryCharging
                0x08002130                HAL_PWREx_DisableBatteryCharging
                0x08002150                HAL_PWREx_EnableVddUSB
                0x08002170                HAL_PWREx_DisableVddUSB
                0x08002190                HAL_PWREx_EnableVddIO2
                0x080021b0                HAL_PWREx_DisableVddIO2
                0x080021d0                HAL_PWREx_EnableInternalWakeUpLine
                0x080021f0                HAL_PWREx_DisableInternalWakeUpLine
                0x08002210                HAL_PWREx_EnableGPIOPullUp
                0x08002358                HAL_PWREx_DisableGPIOPullUp
                0x08002434                HAL_PWREx_EnableGPIOPullDown
                0x0800257c                HAL_PWREx_DisableGPIOPullDown
                0x0800265c                HAL_PWREx_EnablePullUpPullDownConfig
                0x0800267c                HAL_PWREx_DisablePullUpPullDownConfig
                0x0800269c                HAL_PWREx_EnableSRAM2ContentRetention
                0x080026bc                HAL_PWREx_DisableSRAM2ContentRetention
                0x080026dc                HAL_PWREx_EnablePVM1
                0x080026fc                HAL_PWREx_DisablePVM1
                0x0800271c                HAL_PWREx_EnablePVM2
                0x0800273c                HAL_PWREx_DisablePVM2
                0x0800275c                HAL_PWREx_EnablePVM3
                0x0800277c                HAL_PWREx_DisablePVM3
                0x0800279c                HAL_PWREx_EnablePVM4
                0x080027bc                HAL_PWREx_DisablePVM4
                0x080027dc                HAL_PWREx_ConfigPVM
                0x08002a7c                HAL_PWREx_EnableLowPowerRunMode
                0x08002a9c                HAL_PWREx_DisableLowPowerRunMode
                0x08002b0c                HAL_PWREx_EnterSTOP0Mode
                0x08002b60                HAL_PWREx_EnterSTOP1Mode
                0x08002bb8                HAL_PWREx_EnterSTOP2Mode
                0x08002c10                HAL_PWREx_EnterSHUTDOWNMode
                0x08002c44                HAL_PWREx_PVD_PVM_IRQHandler
                0x08002cc0                HAL_PWREx_PVM1Callback
                0x08002cce                HAL_PWREx_PVM2Callback
                0x08002cdc                HAL_PWREx_PVM3Callback
                0x08002cea                HAL_PWREx_PVM4Callback
 .text          0x08002cf8      0xf5c Drivers\STM32L4xx_HAL_Driver\Src\stm32l4xx_hal_rcc.o
                0x08002cf8                HAL_RCC_DeInit
                0x08002e3c                HAL_RCC_OscConfig
                0x0800359c                HAL_RCC_ClockConfig
                0x08003760                HAL_RCC_MCOConfig
                0x080037c8                HAL_RCC_GetSysClockFreq
                0x080038dc                HAL_RCC_GetHCLKFreq
                0x080038f4                HAL_RCC_GetPCLK1Freq
                0x08003920                HAL_RCC_GetPCLK2Freq
                0x0800394c                HAL_RCC_GetOscConfig
                0x08003ad8                HAL_RCC_GetClockConfig
                0x08003b3c                HAL_RCC_EnableCSS
                0x08003b5c                HAL_RCC_NMI_IRQHandler
                0x08003b84                HAL_RCC_CSSCallback
 .text          0x08003c54     0x1b24 Drivers\STM32L4xx_HAL_Driver\Src\stm32l4xx_hal_rcc_ex.o
                0x08003c54                HAL_RCCEx_PeriphCLKConfig
                0x08004220                HAL_RCCEx_GetPeriphCLKConfig
                0x08004400                HAL_RCCEx_GetPeriphCLKFreq
                0x08004cf0                HAL_RCCEx_EnablePLLSAI1
                0x08004dc0                HAL_RCCEx_DisablePLLSAI1
                0x08004e34                HAL_RCCEx_EnablePLLSAI2
                0x08004ef8                HAL_RCCEx_DisablePLLSAI2
                0x08004f6c                HAL_RCCEx_WakeUpStopCLKConfig
                0x08004f94                HAL_RCCEx_StandbyMSIRangeConfig
                0x08004fc4                HAL_RCCEx_EnableLSECSS
                0x08004fe8                HAL_RCCEx_DisableLSECSS
                0x08005018                HAL_RCCEx_EnableLSECSS_IT
                0x08005064                HAL_RCCEx_LSECSS_IRQHandler
                0x0800508c                HAL_RCCEx_LSECSS_Callback
                0x0800509a                HAL_RCCEx_EnableLSCO
                0x0800516c                HAL_RCCEx_DisableLSCO
                0x080051f4                HAL_RCCEx_EnableMSIPLLMode
                0x08005214                HAL_RCCEx_DisableMSIPLLMode
 .text          0x08005778     0x254c Drivers\STM32L4xx_HAL_Driver\Src\stm32l4xx_hal_uart.o
                0x08005778                HAL_UART_Init
                0x08005814                HAL_HalfDuplex_Init
                0x080058c0                HAL_LIN_Init
                0x0800599c                HAL_MultiProcessor_Init
                0x08005a70                HAL_UART_DeInit
                0x08005b02                HAL_UART_Transmit
                0x08005c28                HAL_UART_Receive
                0x08005dc2                HAL_UART_Transmit_IT
                0x08005e78                HAL_UART_Receive_IT
                0x08005fbc                HAL_UART_Transmit_DMA
                0x080060b4                HAL_UART_Receive_DMA
                0x080061bc                HAL_UART_DMAPause
                0x08006264                HAL_UART_DMAResume
                0x080062f0                HAL_UART_DMAStop
                0x080063c6                HAL_UART_Abort
                0x080064e6                HAL_UART_AbortTransmit
                0x0800656e                HAL_UART_AbortReceive
                0x08006622                HAL_UART_Abort_IT
                0x08006794                HAL_UART_AbortTransmit_IT
                0x08006840                HAL_UART_AbortReceive_IT
                0x08006920                HAL_UART_IRQHandler
                0x08006b80                HAL_UART_TxCpltCallback
                0x08006b94                HAL_UART_TxHalfCpltCallback
                0x08006ba8                HAL_UART_RxCpltCallback
                0x08006bbc                HAL_UART_RxHalfCpltCallback
                0x08006bd0                HAL_UART_ErrorCallback
                0x08006be4                HAL_UART_AbortCpltCallback
                0x08006bf8                HAL_UART_AbortTransmitCpltCallback
                0x08006c0c                HAL_UART_AbortReceiveCpltCallback
                0x08006c20                HAL_MultiProcessor_EnableMuteMode
                0x08006c6a                HAL_MultiProcessor_DisableMuteMode
                0x08006cb4                HAL_MultiProcessor_EnterMuteMode
                0x08006cdc                HAL_HalfDuplex_EnableTransmitter
                0x08006d3c                HAL_HalfDuplex_EnableReceiver
                0x08006d9c                HAL_LIN_SendBreak
                0x08006df0                HAL_UART_GetState
                0x08006e16                HAL_UART_GetError
                0x08006e2e                UART_SetConfig
                0x080074a4                UART_AdvFeatureConfig
                0x080075e8                UART_CheckIdleState
                0x08007672                UART_WaitOnFlagUntilTimeout
 .text          0x08007cc4      0x346 Drivers\STM32L4xx_HAL_Driver\Src\stm32l4xx_hal_uart_ex.o
                0x08007cc4                HAL_RS485Ex_Init
                0x08007d92                HAL_UARTEx_WakeupCallback
                0x08007da6                HAL_UARTEx_EnableClockStopMode
                0x08007dea                HAL_UARTEx_DisableClockStopMode
                0x08007e2e                HAL_MultiProcessorEx_AddressLength_Set
                0x08007e8c                HAL_UARTEx_StopModeWakeUpSourceConfig
                0x08007f3e                HAL_UARTEx_EnableStopMode
                0x08007f82                HAL_UARTEx_DisableStopMode
 *fill*         0x0800800a        0x2 
 .text          0x0800800c      0x640 Src\main.o
                0x0800800c                main
                0x08008074                SystemClock_Config
                0x08008338                USART_GPS_IRQHandler
                0x080083ae                DMA_Rx_IRQHandler
                0x0800842c                HAL_USART_Error_Handle
                0x080084e8                UBX_Send_Ack
                0x0800863c                Error_Handler
 .text          0x0800864c      0x1e8 Src\stm32l4xx_hal_msp.o
                0x0800864c                HAL_MspInit
                0x08008694                HAL_UART_MspInit
                0x080087e0                HAL_UART_MspDeInit
 .text          0x08008834       0xb0 Src\stm32l4xx_it.o
                0x08008834                NMI_Handler
                0x08008842                HardFault_Handler
                0x08008848                MemManage_Handler
                0x0800884e                BusFault_Handler
                0x08008854                UsageFault_Handler
                0x0800885a                SVC_Handler
                0x08008868                DebugMon_Handler
                0x08008876                PendSV_Handler
                0x08008884                SysTick_Handler
                0x08008890                UART4_IRQHandler
                0x080088b8                DMA2_Channel3_IRQHandler
                0x080088cc                DMA2_Channel5_IRQHandler
 .text          0x080088e4      0x1e0 Src\system_stm32l4xx.o
                0x080088e4                SystemInit
                0x08008950                SystemCoreClockUpdate
 .text          0x08008ac4       0x30 c:/program files (x86)/atollic/truestudio for stm32 9.0.0/armtools/bin/../lib/gcc/arm-atollic-eabi/6.3.1/armv7e-m/fpu\libgcc.a(_aeabi_uldivmod.o)
                0x08008ac4                __aeabi_uldivmod
 .text          0x08008af4      0x2dc c:/program files (x86)/atollic/truestudio for stm32 9.0.0/armtools/bin/../lib/gcc/arm-atollic-eabi/6.3.1/armv7e-m/fpu\libgcc.a(_udivmoddi4.o)
                0x08008af4                __udivmoddi4
 .text          0x08008dd0        0x4 c:/program files (x86)/atollic/truestudio for stm32 9.0.0/armtools/bin/../lib/gcc/arm-atollic-eabi/6.3.1/armv7e-m/fpu\libgcc.a(_dvmd_tls.o)
                0x08008dd0                __aeabi_idiv0
                0x08008dd0                __aeabi_ldiv0
 *(.text*)
 .text.Reset_Handler
                0x08008dd4       0x50 startup\startup_stm32l476xx.o
                0x08008dd4                Reset_Handler
 .text.Default_Handler
                0x08008e24        0x2 startup\startup_stm32l476xx.o
                0x08008e24                RTC_Alarm_IRQHandler
                0x08008e24                EXTI2_IRQHandler
                0x08008e24                TIM8_TRG_COM_IRQHandler
                0x08008e24                TIM8_CC_IRQHandler
                0x08008e24                TIM1_CC_IRQHandler
                0x08008e24                TSC_IRQHandler
                0x08008e24                TAMP_STAMP_IRQHandler
                0x08008e24                EXTI3_IRQHandler
                0x08008e24                LPTIM2_IRQHandler
                0x08008e24                DFSDM1_FLT1_IRQHandler
                0x08008e24                I2C3_ER_IRQHandler
                0x08008e24                DFSDM1_FLT2_IRQHandler
                0x08008e24                EXTI0_IRQHandler
                0x08008e24                I2C2_EV_IRQHandler
                0x08008e24                CAN1_RX0_IRQHandler
                0x08008e24                FPU_IRQHandler
                0x08008e24                TIM1_UP_TIM16_IRQHandler
                0x08008e24                ADC1_2_IRQHandler
                0x08008e24                SPI1_IRQHandler
                0x08008e24                TIM6_DAC_IRQHandler
                0x08008e24                TIM8_UP_IRQHandler
                0x08008e24                DMA2_Channel2_IRQHandler
                0x08008e24                DMA1_Channel4_IRQHandler
                0x08008e24                SAI2_IRQHandler
                0x08008e24                DFSDM1_FLT3_IRQHandler
                0x08008e24                USART3_IRQHandler
                0x08008e24                DMA1_Channel7_IRQHandler
                0x08008e24                CAN1_RX1_IRQHandler
                0x08008e24                LCD_IRQHandler
                0x08008e24                UART5_IRQHandler
                0x08008e24                ADC3_IRQHandler
                0x08008e24                TIM4_IRQHandler
                0x08008e24                DMA2_Channel1_IRQHandler
                0x08008e24                QUADSPI_IRQHandler
                0x08008e24                I2C1_EV_IRQHandler
                0x08008e24                DMA1_Channel6_IRQHandler
                0x08008e24                DMA2_Channel4_IRQHandler
                0x08008e24                TIM3_IRQHandler
                0x08008e24                RCC_IRQHandler
                0x08008e24                DMA1_Channel1_IRQHandler
                0x08008e24                Default_Handler
                0x08008e24                DMA2_Channel7_IRQHandler
                0x08008e24                EXTI15_10_IRQHandler
                0x08008e24                TIM7_IRQHandler
                0x08008e24                SDMMC1_IRQHandler
                0x08008e24                TIM5_IRQHandler
                0x08008e24                I2C3_EV_IRQHandler
                0x08008e24                EXTI9_5_IRQHandler
                0x08008e24                RTC_WKUP_IRQHandler
                0x08008e24                PVD_PVM_IRQHandler
                0x08008e24                SPI2_IRQHandler
                0x08008e24                CAN1_TX_IRQHandler
                0x08008e24                DMA1_Channel5_IRQHandler
                0x08008e24                EXTI4_IRQHandler
                0x08008e24                RNG_IRQHandler
                0x08008e24                TIM1_TRG_COM_TIM17_IRQHandler
                0x08008e24                DMA1_Channel3_IRQHandler
                0x08008e24                COMP_IRQHandler
                0x08008e24                WWDG_IRQHandler
                0x08008e24                LPUART1_IRQHandler
                0x08008e24                DMA2_Channel6_IRQHandler
                0x08008e24                TIM2_IRQHandler
                0x08008e24                EXTI1_IRQHandler
                0x08008e24                USART2_IRQHandler
                0x08008e24                DFSDM1_FLT0_IRQHandler
                0x08008e24                I2C2_ER_IRQHandler
                0x08008e24                DMA1_Channel2_IRQHandler
                0x08008e24                TIM8_BRK_IRQHandler
                0x08008e24                CAN1_SCE_IRQHandler
                0x08008e24                FLASH_IRQHandler
                0x08008e24                USART1_IRQHandler
                0x08008e24                OTG_FS_IRQHandler
                0x08008e24                SPI3_IRQHandler
                0x08008e24                I2C1_ER_IRQHandler
                0x08008e24                FMC_IRQHandler
                0x08008e24                SWPMI1_IRQHandler
                0x08008e24                LPTIM1_IRQHandler
                0x08008e24                SAI1_IRQHandler
                0x08008e24                TIM1_BRK_TIM15_IRQHandler
 *fill*         0x08008e26        0x2 
 .text.__libc_init_array
                0x08008e28       0x48 c:/program files (x86)/atollic/truestudio for stm32 9.0.0/armtools/bin/../lib/gcc/arm-atollic-eabi/6.3.1/../../../../arm-atollic-eabi/lib/armv7e-m/fpu\libc_nano.a(lib_a-init.o)
                0x08008e28                __libc_init_array
 .text.memset   0x08008e70       0x10 c:/program files (x86)/atollic/truestudio for stm32 9.0.0/armtools/bin/../lib/gcc/arm-atollic-eabi/6.3.1/../../../../arm-atollic-eabi/lib/armv7e-m/fpu\libc_nano.a(lib_a-memset.o)
                0x08008e70                memset
 *(.glue_7)
 .glue_7        0x08008e80        0x0 linker stubs
 *(.glue_7t)
 .glue_7t       0x08008e80        0x0 linker stubs
 *(.eh_frame)
 .eh_frame      0x08008e80        0x0 c:/program files (x86)/atollic/truestudio for stm32 9.0.0/armtools/bin/../lib/gcc/arm-atollic-eabi/6.3.1/armv7e-m/fpu/crtbegin.o
 *(.init)
 .init          0x08008e80        0x4 c:/program files (x86)/atollic/truestudio for stm32 9.0.0/armtools/bin/../lib/gcc/arm-atollic-eabi/6.3.1/armv7e-m/fpu/crti.o
                0x08008e80                _init
 .init          0x08008e84        0x8 c:/program files (x86)/atollic/truestudio for stm32 9.0.0/armtools/bin/../lib/gcc/arm-atollic-eabi/6.3.1/armv7e-m/fpu/crtn.o
 *(.fini)
 .fini          0x08008e8c        0x4 c:/program files (x86)/atollic/truestudio for stm32 9.0.0/armtools/bin/../lib/gcc/arm-atollic-eabi/6.3.1/armv7e-m/fpu/crti.o
                0x08008e8c                _fini
 .fini          0x08008e90        0x8 c:/program files (x86)/atollic/truestudio for stm32 9.0.0/armtools/bin/../lib/gcc/arm-atollic-eabi/6.3.1/armv7e-m/fpu/crtn.o
                0x08008e98                . = ALIGN (0x4)
                0x08008e98                _etext = .

.vfp11_veneer   0x08008e98        0x0
 .vfp11_veneer  0x08008e98        0x0 linker stubs

.v4_bx          0x08008e98        0x0
 .v4_bx         0x08008e98        0x0 linker stubs

.iplt           0x08008e98        0x0
 .iplt          0x08008e98        0x0 c:/program files (x86)/atollic/truestudio for stm32 9.0.0/armtools/bin/../lib/gcc/arm-atollic-eabi/6.3.1/armv7e-m/fpu/crtbegin.o

.rodata         0x08008e98       0x60
                0x08008e98                . = ALIGN (0x4)
 *(.rodata)
 .rodata        0x08008e98       0x15 Src\main.o
 *(.rodata*)
 *fill*         0x08008ead        0x3 
 .rodata.AHBPrescTable
                0x08008eb0       0x10 Src\system_stm32l4xx.o
                0x08008eb0                AHBPrescTable
 .rodata.APBPrescTable
                0x08008ec0        0x8 Src\system_stm32l4xx.o
                0x08008ec0                APBPrescTable
 .rodata.MSIRangeTable
                0x08008ec8       0x30 Src\system_stm32l4xx.o
                0x08008ec8                MSIRangeTable
                0x08008ef8                . = ALIGN (0x4)

.ARM.extab
 *(.ARM.extab* .gnu.linkonce.armextab.*)

.ARM            0x08008ef8        0x8
                0x08008ef8                __exidx_start = .
 *(.ARM.exidx*)
 .ARM.exidx     0x08008ef8        0x8 c:/program files (x86)/atollic/truestudio for stm32 9.0.0/armtools/bin/../lib/gcc/arm-atollic-eabi/6.3.1/armv7e-m/fpu\libgcc.a(_udivmoddi4.o)
                0x08008f00                __exidx_end = .

.rel.dyn        0x08008f00        0x0
 .rel.iplt      0x08008f00        0x0 c:/program files (x86)/atollic/truestudio for stm32 9.0.0/armtools/bin/../lib/gcc/arm-atollic-eabi/6.3.1/armv7e-m/fpu/crtbegin.o

.preinit_array  0x08008f00        0x0
                0x08008f00                PROVIDE (__preinit_array_start, .)
 *(.preinit_array*)
                0x08008f00                PROVIDE (__preinit_array_end, .)

.init_array     0x08008f00        0x4
                0x08008f00                PROVIDE (__init_array_start, .)
 *(SORT(.init_array.*))
 *(.init_array*)
 .init_array    0x08008f00        0x4 c:/program files (x86)/atollic/truestudio for stm32 9.0.0/armtools/bin/../lib/gcc/arm-atollic-eabi/6.3.1/armv7e-m/fpu/crtbegin.o
                0x08008f04                PROVIDE (__init_array_end, .)

.fini_array     0x08008f04        0x4
                [!provide]                PROVIDE (__fini_array_start, .)
 *(SORT(.fini_array.*))
 *(.fini_array*)
 .fini_array    0x08008f04        0x4 c:/program files (x86)/atollic/truestudio for stm32 9.0.0/armtools/bin/../lib/gcc/arm-atollic-eabi/6.3.1/armv7e-m/fpu/crtbegin.o
                [!provide]                PROVIDE (__fini_array_end, .)
                0x08008f08                _sidata = LOADADDR (.data)

.data           0x20000000        0xc load address 0x08008f08
                0x20000000                . = ALIGN (0x4)
                0x20000000                _sdata = .
 *(.data)
 *(.data*)
 .data.uwTickPrio
                0x20000000        0x4 Drivers\STM32L4xx_HAL_Driver\Src\stm32l4xx_hal.o
                0x20000000                uwTickPrio
 .data.uwTickFreq
                0x20000004        0x4 Drivers\STM32L4xx_HAL_Driver\Src\stm32l4xx_hal.o
                0x20000004                uwTickFreq
 .data.SystemCoreClock
                0x20000008        0x4 Src\system_stm32l4xx.o
                0x20000008                SystemCoreClock
                0x2000000c                . = ALIGN (0x4)
                0x2000000c                _edata = .

.igot.plt       0x2000000c        0x0 load address 0x08008f14
 .igot.plt      0x2000000c        0x0 c:/program files (x86)/atollic/truestudio for stm32 9.0.0/armtools/bin/../lib/gcc/arm-atollic-eabi/6.3.1/armv7e-m/fpu/crtbegin.o
                0x2000000c                . = ALIGN (0x4)

.bss            0x2000000c      0x734 load address 0x08008f14
                0x2000000c                _sbss = .
                0x2000000c                __bss_start__ = _sbss
 *(.bss)
 .bss           0x2000000c       0x1c c:/program files (x86)/atollic/truestudio for stm32 9.0.0/armtools/bin/../lib/gcc/arm-atollic-eabi/6.3.1/armv7e-m/fpu/crtbegin.o
 *(.bss*)
 *(COMMON)
 COMMON         0x20000028        0x4 Drivers\STM32L4xx_HAL_Driver\Src\stm32l4xx_hal.o
                0x20000028                uwTick
 COMMON         0x2000002c      0x714 Src\main.o
                0x2000002c                hdma_uart4_rx
                0x20000074                Recieve_GPS_Data
                0x20000078                GNSS_LOG_Buffer
                0x2000026c                gnss_length
                0x20000270                Ack_message
                0x20000271                GPS_tx_Complete
                0x20000274                diag
                0x2000027c                RX_COMPLETE_FLAG
                0x20000280                eTime
                0x20000284                packet_full
                0x20000288                GPS_coord
                0x20000290                DMA_RX_Buffer
                0x20000484                huart4
                0x20000504                hdma_uart4_tx
                0x2000054c                DMA_TX_Buffer
                0x20000740                . = ALIGN (0x4)
                0x20000740                _ebss = .
                0x20000740                __bss_end__ = _ebss

._user_heap_stack
                0x20000740      0x600 load address 0x08008f14
                0x20000740                . = ALIGN (0x4)
                0x20000740                PROVIDE (end, .)
                [!provide]                PROVIDE (_end, .)
                0x20000940                . = (. + _Min_Heap_Size)
 *fill*         0x20000740      0x200 
                0x20000d40                . = (. + _Min_Stack_Size)
 *fill*         0x20000940      0x400 
                0x20000d40                . = ALIGN (0x4)

/DISCARD/
 libc.a(*)
 libm.a(*)
 libgcc.a(*)

.ARM.attributes
                0x00000000       0x30
 *(.ARM.attributes)
 .ARM.attributes
                0x00000000       0x22 c:/program files (x86)/atollic/truestudio for stm32 9.0.0/armtools/bin/../lib/gcc/arm-atollic-eabi/6.3.1/armv7e-m/fpu/crti.o
 .ARM.attributes
                0x00000022       0x34 c:/program files (x86)/atollic/truestudio for stm32 9.0.0/armtools/bin/../lib/gcc/arm-atollic-eabi/6.3.1/armv7e-m/fpu/crtbegin.o
 .ARM.attributes
                0x00000056       0x39 Drivers\STM32L4xx_HAL_Driver\Src\stm32l4xx_hal.o
 .ARM.attributes
                0x0000008f       0x39 Drivers\STM32L4xx_HAL_Driver\Src\stm32l4xx_hal_cortex.o
 .ARM.attributes
                0x000000c8       0x39 Drivers\STM32L4xx_HAL_Driver\Src\stm32l4xx_hal_dma.o
 .ARM.attributes
                0x00000101       0x39 Drivers\STM32L4xx_HAL_Driver\Src\stm32l4xx_hal_gpio.o
 .ARM.attributes
                0x0000013a       0x39 Drivers\STM32L4xx_HAL_Driver\Src\stm32l4xx_hal_pwr.o
 .ARM.attributes
                0x00000173       0x39 Drivers\STM32L4xx_HAL_Driver\Src\stm32l4xx_hal_pwr_ex.o
 .ARM.attributes
                0x000001ac       0x39 Drivers\STM32L4xx_HAL_Driver\Src\stm32l4xx_hal_rcc.o
 .ARM.attributes
                0x000001e5       0x39 Drivers\STM32L4xx_HAL_Driver\Src\stm32l4xx_hal_rcc_ex.o
 .ARM.attributes
                0x0000021e       0x39 Drivers\STM32L4xx_HAL_Driver\Src\stm32l4xx_hal_uart.o
 .ARM.attributes
                0x00000257       0x39 Drivers\STM32L4xx_HAL_Driver\Src\stm32l4xx_hal_uart_ex.o
 .ARM.attributes
                0x00000290       0x39 Src\main.o
 .ARM.attributes
                0x000002c9       0x39 Src\stm32l4xx_hal_msp.o
 .ARM.attributes
                0x00000302       0x39 Src\stm32l4xx_it.o
 .ARM.attributes
                0x0000033b       0x39 Src\system_stm32l4xx.o
 .ARM.attributes
                0x00000374       0x21 startup\startup_stm32l476xx.o
 .ARM.attributes
                0x00000395       0x34 c:/program files (x86)/atollic/truestudio for stm32 9.0.0/armtools/bin/../lib/gcc/arm-atollic-eabi/6.3.1/../../../../arm-atollic-eabi/lib/armv7e-m/fpu\libc_nano.a(lib_a-init.o)
 .ARM.attributes
                0x000003c9       0x34 c:/program files (x86)/atollic/truestudio for stm32 9.0.0/armtools/bin/../lib/gcc/arm-atollic-eabi/6.3.1/../../../../arm-atollic-eabi/lib/armv7e-m/fpu\libc_nano.a(lib_a-memset.o)
 .ARM.attributes
                0x000003fd       0x22 c:/program files (x86)/atollic/truestudio for stm32 9.0.0/armtools/bin/../lib/gcc/arm-atollic-eabi/6.3.1/armv7e-m/fpu\libgcc.a(_aeabi_uldivmod.o)
 .ARM.attributes
                0x0000041f       0x34 c:/program files (x86)/atollic/truestudio for stm32 9.0.0/armtools/bin/../lib/gcc/arm-atollic-eabi/6.3.1/armv7e-m/fpu\libgcc.a(_udivmoddi4.o)
 .ARM.attributes
                0x00000453       0x22 c:/program files (x86)/atollic/truestudio for stm32 9.0.0/armtools/bin/../lib/gcc/arm-atollic-eabi/6.3.1/armv7e-m/fpu\libgcc.a(_dvmd_tls.o)
 .ARM.attributes
                0x00000475       0x22 c:/program files (x86)/atollic/truestudio for stm32 9.0.0/armtools/bin/../lib/gcc/arm-atollic-eabi/6.3.1/armv7e-m/fpu/crtn.o
OUTPUT(Test_GPS_L4.elf elf32-littlearm)

.debug_info     0x00000000     0xc739
 .debug_info    0x00000000      0xcec Drivers\STM32L4xx_HAL_Driver\Src\stm32l4xx_hal.o
 .debug_info    0x00000cec      0xf3a Drivers\STM32L4xx_HAL_Driver\Src\stm32l4xx_hal_cortex.o
 .debug_info    0x00001c26      0x8bd Drivers\STM32L4xx_HAL_Driver\Src\stm32l4xx_hal_dma.o
 .debug_info    0x000024e3      0x980 Drivers\STM32L4xx_HAL_Driver\Src\stm32l4xx_hal_gpio.o
 .debug_info    0x00002e63      0xa5e Drivers\STM32L4xx_HAL_Driver\Src\stm32l4xx_hal_pwr.o
 .debug_info    0x000038c1      0xad9 Drivers\STM32L4xx_HAL_Driver\Src\stm32l4xx_hal_pwr_ex.o
 .debug_info    0x0000439a      0xcfc Drivers\STM32L4xx_HAL_Driver\Src\stm32l4xx_hal_rcc.o
 .debug_info    0x00005096      0xf0e Drivers\STM32L4xx_HAL_Driver\Src\stm32l4xx_hal_rcc_ex.o
 .debug_info    0x00005fa4     0x1772 Drivers\STM32L4xx_HAL_Driver\Src\stm32l4xx_hal_uart.o
 .debug_info    0x00007716      0xa03 Drivers\STM32L4xx_HAL_Driver\Src\stm32l4xx_hal_uart_ex.o
 .debug_info    0x00008119     0x1e0a Src\main.o
 .debug_info    0x00009f23      0xdd4 Src\stm32l4xx_hal_msp.o
 .debug_info    0x0000acf7     0x12b0 Src\stm32l4xx_it.o
 .debug_info    0x0000bfa7      0x6f5 Src\system_stm32l4xx.o
 .debug_info    0x0000c69c       0x9d startup\startup_stm32l476xx.o

.debug_abbrev   0x00000000     0x1bf4
 .debug_abbrev  0x00000000      0x1f6 Drivers\STM32L4xx_HAL_Driver\Src\stm32l4xx_hal.o
 .debug_abbrev  0x000001f6      0x2f5 Drivers\STM32L4xx_HAL_Driver\Src\stm32l4xx_hal_cortex.o
 .debug_abbrev  0x000004eb      0x1d4 Drivers\STM32L4xx_HAL_Driver\Src\stm32l4xx_hal_dma.o
 .debug_abbrev  0x000006bf      0x1bb Drivers\STM32L4xx_HAL_Driver\Src\stm32l4xx_hal_gpio.o
 .debug_abbrev  0x0000087a      0x186 Drivers\STM32L4xx_HAL_Driver\Src\stm32l4xx_hal_pwr.o
 .debug_abbrev  0x00000a00      0x1c6 Drivers\STM32L4xx_HAL_Driver\Src\stm32l4xx_hal_pwr_ex.o
 .debug_abbrev  0x00000bc6      0x240 Drivers\STM32L4xx_HAL_Driver\Src\stm32l4xx_hal_rcc.o
 .debug_abbrev  0x00000e06      0x233 Drivers\STM32L4xx_HAL_Driver\Src\stm32l4xx_hal_rcc_ex.o
 .debug_abbrev  0x00001039      0x200 Drivers\STM32L4xx_HAL_Driver\Src\stm32l4xx_hal_uart.o
 .debug_abbrev  0x00001239      0x1dd Drivers\STM32L4xx_HAL_Driver\Src\stm32l4xx_hal_uart_ex.o
 .debug_abbrev  0x00001416      0x2cf Src\main.o
 .debug_abbrev  0x000016e5      0x190 Src\stm32l4xx_hal_msp.o
 .debug_abbrev  0x00001875      0x222 Src\stm32l4xx_it.o
 .debug_abbrev  0x00001a97      0x14b Src\system_stm32l4xx.o
 .debug_abbrev  0x00001be2       0x12 startup\startup_stm32l476xx.o

.debug_aranges  0x00000000      0x1e8
 .debug_aranges
                0x00000000       0x20 Drivers\STM32L4xx_HAL_Driver\Src\stm32l4xx_hal.o
 .debug_aranges
                0x00000020       0x20 Drivers\STM32L4xx_HAL_Driver\Src\stm32l4xx_hal_cortex.o
 .debug_aranges
                0x00000040       0x20 Drivers\STM32L4xx_HAL_Driver\Src\stm32l4xx_hal_dma.o
 .debug_aranges
                0x00000060       0x20 Drivers\STM32L4xx_HAL_Driver\Src\stm32l4xx_hal_gpio.o
 .debug_aranges
                0x00000080       0x20 Drivers\STM32L4xx_HAL_Driver\Src\stm32l4xx_hal_pwr.o
 .debug_aranges
                0x000000a0       0x20 Drivers\STM32L4xx_HAL_Driver\Src\stm32l4xx_hal_pwr_ex.o
 .debug_aranges
                0x000000c0       0x20 Drivers\STM32L4xx_HAL_Driver\Src\stm32l4xx_hal_rcc.o
 .debug_aranges
                0x000000e0       0x20 Drivers\STM32L4xx_HAL_Driver\Src\stm32l4xx_hal_rcc_ex.o
 .debug_aranges
                0x00000100       0x20 Drivers\STM32L4xx_HAL_Driver\Src\stm32l4xx_hal_uart.o
 .debug_aranges
                0x00000120       0x20 Drivers\STM32L4xx_HAL_Driver\Src\stm32l4xx_hal_uart_ex.o
 .debug_aranges
                0x00000140       0x20 Src\main.o
 .debug_aranges
                0x00000160       0x20 Src\stm32l4xx_hal_msp.o
 .debug_aranges
                0x00000180       0x20 Src\stm32l4xx_it.o
 .debug_aranges
                0x000001a0       0x20 Src\system_stm32l4xx.o
 .debug_aranges
                0x000001c0       0x28 startup\startup_stm32l476xx.o

.debug_line     0x00000000     0x3bc3
 .debug_line    0x00000000      0x2df Drivers\STM32L4xx_HAL_Driver\Src\stm32l4xx_hal.o
 .debug_line    0x000002df      0x3c8 Drivers\STM32L4xx_HAL_Driver\Src\stm32l4xx_hal_cortex.o
 .debug_line    0x000006a7      0x3c4 Drivers\STM32L4xx_HAL_Driver\Src\stm32l4xx_hal_dma.o
 .debug_line    0x00000a6b      0x39d Drivers\STM32L4xx_HAL_Driver\Src\stm32l4xx_hal_gpio.o
 .debug_line    0x00000e08      0x2bd Drivers\STM32L4xx_HAL_Driver\Src\stm32l4xx_hal_pwr.o
 .debug_line    0x000010c5      0x3e4 Drivers\STM32L4xx_HAL_Driver\Src\stm32l4xx_hal_pwr_ex.o
 .debug_line    0x000014a9      0x4ba Drivers\STM32L4xx_HAL_Driver\Src\stm32l4xx_hal_rcc.o
 .debug_line    0x00001963      0x70f Drivers\STM32L4xx_HAL_Driver\Src\stm32l4xx_hal_rcc_ex.o
 .debug_line    0x00002072      0xa4e Drivers\STM32L4xx_HAL_Driver\Src\stm32l4xx_hal_uart.o
 .debug_line    0x00002ac0      0x366 Drivers\STM32L4xx_HAL_Driver\Src\stm32l4xx_hal_uart_ex.o
 .debug_line    0x00002e26      0x4aa Src\main.o
 .debug_line    0x000032d0      0x28f Src\stm32l4xx_hal_msp.o
 .debug_line    0x0000355f      0x39a Src\stm32l4xx_it.o
 .debug_line    0x000038f9      0x24c Src\system_stm32l4xx.o
 .debug_line    0x00003b45       0x7e startup\startup_stm32l476xx.o

.debug_str      0x00000000     0x3ac8
 .debug_str     0x00000000      0xe2c Drivers\STM32L4xx_HAL_Driver\Src\stm32l4xx_hal.o
                                0xec0 (size before relaxing)
 .debug_str     0x00000e2c      0x4e6 Drivers\STM32L4xx_HAL_Driver\Src\stm32l4xx_hal_cortex.o
                                0xe44 (size before relaxing)
 .debug_str     0x00001312      0x3e9 Drivers\STM32L4xx_HAL_Driver\Src\stm32l4xx_hal_dma.o
                                0x849 (size before relaxing)
 .debug_str     0x000016fb      0x1da Drivers\STM32L4xx_HAL_Driver\Src\stm32l4xx_hal_gpio.o
                                0x789 (size before relaxing)
 .debug_str     0x000018d5      0x276 Drivers\STM32L4xx_HAL_Driver\Src\stm32l4xx_hal_pwr.o
                                0x872 (size before relaxing)
 .debug_str     0x00001b4b      0x49a Drivers\STM32L4xx_HAL_Driver\Src\stm32l4xx_hal_pwr_ex.o
                                0x9fa (size before relaxing)
 .debug_str     0x00001fe5      0x35c Drivers\STM32L4xx_HAL_Driver\Src\stm32l4xx_hal_rcc.o
                                0xa30 (size before relaxing)
 .debug_str     0x00002341      0x562 Drivers\STM32L4xx_HAL_Driver\Src\stm32l4xx_hal_rcc_ex.o
                                0xc67 (size before relaxing)
 .debug_str     0x000028a3      0x8ad Drivers\STM32L4xx_HAL_Driver\Src\stm32l4xx_hal_uart.o
                               0x101b (size before relaxing)
 .debug_str     0x00003150      0x19f Drivers\STM32L4xx_HAL_Driver\Src\stm32l4xx_hal_uart_ex.o
                                0x997 (size before relaxing)
 .debug_str     0x000032ef      0x69a Src\main.o
                               0x1929 (size before relaxing)
 .debug_str     0x00003989       0x1b Src\stm32l4xx_hal_msp.o
                                0xe9e (size before relaxing)
 .debug_str     0x000039a4       0xe9 Src\stm32l4xx_it.o
                                0xe50 (size before relaxing)
 .debug_str     0x00003a8d       0x3b Src\system_stm32l4xx.o
                                0x5d7 (size before relaxing)

.comment        0x00000000       0x7c
 .comment       0x00000000       0x7c Drivers\STM32L4xx_HAL_Driver\Src\stm32l4xx_hal.o
                                 0x7d (size before relaxing)
 .comment       0x0000007c       0x7d Drivers\STM32L4xx_HAL_Driver\Src\stm32l4xx_hal_cortex.o
 .comment       0x0000007c       0x7d Drivers\STM32L4xx_HAL_Driver\Src\stm32l4xx_hal_dma.o
 .comment       0x0000007c       0x7d Drivers\STM32L4xx_HAL_Driver\Src\stm32l4xx_hal_gpio.o
 .comment       0x0000007c       0x7d Drivers\STM32L4xx_HAL_Driver\Src\stm32l4xx_hal_pwr.o
 .comment       0x0000007c       0x7d Drivers\STM32L4xx_HAL_Driver\Src\stm32l4xx_hal_pwr_ex.o
 .comment       0x0000007c       0x7d Drivers\STM32L4xx_HAL_Driver\Src\stm32l4xx_hal_rcc.o
 .comment       0x0000007c       0x7d Drivers\STM32L4xx_HAL_Driver\Src\stm32l4xx_hal_rcc_ex.o
 .comment       0x0000007c       0x7d Drivers\STM32L4xx_HAL_Driver\Src\stm32l4xx_hal_uart.o
 .comment       0x0000007c       0x7d Drivers\STM32L4xx_HAL_Driver\Src\stm32l4xx_hal_uart_ex.o
 .comment       0x0000007c       0x7d Src\main.o
 .comment       0x0000007c       0x7d Src\stm32l4xx_hal_msp.o
 .comment       0x0000007c       0x7d Src\stm32l4xx_it.o
 .comment       0x0000007c       0x7d Src\system_stm32l4xx.o

.debug_frame    0x00000000     0x2794
 .debug_frame   0x00000000      0x498 Drivers\STM32L4xx_HAL_Driver\Src\stm32l4xx_hal.o
 .debug_frame   0x00000498      0x498 Drivers\STM32L4xx_HAL_Driver\Src\stm32l4xx_hal_cortex.o
 .debug_frame   0x00000930      0x204 Drivers\STM32L4xx_HAL_Driver\Src\stm32l4xx_hal_dma.o
 .debug_frame   0x00000b34      0x14c Drivers\STM32L4xx_HAL_Driver\Src\stm32l4xx_hal_gpio.o
 .debug_frame   0x00000c80      0x230 Drivers\STM32L4xx_HAL_Driver\Src\stm32l4xx_hal_pwr.o
 .debug_frame   0x00000eb0      0x524 Drivers\STM32L4xx_HAL_Driver\Src\stm32l4xx_hal_pwr_ex.o
 .debug_frame   0x000013d4      0x1f4 Drivers\STM32L4xx_HAL_Driver\Src\stm32l4xx_hal_rcc.o
 .debug_frame   0x000015c8      0x2fc Drivers\STM32L4xx_HAL_Driver\Src\stm32l4xx_hal_rcc_ex.o
 .debug_frame   0x000018c4      0x900 Drivers\STM32L4xx_HAL_Driver\Src\stm32l4xx_hal_uart.o
 .debug_frame   0x000021c4      0x170 Drivers\STM32L4xx_HAL_Driver\Src\stm32l4xx_hal_uart_ex.o
 .debug_frame   0x00002334      0x17c Src\main.o
 .debug_frame   0x000024b0       0x80 Src\stm32l4xx_hal_msp.o
 .debug_frame   0x00002530      0x160 Src\stm32l4xx_it.o
 .debug_frame   0x00002690       0x58 Src\system_stm32l4xx.o
 .debug_frame   0x000026e8       0x2c c:/program files (x86)/atollic/truestudio for stm32 9.0.0/armtools/bin/../lib/gcc/arm-atollic-eabi/6.3.1/../../../../arm-atollic-eabi/lib/armv7e-m/fpu\libc_nano.a(lib_a-init.o)
 .debug_frame   0x00002714       0x20 c:/program files (x86)/atollic/truestudio for stm32 9.0.0/armtools/bin/../lib/gcc/arm-atollic-eabi/6.3.1/../../../../arm-atollic-eabi/lib/armv7e-m/fpu\libc_nano.a(lib_a-memset.o)
 .debug_frame   0x00002734       0x2c c:/program files (x86)/atollic/truestudio for stm32 9.0.0/armtools/bin/../lib/gcc/arm-atollic-eabi/6.3.1/armv7e-m/fpu\libgcc.a(_aeabi_uldivmod.o)
 .debug_frame   0x00002760       0x34 c:/program files (x86)/atollic/truestudio for stm32 9.0.0/armtools/bin/../lib/gcc/arm-atollic-eabi/6.3.1/armv7e-m/fpu\libgcc.a(_udivmoddi4.o)

.debug_ranges   0x00000000       0x20
 .debug_ranges  0x00000000       0x20 startup\startup_stm32l476xx.o
