Archive member included to satisfy reference by file (symbol)

c:/program files (x86)/atollic/truestudio for stm32 9.0.0/armtools/bin/../lib/gcc/arm-atollic-eabi/6.3.1/../../../../arm-atollic-eabi/lib/armv7e-m/fpu\libc_nano.a(lib_a-atof.o)
                              src\GPS.o (atof)
c:/program files (x86)/atollic/truestudio for stm32 9.0.0/armtools/bin/../lib/gcc/arm-atollic-eabi/6.3.1/../../../../arm-atollic-eabi/lib/armv7e-m/fpu\libc_nano.a(lib_a-init.o)
                              src\startup_stm32f4xx.o (__libc_init_array)
c:/program files (x86)/atollic/truestudio for stm32 9.0.0/armtools/bin/../lib/gcc/arm-atollic-eabi/6.3.1/../../../../arm-atollic-eabi/lib/armv7e-m/fpu\libc_nano.a(lib_a-lcltime.o)
                              src\GPS.o (localtime)
c:/program files (x86)/atollic/truestudio for stm32 9.0.0/armtools/bin/../lib/gcc/arm-atollic-eabi/6.3.1/../../../../arm-atollic-eabi/lib/armv7e-m/fpu\libc_nano.a(lib_a-lcltime_r.o)
                              c:/program files (x86)/atollic/truestudio for stm32 9.0.0/armtools/bin/../lib/gcc/arm-atollic-eabi/6.3.1/../../../../arm-atollic-eabi/lib/armv7e-m/fpu\libc_nano.a(lib_a-lcltime.o) (localtime_r)
c:/program files (x86)/atollic/truestudio for stm32 9.0.0/armtools/bin/../lib/gcc/arm-atollic-eabi/6.3.1/../../../../arm-atollic-eabi/lib/armv7e-m/fpu\libc_nano.a(lib_a-malloc.o)
                              SD_CARD\syscall.o (malloc)
c:/program files (x86)/atollic/truestudio for stm32 9.0.0/armtools/bin/../lib/gcc/arm-atollic-eabi/6.3.1/../../../../arm-atollic-eabi/lib/armv7e-m/fpu\libc_nano.a(lib_a-mktime.o)
                              src\GPS.o (mktime)
c:/program files (x86)/atollic/truestudio for stm32 9.0.0/armtools/bin/../lib/gcc/arm-atollic-eabi/6.3.1/../../../../arm-atollic-eabi/lib/armv7e-m/fpu\libc_nano.a(lib_a-month_lengths.o)
                              c:/program files (x86)/atollic/truestudio for stm32 9.0.0/armtools/bin/../lib/gcc/arm-atollic-eabi/6.3.1/../../../../arm-atollic-eabi/lib/armv7e-m/fpu\libc_nano.a(lib_a-lcltime_r.o) (__month_lengths)
c:/program files (x86)/atollic/truestudio for stm32 9.0.0/armtools/bin/../lib/gcc/arm-atollic-eabi/6.3.1/../../../../arm-atollic-eabi/lib/armv7e-m/fpu\libc_nano.a(lib_a-nano-freer.o)
                              c:/program files (x86)/atollic/truestudio for stm32 9.0.0/armtools/bin/../lib/gcc/arm-atollic-eabi/6.3.1/../../../../arm-atollic-eabi/lib/armv7e-m/fpu\libc_nano.a(lib_a-malloc.o) (_free_r)
c:/program files (x86)/atollic/truestudio for stm32 9.0.0/armtools/bin/../lib/gcc/arm-atollic-eabi/6.3.1/../../../../arm-atollic-eabi/lib/armv7e-m/fpu\libc_nano.a(lib_a-nano-mallocr.o)
                              c:/program files (x86)/atollic/truestudio for stm32 9.0.0/armtools/bin/../lib/gcc/arm-atollic-eabi/6.3.1/../../../../arm-atollic-eabi/lib/armv7e-m/fpu\libc_nano.a(lib_a-malloc.o) (_malloc_r)
c:/program files (x86)/atollic/truestudio for stm32 9.0.0/armtools/bin/../lib/gcc/arm-atollic-eabi/6.3.1/../../../../arm-atollic-eabi/lib/armv7e-m/fpu\libc_nano.a(lib_a-reent.o)
                              src\syscalls.o (errno)
c:/program files (x86)/atollic/truestudio for stm32 9.0.0/armtools/bin/../lib/gcc/arm-atollic-eabi/6.3.1/../../../../arm-atollic-eabi/lib/armv7e-m/fpu\libc_nano.a(lib_a-sbrkr.o)
                              c:/program files (x86)/atollic/truestudio for stm32 9.0.0/armtools/bin/../lib/gcc/arm-atollic-eabi/6.3.1/../../../../arm-atollic-eabi/lib/armv7e-m/fpu\libc_nano.a(lib_a-nano-mallocr.o) (_sbrk_r)
c:/program files (x86)/atollic/truestudio for stm32 9.0.0/armtools/bin/../lib/gcc/arm-atollic-eabi/6.3.1/../../../../arm-atollic-eabi/lib/armv7e-m/fpu\libc_nano.a(lib_a-strcmp.o)
                              src\GPS.o (strcmp)
c:/program files (x86)/atollic/truestudio for stm32 9.0.0/armtools/bin/../lib/gcc/arm-atollic-eabi/6.3.1/../../../../arm-atollic-eabi/lib/armv7e-m/fpu\libc_nano.a(lib_a-strcpy.o)
                              SD_CARD\tm_stm32f4_fatfs.o (strcpy)
c:/program files (x86)/atollic/truestudio for stm32 9.0.0/armtools/bin/../lib/gcc/arm-atollic-eabi/6.3.1/../../../../arm-atollic-eabi/lib/armv7e-m/fpu\libc_nano.a(lib_a-strlen.o)
                              SD_CARD\tm_stm32f4_fatfs.o (strlen)
c:/program files (x86)/atollic/truestudio for stm32 9.0.0/armtools/bin/../lib/gcc/arm-atollic-eabi/6.3.1/../../../../arm-atollic-eabi/lib/armv7e-m/fpu\libc_nano.a(lib_a-strtod.o)
                              c:/program files (x86)/atollic/truestudio for stm32 9.0.0/armtools/bin/../lib/gcc/arm-atollic-eabi/6.3.1/../../../../arm-atollic-eabi/lib/armv7e-m/fpu\libc_nano.a(lib_a-atof.o) (strtod)
c:/program files (x86)/atollic/truestudio for stm32 9.0.0/armtools/bin/../lib/gcc/arm-atollic-eabi/6.3.1/../../../../arm-atollic-eabi/lib/armv7e-m/fpu\libc_nano.a(lib_a-strtok.o)
                              src\GPS.o (strtok)
[...]
Memory Configuration

Name             Origin             Length             Attributes
FLASH            0x08000000         0x00100000         xr
RAM              0x20000000         0x00020000         xrw
MEMORY_B1        0x60000000         0x00000000         xr
CCMRAM           0x10000000         0x00010000         rw
*default*        0x00000000         0xffffffff

Linker script and memory map

LOAD c:/program files (x86)/atollic/truestudio for stm32 9.0.0/armtools/bin/../lib/gcc/arm-atollic-eabi/6.3.1/armv7e-m/fpu/crti.o
LOAD c:/program files (x86)/atollic/truestudio for stm32 9.0.0/armtools/bin/../lib/gcc/arm-atollic-eabi/6.3.1/armv7e-m/fpu/crtbegin.o
LOAD Libraries\STM32F4xx_StdPeriph_Driver\src\misc.o
LOAD Libraries\STM32F4xx_StdPeriph_Driver\src\stm32f4xx_adc.o
LOAD Libraries\STM32F4xx_StdPeriph_Driver\src\stm32f4xx_can.o
LOAD Libraries\STM32F4xx_StdPeriph_Driver\src\stm32f4xx_crc.o
LOAD Libraries\STM32F4xx_StdPeriph_Driver\src\stm32f4xx_cryp.o
LOAD Libraries\STM32F4xx_StdPeriph_Driver\src\stm32f4xx_cryp_aes.o
LOAD Libraries\STM32F4xx_StdPeriph_Driver\src\stm32f4xx_cryp_des.o
LOAD Libraries\STM32F4xx_StdPeriph_Driver\src\stm32f4xx_cryp_tdes.o
LOAD Libraries\STM32F4xx_StdPeriph_Driver\src\stm32f4xx_dac.o
LOAD Libraries\STM32F4xx_StdPeriph_Driver\src\stm32f4xx_dbgmcu.o
LOAD Libraries\STM32F4xx_StdPeriph_Driver\src\stm32f4xx_dcmi.o
LOAD Libraries\STM32F4xx_StdPeriph_Driver\src\stm32f4xx_dma.o
LOAD Libraries\STM32F4xx_StdPeriph_Driver\src\stm32f4xx_exti.o
LOAD Libraries\STM32F4xx_StdPeriph_Driver\src\stm32f4xx_flash.o
LOAD Libraries\STM32F4xx_StdPeriph_Driver\src\stm32f4xx_fsmc.o
LOAD Libraries\STM32F4xx_StdPeriph_Driver\src\stm32f4xx_gpio.o
LOAD Libraries\STM32F4xx_StdPeriph_Driver\src\stm32f4xx_hash.o
LOAD Libraries\STM32F4xx_StdPeriph_Driver\src\stm32f4xx_hash_md5.o
LOAD Libraries\STM32F4xx_StdPeriph_Driver\src\stm32f4xx_hash_sha1.o
LOAD Libraries\STM32F4xx_StdPeriph_Driver\src\stm32f4xx_i2c.o
LOAD Libraries\STM32F4xx_StdPeriph_Driver\src\stm32f4xx_iwdg.o
LOAD Libraries\STM32F4xx_StdPeriph_Driver\src\stm32f4xx_pwr.o
LOAD Libraries\STM32F4xx_StdPeriph_Driver\src\stm32f4xx_rcc.o
LOAD Libraries\STM32F4xx_StdPeriph_Driver\src\stm32f4xx_rng.o
LOAD Libraries\STM32F4xx_StdPeriph_Driver\src\stm32f4xx_rtc.o
LOAD Libraries\STM32F4xx_StdPeriph_Driver\src\stm32f4xx_sdio.o
LOAD Libraries\STM32F4xx_StdPeriph_Driver\src\stm32f4xx_spi.o
LOAD Libraries\STM32F4xx_StdPeriph_Driver\src\stm32f4xx_syscfg.o
LOAD Libraries\STM32F4xx_StdPeriph_Driver\src\stm32f4xx_tim.o
LOAD Libraries\STM32F4xx_StdPeriph_Driver\src\stm32f4xx_usart.o
LOAD Libraries\STM32F4xx_StdPeriph_Driver\src\stm32f4xx_wwdg.o
LOAD SD_CARD\ccsbcs.o
LOAD SD_CARD\diskio.o
LOAD SD_CARD\fatfs_sd.o
LOAD SD_CARD\ff.o
LOAD SD_CARD\syscall.o
LOAD SD_CARD\tm_stm32f4_delay.o
LOAD SD_CARD\tm_stm32f4_fatfs.o
LOAD SD_CARD\tm_stm32f4_gpio.o
LOAD SD_CARD\tm_stm32f4_spi.o
LOAD SD_CARD\tm_stm32f4_timer_properties.o
LOAD SD_CARD\unicode.o
LOAD src\GPS.o
LOAD src\SPI.o
LOAD src\main.o
LOAD src\startup_stm32f4xx.o
LOAD src\stm32f4xx_it.o
LOAD src\syscalls.o
LOAD src\system_stm32f4xx.o
LOAD src\tiny_printf.o
LOAD c:/program files (x86)/atollic/truestudio for stm32 9.0.0/armtools/bin/../lib/gcc/arm-atollic-eabi/6.3.1/../../../../arm-atollic-eabi/lib/armv7e-m/fpu\libm.a
                0x00000080                malloc_getpagesize_P = 0x80
START GROUP
LOAD c:/program files (x86)/atollic/truestudio for stm32 9.0.0/armtools/bin/../lib/gcc/arm-atollic-eabi/6.3.1/../../../../arm-atollic-eabi/lib/armv7e-m/fpu\libc_nano.a
LOAD c:/program files (x86)/atollic/truestudio for stm32 9.0.0/armtools/bin/../lib/gcc/arm-atollic-eabi/6.3.1/../../../../arm-atollic-eabi/lib/armv7e-m/fpu\libm.a
END GROUP
START GROUP
LOAD c:/program files (x86)/atollic/truestudio for stm32 9.0.0/armtools/bin/../lib/gcc/arm-atollic-eabi/6.3.1/armv7e-m/fpu\libgcc.a
LOAD c:/program files (x86)/atollic/truestudio for stm32 9.0.0/armtools/bin/../lib/gcc/arm-atollic-eabi/6.3.1/../../../../arm-atollic-eabi/lib/armv7e-m/fpu\libc_nano.a
END GROUP
START GROUP
LOAD c:/program files (x86)/atollic/truestudio for stm32 9.0.0/armtools/bin/../lib/gcc/arm-atollic-eabi/6.3.1/armv7e-m/fpu\libgcc.a
LOAD c:/program files (x86)/atollic/truestudio for stm32 9.0.0/armtools/bin/../lib/gcc/arm-atollic-eabi/6.3.1/../../../../arm-atollic-eabi/lib/armv7e-m/fpu\libc_nano.a
LOAD c:/program files (x86)/atollic/truestudio for stm32 9.0.0/armtools/bin/../lib/gcc/arm-atollic-eabi/6.3.1/../../../../arm-atollic-eabi/lib/armv7e-m/fpu\libnosys.a
END GROUP
START GROUP
LOAD c:/program files (x86)/atollic/truestudio for stm32 9.0.0/armtools/bin/../lib/gcc/arm-atollic-eabi/6.3.1/armv7e-m/fpu\libgcc.a
LOAD c:/program files (x86)/atollic/truestudio for stm32 9.0.0/armtools/bin/../lib/gcc/arm-atollic-eabi/6.3.1/../../../../arm-atollic-eabi/lib/armv7e-m/fpu\libc_nano.a
LOAD c:/program files (x86)/atollic/truestudio for stm32 9.0.0/armtools/bin/../lib/gcc/arm-atollic-eabi/6.3.1/../../../../arm-atollic-eabi/lib/armv7e-m/fpu\libnosys.a
END GROUP
LOAD c:/program files (x86)/atollic/truestudio for stm32 9.0.0/armtools/bin/../lib/gcc/arm-atollic-eabi/6.3.1/armv7e-m/fpu/crtend.o
LOAD c:/program files (x86)/atollic/truestudio for stm32 9.0.0/armtools/bin/../lib/gcc/arm-atollic-eabi/6.3.1/armv7e-m/fpu/crtn.o
                0x20020000                _estack = 0x20020000
                0x00000000                _Min_Heap_Size = 0x0
                0x00000400                _Min_Stack_Size = 0x400

.isr_vector     0x08000000      0x188
                0x08000000                . = ALIGN (0x4)
 *(.isr_vector)
 .isr_vector    0x08000000      0x188 src\startup_stm32f4xx.o
                0x08000000                g_pfnVectors
                0x08000188                . = ALIGN (0x4)

.text           0x08000190     0x9764
                0x08000190                . = ALIGN (0x4)
 *(.text)
 .text          0x08000190       0x40 c:/program files (x86)/atollic/truestudio for stm32 9.0.0/armtools/bin/../lib/gcc/arm-atollic-eabi/6.3.1/armv7e-m/fpu/crtbegin.o
 .text          0x080001d0       0x14 c:/program files (x86)/atollic/truestudio for stm32 9.0.0/armtools/bin/../lib/gcc/arm-atollic-eabi/6.3.1/../../../../arm-atollic-eabi/lib/armv7e-m/fpu\libc_nano.a(lib_a-strcmp.o)
                0x080001d0                strcmp
 .text          0x080001e4       0x10 c:/program files (x86)/atollic/truestudio for stm32 9.0.0/armtools/bin/../lib/gcc/arm-atollic-eabi/6.3.1/../../../../arm-atollic-eabi/lib/armv7e-m/fpu\libc_nano.a(lib_a-strlen.o)
                0x080001e4                strlen
 *fill*         0x080001f4        0xc 
 .text          0x08000200       0xa0 c:/program files (x86)/atollic/truestudio for stm32 9.0.0/armtools/bin/../lib/gcc/arm-atollic-eabi/6.3.1/../../../../arm-atollic-eabi/lib/armv7e-m/fpu\libc_nano.a(lib_a-memchr.o)
                0x08000200                memchr
 .text          0x080002a0      0x370 c:/program files (x86)/atollic/truestudio for stm32 9.0.0/armtools/bin/../lib/gcc/arm-atollic-eabi/6.3.1/armv7e-m/fpu\libgcc.a(_arm_addsubdf3.o)
                0x080002a0                __aeabi_drsub
                0x080002a8                __aeabi_dsub
                0x080002a8                __subdf3
                0x080002ac                __aeabi_dadd
                0x080002ac                __adddf3
                0x08000524                __floatunsidf
                0x08000524                __aeabi_ui2d
                0x08000544                __floatsidf
                0x08000544                __aeabi_i2d
                0x08000568                __aeabi_f2d
                0x08000568                __extendsfdf2
                0x080005a4                __floatundidf
                0x080005a4                __aeabi_ul2d
                0x080005b4                __floatdidf
                0x080005b4                __aeabi_l2d
 .text          0x08000610      0x424 c:/program files (x86)/atollic/truestudio for stm32 9.0.0/armtools/bin/../lib/gcc/arm-atollic-eabi/6.3.1/armv7e-m/fpu\libgcc.a(_arm_muldivdf3.o)
                0x08000610                __aeabi_dmul
                0x08000610                __muldf3
                0x08000864                __divdf3
                0x08000864                __aeabi_ddiv
 .text          0x08000a34      0x110 c:/program files (x86)/atollic/truestudio for stm32 9.0.0/armtools/bin/../lib/gcc/arm-atollic-eabi/6.3.1/armv7e-m/fpu\libgcc.a(_arm_cmpdf2.o)
                0x08000a34                __gtdf2
                0x08000a34                __gedf2
                0x08000a3c                __ltdf2
                0x08000a3c                __ledf2
                0x08000a44                __nedf2
                0x08000a44                __eqdf2
                0x08000a44                __cmpdf2
                0x08000ac0                __aeabi_cdrcmple
                0x08000ad0                __aeabi_cdcmpeq
                0x08000ad0                __aeabi_cdcmple
                0x08000ae0                __aeabi_dcmpeq
                0x08000af4                __aeabi_dcmplt
                0x08000b08                __aeabi_dcmple
                0x08000b1c                __aeabi_dcmpge
                0x08000b30                __aeabi_dcmpgt
 .text          0x08000b44       0x50 c:/program files (x86)/atollic/truestudio for stm32 9.0.0/armtools/bin/../lib/gcc/arm-atollic-eabi/6.3.1/armv7e-m/fpu\libgcc.a(_arm_fixdfsi.o)
                0x08000b44                __aeabi_d2iz
                0x08000b44                __fixdfsi
 .text          0x08000b94       0x40 c:/program files (x86)/atollic/truestudio for stm32 9.0.0/armtools/bin/../lib/gcc/arm-atollic-eabi/6.3.1/armv7e-m/fpu\libgcc.a(_arm_fixunsdfsi.o)
                0x08000b94                __aeabi_d2uiz
                0x08000b94                __fixunsdfsi
 .text          0x08000bd4       0xa0 c:/program files (x86)/atollic/truestudio for stm32 9.0.0/armtools/bin/../lib/gcc/arm-atollic-eabi/6.3.1/armv7e-m/fpu\libgcc.a(_arm_truncdfsf2.o)
                0x08000bd4                __truncdfsf2
                0x08000bd4                __aeabi_d2f
 *(.text*)
 .text.DMA_Cmd  0x08000c74       0x38 Libraries\STM32F4xx_StdPeriph_Driver\src\stm32f4xx_dma.o
                0x08000c74                DMA_Cmd
 .text.DMA_GetCurrDataCounter
                0x08000cac       0x1a Libraries\STM32F4xx_StdPeriph_Driver\src\stm32f4xx_dma.o
                0x08000cac                DMA_GetCurrDataCounter
 .text.DMA_GetCmdStatus
                0x08000cc6       0x30 Libraries\STM32F4xx_StdPeriph_Driver\src\stm32f4xx_dma.o
                0x08000cc6                DMA_GetCmdStatus
 *fill*         0x08000cf6        0x2 
 .text.DMA_GetFlagStatus
                0x08000cf8       0x78 Libraries\STM32F4xx_StdPeriph_Driver\src\stm32f4xx_dma.o
                0x08000cf8                DMA_GetFlagStatus
 .text.DMA_ClearITPendingBit
                0x08000d70       0x5c Libraries\STM32F4xx_StdPeriph_Driver\src\stm32f4xx_dma.o
                0x08000d70                DMA_ClearITPendingBit
 .text.SPI_Init
                0x08000dcc       0x88 Libraries\STM32F4xx_StdPeriph_Driver\src\stm32f4xx_spi.o
                0x08000dcc                SPI_Init
 .text.SPI_StructInit
                0x08000e54       0x4a Libraries\STM32F4xx_StdPeriph_Driver\src\stm32f4xx_spi.o
                0x08000e54                SPI_StructInit
 .text.USART_ReceiveData
                0x08000e9e       0x20 Libraries\STM32F4xx_StdPeriph_Driver\src\stm32f4xx_usart.o
                0x08000e9e                USART_ReceiveData
 .text.USART_GetFlagStatus
                0x08000ebe       0x38 Libraries\STM32F4xx_StdPeriph_Driver\src\stm32f4xx_usart.o
                0x08000ebe                USART_GetFlagStatus
 .text.USART_GetITStatus
                0x08000ef6       0xb6 Libraries\STM32F4xx_StdPeriph_Driver\src\stm32f4xx_usart.o
                0x08000ef6                USART_GetITStatus
 .text.ff_convert
                0x08000fac       0x78 SD_CARD\ccsbcs.o
                0x08000fac                ff_convert
 .text.ff_wtoupper
                0x08001024       0x5c SD_CARD\ccsbcs.o
                0x08001024                ff_wtoupper
 .text.disk_initialize
                0x08001080       0x44 SD_CARD\diskio.o
                0x08001080                disk_initialize
 .text.disk_status
                0x080010c4       0x48 SD_CARD\diskio.o
                0x080010c4                disk_status
 .text.disk_read
                0x0800110c       0x5c SD_CARD\diskio.o
                0x0800110c                disk_read
 .text.disk_write
                0x08001168       0x5c SD_CARD\diskio.o
                0x08001168                disk_write
 .text.disk_ioctl
                0x080011c4       0x54 SD_CARD\diskio.o
                0x080011c4                disk_ioctl
 .text.get_fattime
                0x08001218       0x14 SD_CARD\diskio.o
                0x08001218                get_fattime
 .text.TM_FATFS_USB_disk_initialize
                0x0800122c       0x10 SD_CARD\diskio.o
                0x0800122c                TM_FATFS_USB_disk_initialize
 .text.TM_FATFS_SDRAM_disk_initialize
                0x0800123c       0x10 SD_CARD\diskio.o
                0x0800123c                TM_FATFS_SDRAM_disk_initialize
 .text.TM_FATFS_SPI_FLASH_disk_initialize
                0x0800124c       0x10 SD_CARD\diskio.o
                0x0800124c                TM_FATFS_SPI_FLASH_disk_initialize
 .text.TM_FATFS_USB_disk_status
                0x0800125c       0x10 SD_CARD\diskio.o
                0x0800125c                TM_FATFS_USB_disk_status
 .text.TM_FATFS_SDRAM_disk_status
                0x0800126c       0x10 SD_CARD\diskio.o
                0x0800126c                TM_FATFS_SDRAM_disk_status
 .text.TM_FATFS_SPI_FLASH_disk_status
                0x0800127c       0x10 SD_CARD\diskio.o
                0x0800127c                TM_FATFS_SPI_FLASH_disk_status
 .text.TM_FATFS_USB_disk_ioctl
                0x0800128c       0x1a SD_CARD\diskio.o
                0x0800128c                TM_FATFS_USB_disk_ioctl
 .text.TM_FATFS_SDRAM_disk_ioctl
                0x080012a6       0x1a SD_CARD\diskio.o
                0x080012a6                TM_FATFS_SDRAM_disk_ioctl
 .text.TM_FATFS_SPI_FLASH_disk_ioctl
                0x080012c0       0x1a SD_CARD\diskio.o
                0x080012c0                TM_FATFS_SPI_FLASH_disk_ioctl
 .text.TM_FATFS_USB_disk_read
                0x080012da       0x1a SD_CARD\diskio.o
                0x080012da                TM_FATFS_USB_disk_read
 .text.TM_FATFS_SDRAM_disk_read
                0x080012f4       0x1a SD_CARD\diskio.o
                0x080012f4                TM_FATFS_SDRAM_disk_read
 .text.TM_FATFS_SPI_FLASH_disk_read
                0x0800130e       0x1a SD_CARD\diskio.o
                0x0800130e                TM_FATFS_SPI_FLASH_disk_read
 .text.TM_FATFS_USB_disk_write
                0x08001328       0x1a SD_CARD\diskio.o
                0x08001328                TM_FATFS_USB_disk_write
 .text.TM_FATFS_SDRAM_disk_write
                0x08001342       0x1a SD_CARD\diskio.o
                0x08001342                TM_FATFS_SDRAM_disk_write
 .text.TM_FATFS_SPI_FLASH_disk_write
                0x0800135c       0x1a SD_CARD\diskio.o
                0x0800135c                TM_FATFS_SPI_FLASH_disk_write
 .text.TM_SPI_Send
                0x08001376       0x76 SD_CARD\fatfs_sd.o
 .text.Delayms  0x080013ec       0x58 SD_CARD\fatfs_sd.o
 .text.init_spi
                0x08001444       0x2c SD_CARD\fatfs_sd.o
 .text.rcvr_spi_multi
                0x08001470       0x24 SD_CARD\fatfs_sd.o
 .text.xmit_spi_multi
                0x08001494       0x20 SD_CARD\fatfs_sd.o
 .text.wait_ready
                0x080014b4       0x44 SD_CARD\fatfs_sd.o
 .text.deselect
                0x080014f8       0x20 SD_CARD\fatfs_sd.o
 .text.Select   0x08001518       0x38 SD_CARD\fatfs_sd.o
 .text.rcvr_datablock
                0x08001550       0x60 SD_CARD\fatfs_sd.o
 .text.xmit_datablock
                0x080015b0       0x70 SD_CARD\fatfs_sd.o
 .text.send_cmd
                0x08001620       0xf4 SD_CARD\fatfs_sd.o
 .text.TM_FATFS_InitPins
                0x08001714       0x28 SD_CARD\fatfs_sd.o
                0x08001714                TM_FATFS_InitPins
 .text.TM_FATFS_Detect
                0x0800173c       0x10 SD_CARD\fatfs_sd.o
                0x0800173c                TM_FATFS_Detect
 .text.TM_FATFS_WriteEnabled
                0x0800174c       0x10 SD_CARD\fatfs_sd.o
                0x0800174c                TM_FATFS_WriteEnabled
 .text.TM_FATFS_SD_disk_initialize
                0x0800175c      0x1d0 SD_CARD\fatfs_sd.o
                0x0800175c                TM_FATFS_SD_disk_initialize
 .text.TM_FATFS_SD_disk_status
                0x0800192c       0x4c SD_CARD\fatfs_sd.o
                0x0800192c                TM_FATFS_SD_disk_status
 .text.TM_FATFS_SD_disk_read
                0x08001978       0xc4 SD_CARD\fatfs_sd.o
                0x08001978                TM_FATFS_SD_disk_read
 .text.TM_FATFS_SD_disk_write
                0x08001a3c      0x100 SD_CARD\fatfs_sd.o
                0x08001a3c                TM_FATFS_SD_disk_write
 .text.TM_FATFS_SD_disk_ioctl
                0x08001b3c      0x2e8 SD_CARD\fatfs_sd.o
                0x08001b3c                TM_FATFS_SD_disk_ioctl
 .text.mem_cpy  0x08001e24       0x3c SD_CARD\ff.o
 .text.mem_set  0x08001e60       0x34 SD_CARD\ff.o
 .text.mem_cmp  0x08001e94       0x4e SD_CARD\ff.o
 .text.chk_chr  0x08001ee2       0x36 SD_CARD\ff.o
 .text.sync_window
                0x08001f18       0x88 SD_CARD\ff.o
 .text.move_window
                0x08001fa0       0x5a SD_CARD\ff.o
 .text.sync_fs  0x08001ffa      0x144 SD_CARD\ff.o
 .text.clust2sect
                0x0800213e       0x3e SD_CARD\ff.o
                0x0800213e                clust2sect
 .text.get_fat  0x0800217c      0x172 SD_CARD\ff.o
                0x0800217c                get_fat
 .text.put_fat  0x080022ee      0x212 SD_CARD\ff.o
                0x080022ee                put_fat
 .text.remove_chain
                0x08002500       0xa6 SD_CARD\ff.o
 .text.create_chain
                0x080025a6      0x126 SD_CARD\ff.o
 .text.dir_sdi  0x080026cc       0xfe SD_CARD\ff.o
 .text.dir_next
                0x080027ca      0x1a6 SD_CARD\ff.o
 .text.dir_alloc
                0x08002970       0x8c SD_CARD\ff.o
 .text.ld_clust
                0x080029fc       0x5a SD_CARD\ff.o
 .text.st_clust
                0x08002a56       0x4e SD_CARD\ff.o
 .text.cmp_lfn  0x08002aa4       0xdc SD_CARD\ff.o
 .text.fit_lfn  0x08002b80       0xec SD_CARD\ff.o
 .text.gen_numname
                0x08002c6c      0x11c SD_CARD\ff.o
 .text.sum_sfn  0x08002d88       0x42 SD_CARD\ff.o
 .text.dir_find
                0x08002dca      0x168 SD_CARD\ff.o
 *fill*         0x08002f32        0x2 
 .text.dir_register
                0x08002f34      0x200 SD_CARD\ff.o
 .text.create_name
                0x08003134      0x3f8 SD_CARD\ff.o
 .text.follow_path
                0x0800352c      0x106 SD_CARD\ff.o
 *fill*         0x08003632        0x2 
 .text.get_ldnumber
                0x08003634      0x10c SD_CARD\ff.o
 .text.check_fs
                0x08003740       0xd0 SD_CARD\ff.o
 .text.find_volume
                0x08003810      0x568 SD_CARD\ff.o
 .text.validate
                0x08003d78       0x5a SD_CARD\ff.o
 *fill*         0x08003dd2        0x2 
 .text.f_mount  0x08003dd4       0x88 SD_CARD\ff.o
                0x08003dd4                f_mount
 .text.f_open   0x08003e5c      0x29e SD_CARD\ff.o
                0x08003e5c                f_open
 .text.f_write  0x080040fa      0x2d8 SD_CARD\ff.o
                0x080040fa                f_write
 .text.f_sync   0x080043d2      0x150 SD_CARD\ff.o
                0x080043d2                f_sync
 .text.f_close  0x08004522       0x38 SD_CARD\ff.o
                0x08004522                f_close
 .text.putc_bfd
                0x0800455a       0x7a SD_CARD\ff.o
 .text.f_puts   0x080045d4       0x74 SD_CARD\ff.o
                0x080045d4                f_puts
 .text.ff_memalloc
                0x08004648       0x18 SD_CARD\syscall.o
                0x08004648                ff_memalloc
 .text.ff_memfree
                0x08004660       0x16 SD_CARD\syscall.o
                0x08004660                ff_memfree
 *fill*         0x08004676        0x2 
 .text.NVIC_SetPriority
                0x08004678       0x54 SD_CARD\tm_stm32f4_delay.o
 .text.SysTick_Config
                0x080046cc       0x44 SD_CARD\tm_stm32f4_delay.o
 .text.SysTick_Handler
                0x08004710       0xf0 SD_CARD\tm_stm32f4_delay.o
                0x08004710                SysTick_Handler
 .text.TM_DELAY_Init
                0x08004800       0x50 SD_CARD\tm_stm32f4_delay.o
                0x08004800                TM_DELAY_Init
 .text.TM_GPIO_Init
                0x08004850       0x46 SD_CARD\tm_stm32f4_gpio.o
                0x08004850                TM_GPIO_Init
 .text.TM_GPIO_InitAlternate
                0x08004896       0xa6 SD_CARD\tm_stm32f4_gpio.o
                0x08004896                TM_GPIO_InitAlternate
 .text.TM_GPIO_GetPortSource
                0x0800493c       0x22 SD_CARD\tm_stm32f4_gpio.o
                0x0800493c                TM_GPIO_GetPortSource
 *fill*         0x0800495e        0x2 
 .text.TM_GPIO_INT_EnableClock
                0x08004960       0x30 SD_CARD\tm_stm32f4_gpio.o
                0x08004960                TM_GPIO_INT_EnableClock
 .text.TM_GPIO_INT_Init
                0x08004990      0x10c SD_CARD\tm_stm32f4_gpio.o
                0x08004990                TM_GPIO_INT_Init
 .text.TM_SPI_Init
                0x08004a9c       0x7c SD_CARD\tm_stm32f4_spi.o
                0x08004a9c                TM_SPI_Init
 .text.TM_SPI_WriteMulti
                0x08004b18       0x8a SD_CARD\tm_stm32f4_spi.o
                0x08004b18                TM_SPI_WriteMulti
 .text.TM_SPI_ReadMulti
                0x08004ba2       0x94 SD_CARD\tm_stm32f4_spi.o
                0x08004ba2                TM_SPI_ReadMulti
 .text.TM_SPI_InitCustomPinsCallback
                0x08004c36       0x18 SD_CARD\tm_stm32f4_spi.o
                0x08004c36                TM_SPI_InitCustomPinsCallback
 *fill*         0x08004c4e        0x2 
 .text.TM_SPIx_Init
                0x08004c50      0x11c SD_CARD\tm_stm32f4_spi.o
 .text.TM_SPI1_INT_InitPins
                0x08004d6c       0x60 SD_CARD\tm_stm32f4_spi.o
                0x08004d6c                TM_SPI1_INT_InitPins
 .text.TM_SPI2_INT_InitPins
                0x08004dcc       0x98 SD_CARD\tm_stm32f4_spi.o
                0x08004dcc                TM_SPI2_INT_InitPins
 .text.TM_SPI3_INT_InitPins
                0x08004e64       0x64 SD_CARD\tm_stm32f4_spi.o
                0x08004e64                TM_SPI3_INT_InitPins
 .text.zero_dma_gnss_memory
                0x08004ec8       0x34 src\GPS.o
                0x08004ec8                zero_dma_gnss_memory
 .text.zero_gnss_memory
                0x08004efc       0x34 src\GPS.o
                0x08004efc                zero_gnss_memory
 .text.USART1_IRQHandler
                0x08004f30       0x60 src\GPS.o
                0x08004f30                USART1_IRQHandler
 .text.DMA2_Stream2_IRQHandler
                0x08004f90       0x60 src\GPS.o
                0x08004f90                DMA2_Stream2_IRQHandler
 .text.DMA2_Stream0_IRQHandler
                0x08004ff0       0xf8 src\GPS.o
                0x08004ff0                DMA2_Stream0_IRQHandler
 .text.is_valid
                0x080050e8       0xfc src\GPS.o
                0x080050e8                is_valid
 .text.char_to_hex
                0x080051e4       0x5e src\GPS.o
                0x080051e4                char_to_hex
 *fill*         0x08005242        0x2 
 .text.parse_ZDA
                0x08005244      0x190 src\GPS.o
                0x08005244                parse_ZDA
 .text.Parse_GLL
                0x080053d4      0x130 src\GPS.o
                0x080053d4                Parse_GLL
 .text.parse_GSA
                0x08005504      0x150 src\GPS.o
                0x08005504                parse_GSA
 .text.main     0x08005654       0x98 src\main.o
                0x08005654                main
 .text.Reset_Handler
                0x080056ec       0x48 src\startup_stm32f4xx.o
                0x080056ec                Reset_Handler
 .text.Default_Handler
                0x08005734        0x2 src\startup_stm32f4xx.o
                0x08005734                RTC_Alarm_IRQHandler
                0x08005734                HASH_RNG_IRQHandler
                0x08005734                EXTI2_IRQHandler
                0x08005734                TIM8_CC_IRQHandler
                0x08005734                TIM1_CC_IRQHandler
                0x08005734                DMA2_Stream5_IRQHandler
                0x08005734                DMA1_Stream5_IRQHandler
                0x08005734                PVD_IRQHandler
                0x08005734                SDIO_IRQHandler
                0x08005734                TAMP_STAMP_IRQHandler
                0x08005734                CAN2_RX1_IRQHandler
                0x08005734                EXTI3_IRQHandler
                0x08005734                TIM8_TRG_COM_TIM14_IRQHandler
                0x08005734                TIM1_UP_TIM10_IRQHandler
                0x08005734                TIM8_UP_TIM13_IRQHandler
                0x08005734                I2C3_ER_IRQHandler
                0x08005734                EXTI0_IRQHandler
                0x08005734                I2C2_EV_IRQHandler
                0x08005734                DMA1_Stream2_IRQHandler
                0x08005734                CAN1_RX0_IRQHandler
                0x08005734                FPU_IRQHandler
                0x08005734                OTG_HS_WKUP_IRQHandler
                0x08005734                CAN2_SCE_IRQHandler
                0x08005734                SPI1_IRQHandler
                0x08005734                TIM6_DAC_IRQHandler
                0x08005734                TIM1_BRK_TIM9_IRQHandler
                0x08005734                DCMI_IRQHandler
                0x08005734                CAN2_RX0_IRQHandler
                0x08005734                DMA2_Stream3_IRQHandler
                0x08005734                USART6_IRQHandler
                0x08005734                USART3_IRQHandler
                0x08005734                CRYP_IRQHandler
                0x08005734                CAN1_RX1_IRQHandler
                0x08005734                UART5_IRQHandler
                0x08005734                TIM4_IRQHandler
                0x08005734                I2C1_EV_IRQHandler
                0x08005734                DMA1_Stream6_IRQHandler
                0x08005734                DMA1_Stream1_IRQHandler
                0x08005734                UART4_IRQHandler
                0x08005734                TIM3_IRQHandler
                0x08005734                RCC_IRQHandler
                0x08005734                TIM8_BRK_TIM12_IRQHandler
                0x08005734                Default_Handler
                0x08005734                EXTI15_10_IRQHandler
                0x08005734                ADC_IRQHandler
                0x08005734                DMA1_Stream7_IRQHandler
                0x08005734                TIM7_IRQHandler
                0x08005734                CAN2_TX_IRQHandler
                0x08005734                TIM5_IRQHandler
                0x08005734                DMA2_Stream7_IRQHandler
                0x08005734                I2C3_EV_IRQHandler
                0x08005734                EXTI9_5_IRQHandler
                0x08005734                RTC_WKUP_IRQHandler
                0x08005734                ETH_WKUP_IRQHandler
                0x08005734                SPI2_IRQHandler
                0x08005734                OTG_HS_EP1_IN_IRQHandler
                0x08005734                DMA1_Stream0_IRQHandler
                0x08005734                CAN1_TX_IRQHandler
                0x08005734                EXTI4_IRQHandler
                0x08005734                FSMC_IRQHandler
                0x08005734                ETH_IRQHandler
                0x08005734                OTG_HS_EP1_OUT_IRQHandler
                0x08005734                WWDG_IRQHandler
                0x08005734                TIM2_IRQHandler
                0x08005734                OTG_FS_WKUP_IRQHandler
                0x08005734                TIM1_TRG_COM_TIM11_IRQHandler
                0x08005734                OTG_HS_IRQHandler
                0x08005734                EXTI1_IRQHandler
                0x08005734                USART2_IRQHandler
                0x08005734                I2C2_ER_IRQHandler
                0x08005734                DMA2_Stream1_IRQHandler
                0x08005734                CAN1_SCE_IRQHandler
                0x08005734                FLASH_IRQHandler
                0x08005734                DMA2_Stream4_IRQHandler
                0x08005734                OTG_FS_IRQHandler
                0x08005734                SPI3_IRQHandler
                0x08005734                DMA1_Stream4_IRQHandler
                0x08005734                I2C1_ER_IRQHandler
                0x08005734                DMA2_Stream6_IRQHandler
                0x08005734                DMA1_Stream3_IRQHandler
 .text.NMI_Handler
                0x08005736        0xe src\stm32f4xx_it.o
                0x08005736                NMI_Handler
 .text.HardFault_Handler
                0x08005744        0x6 src\stm32f4xx_it.o
                0x08005744                HardFault_Handler
 .text.MemManage_Handler
                0x0800574a        0x6 src\stm32f4xx_it.o
                0x0800574a                MemManage_Handler
 .text.BusFault_Handler
                0x08005750        0x6 src\stm32f4xx_it.o
                0x08005750                BusFault_Handler
 .text.UsageFault_Handler
                0x08005756        0x6 src\stm32f4xx_it.o
                0x08005756                UsageFault_Handler
 .text.SVC_Handler
                0x0800575c        0xe src\stm32f4xx_it.o
                0x0800575c                SVC_Handler
 .text.DebugMon_Handler
                0x0800576a        0xe src\stm32f4xx_it.o
                0x0800576a                DebugMon_Handler
 .text.PendSV_Handler
                0x08005778        0xe src\stm32f4xx_it.o
                0x08005778                PendSV_Handler
 *fill*         0x08005786        0x2 
 .text._sbrk    0x08005788       0x5c src\syscalls.o
                0x08005788                _sbrk
 .text.SystemInit
                0x080057e4       0x6c src\system_stm32f4xx.o
                0x080057e4                SystemInit
 .text.SetSysClock
                0x08005850       0xf8 src\system_stm32f4xx.o
 .text.atof     0x08005948        0x6 c:/program files (x86)/atollic/truestudio for stm32 9.0.0/armtools/bin/../lib/gcc/arm-atollic-eabi/6.3.1/../../../../arm-atollic-eabi/lib/armv7e-m/fpu\libc_nano.a(lib_a-atof.o)
                0x08005948                atof
 *fill*         0x0800594e        0x2 
 .text.__libc_init_array
                0x08005950       0x48 c:/program files (x86)/atollic/truestudio for stm32 9.0.0/armtools/bin/../lib/gcc/arm-atollic-eabi/6.3.1/../../../../arm-atollic-eabi/lib/armv7e-m/fpu\libc_nano.a(lib_a-init.o)
                0x08005950                __libc_init_array
 .text.localtime
                0x08005998       0x24 c:/program files (x86)/atollic/truestudio for stm32 9.0.0/armtools/bin/../lib/gcc/arm-atollic-eabi/6.3.1/../../../../arm-atollic-eabi/lib/armv7e-m/fpu\libc_nano.a(lib_a-lcltime.o)
                0x08005998                localtime
 .text.localtime_r
                0x080059bc      0x1c8 c:/program files (x86)/atollic/truestudio for stm32 9.0.0/armtools/bin/../lib/gcc/arm-atollic-eabi/6.3.1/../../../../arm-atollic-eabi/lib/armv7e-m/fpu\libc_nano.a(lib_a-lcltime_r.o)
                0x080059bc                localtime_r
 .text.malloc   0x08005b84       0x10 c:/program files (x86)/atollic/truestudio for stm32 9.0.0/armtools/bin/../lib/gcc/arm-atollic-eabi/6.3.1/../../../../arm-atollic-eabi/lib/armv7e-m/fpu\libc_nano.a(lib_a-malloc.o)
                0x08005b84                malloc
 .text.free     0x08005b94       0x10 c:/program files (x86)/atollic/truestudio for stm32 9.0.0/armtools/bin/../lib/gcc/arm-atollic-eabi/6.3.1/../../../../arm-atollic-eabi/lib/armv7e-m/fpu\libc_nano.a(lib_a-malloc.o)
                0x08005b94                free
 .text.validate_structure
                0x08005ba4      0x1c0 c:/program files (x86)/atollic/truestudio for stm32 9.0.0/armtools/bin/../lib/gcc/arm-atollic-eabi/6.3.1/../../../../arm-atollic-eabi/lib/armv7e-m/fpu\libc_nano.a(lib_a-mktime.o)
 .text.mktime   0x08005d64      0x2f8 c:/program files (x86)/atollic/truestudio for stm32 9.0.0/armtools/bin/../lib/gcc/arm-atollic-eabi/6.3.1/../../../../arm-atollic-eabi/lib/armv7e-m/fpu\libc_nano.a(lib_a-mktime.o)
                0x08005d64                mktime
 .text._free_r  0x0800605c       0x9c c:/program files (x86)/atollic/truestudio for stm32 9.0.0/armtools/bin/../lib/gcc/arm-atollic-eabi/6.3.1/../../../../arm-atollic-eabi/lib/armv7e-m/fpu\libc_nano.a(lib_a-nano-freer.o)
                0x0800605c                _free_r
 .text._malloc_r
                0x080060f8       0xbc c:/program files (x86)/atollic/truestudio for stm32 9.0.0/armtools/bin/../lib/gcc/arm-atollic-eabi/6.3.1/../../../../arm-atollic-eabi/lib/armv7e-m/fpu\libc_nano.a(lib_a-nano-mallocr.o)
                0x080060f8                _malloc_r
 .text._sbrk_r  0x080061b4       0x20 c:/program files (x86)/atollic/truestudio for stm32 9.0.0/armtools/bin/../lib/gcc/arm-atollic-eabi/6.3.1/../../../../arm-atollic-eabi/lib/armv7e-m/fpu\libc_nano.a(lib_a-sbrkr.o)
                0x080061b4                _sbrk_r
 .text.strcpy   0x080061d4       0x10 c:/program files (x86)/atollic/truestudio for stm32 9.0.0/armtools/bin/../lib/gcc/arm-atollic-eabi/6.3.1/../../../../arm-atollic-eabi/lib/armv7e-m/fpu\libc_nano.a(lib_a-strcpy.o)
                0x080061d4                strcpy
 .text.unlikely.sulp
                0x080061e4       0x38 c:/program files (x86)/atollic/truestudio for stm32 9.0.0/armtools/bin/../lib/gcc/arm-atollic-eabi/6.3.1/../../../../arm-atollic-eabi/lib/armv7e-m/fpu\libc_nano.a(lib_a-strtod.o)
 *fill*         0x0800621c        0x4 
 .text._strtod_l
                0x08006220      0xbd8 c:/program files (x86)/atollic/truestudio for stm32 9.0.0/armtools/bin/../lib/gcc/arm-atollic-eabi/6.3.1/../../../../arm-atollic-eabi/lib/armv7e-m/fpu\libc_nano.a(lib_a-strtod.o)
                0x08006220                _strtod_l
 .text.strtod   0x08006df8       0x28 c:/program files (x86)/atollic/truestudio for stm32 9.0.0/armtools/bin/../lib/gcc/arm-atollic-eabi/6.3.1/../../../../arm-atollic-eabi/lib/armv7e-m/fpu\libc_nano.a(lib_a-strtod.o)
                0x08006df8                strtod
 .text.strtok   0x08006e20       0x54 c:/program files (x86)/atollic/truestudio for stm32 9.0.0/armtools/bin/../lib/gcc/arm-atollic-eabi/6.3.1/../../../../arm-atollic-eabi/lib/armv7e-m/fpu\libc_nano.a(lib_a-strtok.o)
                0x08006e20                strtok
 .text.__strtok_r
                0x08006e74       0x52 c:/program files (x86)/atollic/truestudio for stm32 9.0.0/armtools/bin/../lib/gcc/arm-atollic-eabi/6.3.1/../../../../arm-atollic-eabi/lib/armv7e-m/fpu\libc_nano.a(lib_a-strtok_r.o)
                0x08006e74                __strtok_r
 *fill*         0x08006ec6        0x2 
 .text.time     0x08006ec8       0x28 c:/program files (x86)/atollic/truestudio for stm32 9.0.0/armtools/bin/../lib/gcc/arm-atollic-eabi/6.3.1/../../../../arm-atollic-eabi/lib/armv7e-m/fpu\libc_nano.a(lib_a-time.o)
                0x08006ec8                time
 .text.__tzcalc_limits
                0x08006ef0      0x150 c:/program files (x86)/atollic/truestudio for stm32 9.0.0/armtools/bin/../lib/gcc/arm-atollic-eabi/6.3.1/../../../../arm-atollic-eabi/lib/armv7e-m/fpu\libc_nano.a(lib_a-tzcalc_limits.o)
                0x08006ef0                __tzcalc_limits
 .text.__tz_lock
                0x08007040        0x2 c:/program files (x86)/atollic/truestudio for stm32 9.0.0/armtools/bin/../lib/gcc/arm-atollic-eabi/6.3.1/../../../../arm-atollic-eabi/lib/armv7e-m/fpu\libc_nano.a(lib_a-tzlock.o)
                0x08007040                __tz_lock
 .text.__tz_unlock
                0x08007042        0x2 c:/program files (x86)/atollic/truestudio for stm32 9.0.0/armtools/bin/../lib/gcc/arm-atollic-eabi/6.3.1/../../../../arm-atollic-eabi/lib/armv7e-m/fpu\libc_nano.a(lib_a-tzlock.o)
                0x08007042                __tz_unlock
 .text._tzset_unlocked
                0x08007044        0xc c:/program files (x86)/atollic/truestudio for stm32 9.0.0/armtools/bin/../lib/gcc/arm-atollic-eabi/6.3.1/../../../../arm-atollic-eabi/lib/armv7e-m/fpu\libc_nano.a(lib_a-tzset.o)
                0x08007044                _tzset_unlocked
 .text._tzset_unlocked_r
                0x08007050      0x304 c:/program files (x86)/atollic/truestudio for stm32 9.0.0/armtools/bin/../lib/gcc/arm-atollic-eabi/6.3.1/../../../../arm-atollic-eabi/lib/armv7e-m/fpu\libc_nano.a(lib_a-tzset_r.o)
                0x08007050                _tzset_unlocked_r
 .text.div      0x08007354       0x28 c:/program files (x86)/atollic/truestudio for stm32 9.0.0/armtools/bin/../lib/gcc/arm-atollic-eabi/6.3.1/../../../../arm-atollic-eabi/lib/armv7e-m/fpu\libc_nano.a(lib_a-div.o)
                0x08007354                div
 .text.rshift   0x0800737c       0x6a c:/program files (x86)/atollic/truestudio for stm32 9.0.0/armtools/bin/../lib/gcc/arm-atollic-eabi/6.3.1/../../../../arm-atollic-eabi/lib/armv7e-m/fpu\libc_nano.a(lib_a-gdtoa-gethex.o)
 .text.__hexdig_fun
                0x080073e6       0x2a c:/program files (x86)/atollic/truestudio for stm32 9.0.0/armtools/bin/../lib/gcc/arm-atollic-eabi/6.3.1/../../../../arm-atollic-eabi/lib/armv7e-m/fpu\libc_nano.a(lib_a-gdtoa-gethex.o)
                0x080073e6                __hexdig_fun
 .text.__gethex
                0x08007410      0x43c c:/program files (x86)/atollic/truestudio for stm32 9.0.0/armtools/bin/../lib/gcc/arm-atollic-eabi/6.3.1/../../../../arm-atollic-eabi/lib/armv7e-m/fpu\libc_nano.a(lib_a-gdtoa-gethex.o)
                0x08007410                __gethex
 .text.L_shift  0x0800784c       0x24 c:/program files (x86)/atollic/truestudio for stm32 9.0.0/armtools/bin/../lib/gcc/arm-atollic-eabi/6.3.1/../../../../arm-atollic-eabi/lib/armv7e-m/fpu\libc_nano.a(lib_a-gdtoa-hexnan.o)
 .text.__match  0x08007870       0x26 c:/program files (x86)/atollic/truestudio for stm32 9.0.0/armtools/bin/../lib/gcc/arm-atollic-eabi/6.3.1/../../../../arm-atollic-eabi/lib/armv7e-m/fpu\libc_nano.a(lib_a-gdtoa-hexnan.o)
                0x08007870                __match
 .text.__hexnan
                0x08007896      0x120 c:/program files (x86)/atollic/truestudio for stm32 9.0.0/armtools/bin/../lib/gcc/arm-atollic-eabi/6.3.1/../../../../arm-atollic-eabi/lib/armv7e-m/fpu\libc_nano.a(lib_a-gdtoa-hexnan.o)
                0x08007896                __hexnan
 *fill*         0x080079b6        0x2 
 .text._findenv_r
                0x080079b8       0x80 c:/program files (x86)/atollic/truestudio for stm32 9.0.0/armtools/bin/../lib/gcc/arm-atollic-eabi/6.3.1/../../../../arm-atollic-eabi/lib/armv7e-m/fpu\libc_nano.a(lib_a-getenv_r.o)
                0x080079b8                _findenv_r
 .text._getenv_r
                0x08007a38        0xe c:/program files (x86)/atollic/truestudio for stm32 9.0.0/armtools/bin/../lib/gcc/arm-atollic-eabi/6.3.1/../../../../arm-atollic-eabi/lib/armv7e-m/fpu\libc_nano.a(lib_a-getenv_r.o)
                0x08007a38                _getenv_r
 *fill*         0x08007a46        0x2 
 .text._gettimeofday_r
                0x08007a48       0x24 c:/program files (x86)/atollic/truestudio for stm32 9.0.0/armtools/bin/../lib/gcc/arm-atollic-eabi/6.3.1/../../../../arm-atollic-eabi/lib/armv7e-m/fpu\libc_nano.a(lib_a-gettimeofdayr.o)
                0x08007a48                _gettimeofday_r
 .text.__gettzinfo
                0x08007a6c        0x8 c:/program files (x86)/atollic/truestudio for stm32 9.0.0/armtools/bin/../lib/gcc/arm-atollic-eabi/6.3.1/../../../../arm-atollic-eabi/lib/armv7e-m/fpu\libc_nano.a(lib_a-gettzinfo.o)
                0x08007a6c                __gettzinfo
 .text.gmtime_r
                0x08007a74      0x134 c:/program files (x86)/atollic/truestudio for stm32 9.0.0/armtools/bin/../lib/gcc/arm-atollic-eabi/6.3.1/../../../../arm-atollic-eabi/lib/armv7e-m/fpu\libc_nano.a(lib_a-gmtime_r.o)
                0x08007a74                gmtime_r
 .text.__locale_ctype_ptr_l
                0x08007ba8        0x6 c:/program files (x86)/atollic/truestudio for stm32 9.0.0/armtools/bin/../lib/gcc/arm-atollic-eabi/6.3.1/../../../../arm-atollic-eabi/lib/armv7e-m/fpu\libc_nano.a(lib_a-locale.o)
                0x08007ba8                __locale_ctype_ptr_l
 *fill*         0x08007bae        0x2 
 .text.__locale_ctype_ptr
                0x08007bb0       0x1c c:/program files (x86)/atollic/truestudio for stm32 9.0.0/armtools/bin/../lib/gcc/arm-atollic-eabi/6.3.1/../../../../arm-atollic-eabi/lib/armv7e-m/fpu\libc_nano.a(lib_a-locale.o)
                0x08007bb0                __locale_ctype_ptr
 .text.__localeconv_l
                0x08007bcc        0x4 c:/program files (x86)/atollic/truestudio for stm32 9.0.0/armtools/bin/../lib/gcc/arm-atollic-eabi/6.3.1/../../../../arm-atollic-eabi/lib/armv7e-m/fpu\libc_nano.a(lib_a-localeconv.o)
                0x08007bcc                __localeconv_l
 .text.__ascii_mbtowc
                0x08007bd0       0x24 c:/program files (x86)/atollic/truestudio for stm32 9.0.0/armtools/bin/../lib/gcc/arm-atollic-eabi/6.3.1/../../../../arm-atollic-eabi/lib/armv7e-m/fpu\libc_nano.a(lib_a-mbtowc_r.o)
                0x08007bd0                __ascii_mbtowc
 .text.memcpy   0x08007bf4       0x16 c:/program files (x86)/atollic/truestudio for stm32 9.0.0/armtools/bin/../lib/gcc/arm-atollic-eabi/6.3.1/../../../../arm-atollic-eabi/lib/armv7e-m/fpu\libc_nano.a(lib_a-memcpy-stub.o)
                0x08007bf4                memcpy
 .text.__malloc_lock
                0x08007c0a        0x2 c:/program files (x86)/atollic/truestudio for stm32 9.0.0/armtools/bin/../lib/gcc/arm-atollic-eabi/6.3.1/../../../../arm-atollic-eabi/lib/armv7e-m/fpu\libc_nano.a(lib_a-mlock.o)
                0x08007c0a                __malloc_lock
 .text.__malloc_unlock
                0x08007c0c        0x2 c:/program files (x86)/atollic/truestudio for stm32 9.0.0/armtools/bin/../lib/gcc/arm-atollic-eabi/6.3.1/../../../../arm-atollic-eabi/lib/armv7e-m/fpu\libc_nano.a(lib_a-mlock.o)
                0x08007c0c                __malloc_unlock
 .text._Balloc  0x08007c0e       0x68 c:/program files (x86)/atollic/truestudio for stm32 9.0.0/armtools/bin/../lib/gcc/arm-atollic-eabi/6.3.1/../../../../arm-atollic-eabi/lib/armv7e-m/fpu\libc_nano.a(lib_a-mprec.o)
                0x08007c0e                _Balloc
 .text._Bfree   0x08007c76       0x2e c:/program files (x86)/atollic/truestudio for stm32 9.0.0/armtools/bin/../lib/gcc/arm-atollic-eabi/6.3.1/../../../../arm-atollic-eabi/lib/armv7e-m/fpu\libc_nano.a(lib_a-mprec.o)
                0x08007c76                _Bfree
 .text.__multadd
                0x08007ca4       0x76 c:/program files (x86)/atollic/truestudio for stm32 9.0.0/armtools/bin/../lib/gcc/arm-atollic-eabi/6.3.1/../../../../arm-atollic-eabi/lib/armv7e-m/fpu\libc_nano.a(lib_a-mprec.o)
                0x08007ca4                __multadd
 .text.__s2b    0x08007d1a       0x7c c:/program files (x86)/atollic/truestudio for stm32 9.0.0/armtools/bin/../lib/gcc/arm-atollic-eabi/6.3.1/../../../../arm-atollic-eabi/lib/armv7e-m/fpu\libc_nano.a(lib_a-mprec.o)
                0x08007d1a                __s2b
 .text.__hi0bits
                0x08007d96       0x3e c:/program files (x86)/atollic/truestudio for stm32 9.0.0/armtools/bin/../lib/gcc/arm-atollic-eabi/6.3.1/../../../../arm-atollic-eabi/lib/armv7e-m/fpu\libc_nano.a(lib_a-mprec.o)
                0x08007d96                __hi0bits
 .text.__lo0bits
                0x08007dd4       0x5e c:/program files (x86)/atollic/truestudio for stm32 9.0.0/armtools/bin/../lib/gcc/arm-atollic-eabi/6.3.1/../../../../arm-atollic-eabi/lib/armv7e-m/fpu\libc_nano.a(lib_a-mprec.o)
                0x08007dd4                __lo0bits
 .text.__i2b    0x08007e32       0x12 c:/program files (x86)/atollic/truestudio for stm32 9.0.0/armtools/bin/../lib/gcc/arm-atollic-eabi/6.3.1/../../../../arm-atollic-eabi/lib/armv7e-m/fpu\libc_nano.a(lib_a-mprec.o)
                0x08007e32                __i2b
 .text.__multiply
                0x08007e44      0x11a c:/program files (x86)/atollic/truestudio for stm32 9.0.0/armtools/bin/../lib/gcc/arm-atollic-eabi/6.3.1/../../../../arm-atollic-eabi/lib/armv7e-m/fpu\libc_nano.a(lib_a-mprec.o)
                0x08007e44                __multiply
 *fill*         0x08007f5e        0x2 
 .text.__pow5mult
                0x08007f60       0x9c c:/program files (x86)/atollic/truestudio for stm32 9.0.0/armtools/bin/../lib/gcc/arm-atollic-eabi/6.3.1/../../../../arm-atollic-eabi/lib/armv7e-m/fpu\libc_nano.a(lib_a-mprec.o)
                0x08007f60                __pow5mult
 .text.__lshift
                0x08007ffc       0xa2 c:/program files (x86)/atollic/truestudio for stm32 9.0.0/armtools/bin/../lib/gcc/arm-atollic-eabi/6.3.1/../../../../arm-atollic-eabi/lib/armv7e-m/fpu\libc_nano.a(lib_a-mprec.o)
                0x08007ffc                __lshift
 .text.__mcmp   0x0800809e       0x34 c:/program files (x86)/atollic/truestudio for stm32 9.0.0/armtools/bin/../lib/gcc/arm-atollic-eabi/6.3.1/../../../../arm-atollic-eabi/lib/armv7e-m/fpu\libc_nano.a(lib_a-mprec.o)
                0x0800809e                __mcmp
 .text.__mdiff  0x080080d2       0xbc c:/program files (x86)/atollic/truestudio for stm32 9.0.0/armtools/bin/../lib/gcc/arm-atollic-eabi/6.3.1/../../../../arm-atollic-eabi/lib/armv7e-m/fpu\libc_nano.a(lib_a-mprec.o)
                0x080080d2                __mdiff
 *fill*         0x0800818e        0x2 
 .text.__ulp    0x08008190       0x50 c:/program files (x86)/atollic/truestudio for stm32 9.0.0/armtools/bin/../lib/gcc/arm-atollic-eabi/6.3.1/../../../../arm-atollic-eabi/lib/armv7e-m/fpu\libc_nano.a(lib_a-mprec.o)
                0x08008190                __ulp
 .text.__b2d    0x080081e0       0x9c c:/program files (x86)/atollic/truestudio for stm32 9.0.0/armtools/bin/../lib/gcc/arm-atollic-eabi/6.3.1/../../../../arm-atollic-eabi/lib/armv7e-m/fpu\libc_nano.a(lib_a-mprec.o)
                0x080081e0                __b2d
 .text.__d2b    0x0800827c       0x9e c:/program files (x86)/atollic/truestudio for stm32 9.0.0/armtools/bin/../lib/gcc/arm-atollic-eabi/6.3.1/../../../../arm-atollic-eabi/lib/armv7e-m/fpu\libc_nano.a(lib_a-mprec.o)
                0x0800827c                __d2b
 .text.__ratio  0x0800831a       0x58 c:/program files (x86)/atollic/truestudio for stm32 9.0.0/armtools/bin/../lib/gcc/arm-atollic-eabi/6.3.1/../../../../arm-atollic-eabi/lib/armv7e-m/fpu\libc_nano.a(lib_a-mprec.o)
                0x0800831a                __ratio
 .text.__copybits
                0x08008372       0x34 c:/program files (x86)/atollic/truestudio for stm32 9.0.0/armtools/bin/../lib/gcc/arm-atollic-eabi/6.3.1/../../../../arm-atollic-eabi/lib/armv7e-m/fpu\libc_nano.a(lib_a-mprec.o)
                0x08008372                __copybits
 .text.__any_on
                0x080083a6       0x42 c:/program files (x86)/atollic/truestudio for stm32 9.0.0/armtools/bin/../lib/gcc/arm-atollic-eabi/6.3.1/../../../../arm-atollic-eabi/lib/armv7e-m/fpu\libc_nano.a(lib_a-mprec.o)
                0x080083a6                __any_on
 .text._calloc_r
                0x080083e8       0x1c c:/program files (x86)/atollic/truestudio for stm32 9.0.0/armtools/bin/../lib/gcc/arm-atollic-eabi/6.3.1/../../../../arm-atollic-eabi/lib/armv7e-m/fpu\libc_nano.a(lib_a-nano-callocr.o)
                0x080083e8                _calloc_r
 .text.sscanf   0x08008404       0x54 c:/program files (x86)/atollic/truestudio for stm32 9.0.0/armtools/bin/../lib/gcc/arm-atollic-eabi/6.3.1/../../../../arm-atollic-eabi/lib/armv7e-m/fpu\libc_nano.a(lib_a-sscanf.o)
                0x08008404                siscanf
                0x08008404                sscanf
 .text.__seofread
                0x08008458        0x4 c:/program files (x86)/atollic/truestudio for stm32 9.0.0/armtools/bin/../lib/gcc/arm-atollic-eabi/6.3.1/../../../../arm-atollic-eabi/lib/armv7e-m/fpu\libc_nano.a(lib_a-stdio.o)
                0x08008458                __seofread
 .text.strncmp  0x0800845c       0x24 c:/program files (x86)/atollic/truestudio for stm32 9.0.0/armtools/bin/../lib/gcc/arm-atollic-eabi/6.3.1/../../../../arm-atollic-eabi/lib/armv7e-m/fpu\libc_nano.a(lib_a-strncmp.o)
                0x0800845c                strncmp
 .text._strtoul_l.isra.0
                0x08008480       0xfa c:/program files (x86)/atollic/truestudio for stm32 9.0.0/armtools/bin/../lib/gcc/arm-atollic-eabi/6.3.1/../../../../arm-atollic-eabi/lib/armv7e-m/fpu\libc_nano.a(lib_a-strtoul.o)
 *fill*         0x0800857a        0x2 
 .text._strtoul_r
                0x0800857c       0x24 c:/program files (x86)/atollic/truestudio for stm32 9.0.0/armtools/bin/../lib/gcc/arm-atollic-eabi/6.3.1/../../../../arm-atollic-eabi/lib/armv7e-m/fpu\libc_nano.a(lib_a-strtoul.o)
                0x0800857c                _strtoul_r
 .text.strtoul  0x080085a0       0x2c c:/program files (x86)/atollic/truestudio for stm32 9.0.0/armtools/bin/../lib/gcc/arm-atollic-eabi/6.3.1/../../../../arm-atollic-eabi/lib/armv7e-m/fpu\libc_nano.a(lib_a-strtoul.o)
                0x080085a0                strtoul
 .text.__ascii_wctomb
                0x080085cc       0x1a c:/program files (x86)/atollic/truestudio for stm32 9.0.0/armtools/bin/../lib/gcc/arm-atollic-eabi/6.3.1/../../../../arm-atollic-eabi/lib/armv7e-m/fpu\libc_nano.a(lib_a-wctomb_r.o)
                0x080085cc                __ascii_wctomb
 .text.__env_lock
                0x080085e6        0x2 c:/program files (x86)/atollic/truestudio for stm32 9.0.0/armtools/bin/../lib/gcc/arm-atollic-eabi/6.3.1/../../../../arm-atollic-eabi/lib/armv7e-m/fpu\libc_nano.a(lib_a-envlock.o)
                0x080085e6                __env_lock
 .text.__env_unlock
                0x080085e8        0x2 c:/program files (x86)/atollic/truestudio for stm32 9.0.0/armtools/bin/../lib/gcc/arm-atollic-eabi/6.3.1/../../../../arm-atollic-eabi/lib/armv7e-m/fpu\libc_nano.a(lib_a-envlock.o)
                0x080085e8                __env_unlock
 .text.memset   0x080085ea       0x10 c:/program files (x86)/atollic/truestudio for stm32 9.0.0/armtools/bin/../lib/gcc/arm-atollic-eabi/6.3.1/../../../../arm-atollic-eabi/lib/armv7e-m/fpu\libc_nano.a(lib_a-memset.o)
                0x080085ea                memset
 .text._sungetc_r
                0x080085fa       0x7a c:/program files (x86)/atollic/truestudio for stm32 9.0.0/armtools/bin/../lib/gcc/arm-atollic-eabi/6.3.1/../../../../arm-atollic-eabi/lib/armv7e-m/fpu\libc_nano.a(lib_a-nano-svfscanf.o)
                0x080085fa                _sungetc_r
 .text.__ssrefill_r
                0x08008674       0x3a c:/program files (x86)/atollic/truestudio for stm32 9.0.0/armtools/bin/../lib/gcc/arm-atollic-eabi/6.3.1/../../../../arm-atollic-eabi/lib/armv7e-m/fpu\libc_nano.a(lib_a-nano-svfscanf.o)
                0x08008674                __ssrefill_r
 *fill*         0x080086ae        0x2 
 .text.__ssvfscanf_r
                0x080086b0      0x2a8 c:/program files (x86)/atollic/truestudio for stm32 9.0.0/armtools/bin/../lib/gcc/arm-atollic-eabi/6.3.1/../../../../arm-atollic-eabi/lib/armv7e-m/fpu\libc_nano.a(lib_a-nano-svfscanf.o)
                0x080086b0                __ssvfiscanf_r
                0x080086b0                __ssvfscanf_r
 .text._scanf_chars
                0x08008958       0xc8 c:/program files (x86)/atollic/truestudio for stm32 9.0.0/armtools/bin/../lib/gcc/arm-atollic-eabi/6.3.1/../../../../arm-atollic-eabi/lib/armv7e-m/fpu\libc_nano.a(lib_a-nano-vfscanf_i.o)
                0x08008958                _scanf_chars
 .text._scanf_i
                0x08008a20      0x1e8 c:/program files (x86)/atollic/truestudio for stm32 9.0.0/armtools/bin/../lib/gcc/arm-atollic-eabi/6.3.1/../../../../arm-atollic-eabi/lib/armv7e-m/fpu\libc_nano.a(lib_a-nano-vfscanf_i.o)
                0x08008a20                _scanf_i
 .text.__sccl   0x08008c08       0x60 c:/program files (x86)/atollic/truestudio for stm32 9.0.0/armtools/bin/../lib/gcc/arm-atollic-eabi/6.3.1/../../../../arm-atollic-eabi/lib/armv7e-m/fpu\libc_nano.a(lib_a-sccl.o)
                0x08008c08                __sccl
 .text._strtol_l.isra.0
                0x08008c68      0x100 c:/program files (x86)/atollic/truestudio for stm32 9.0.0/armtools/bin/../lib/gcc/arm-atollic-eabi/6.3.1/../../../../arm-atollic-eabi/lib/armv7e-m/fpu\libc_nano.a(lib_a-strtol.o)
 .text._strtol_r
                0x08008d68       0x24 c:/program files (x86)/atollic/truestudio for stm32 9.0.0/armtools/bin/../lib/gcc/arm-atollic-eabi/6.3.1/../../../../arm-atollic-eabi/lib/armv7e-m/fpu\libc_nano.a(lib_a-strtol.o)
                0x08008d68                _strtol_r
 .text.__submore
                0x08008d8c       0x76 c:/program files (x86)/atollic/truestudio for stm32 9.0.0/armtools/bin/../lib/gcc/arm-atollic-eabi/6.3.1/../../../../arm-atollic-eabi/lib/armv7e-m/fpu\libc_nano.a(lib_a-ungetc.o)
                0x08008d8c                __submore
 .text._realloc_r
                0x08008e02       0x4c c:/program files (x86)/atollic/truestudio for stm32 9.0.0/armtools/bin/../lib/gcc/arm-atollic-eabi/6.3.1/../../../../arm-atollic-eabi/lib/armv7e-m/fpu\libc_nano.a(lib_a-nano-reallocr.o)
                0x08008e02                _realloc_r
 .text._malloc_usable_size_r
                0x08008e4e       0x12 c:/program files (x86)/atollic/truestudio for stm32 9.0.0/armtools/bin/../lib/gcc/arm-atollic-eabi/6.3.1/../../../../arm-atollic-eabi/lib/armv7e-m/fpu\libc_nano.a(lib_a-nano-msizer.o)
                0x08008e4e                _malloc_usable_size_r
 .text._gettimeofday
                0x08008e60       0x10 c:/program files (x86)/atollic/truestudio for stm32 9.0.0/armtools/bin/../lib/gcc/arm-atollic-eabi/6.3.1/../../../../arm-atollic-eabi/lib/armv7e-m/fpu\libnosys.a(gettod.o)
                0x08008e60                _gettimeofday
 *(.rodata)
 .rodata        0x08008e70       0x9a SD_CARD\ff.o
 *fill*         0x08008f0a        0x2 
 .rodata        0x08008f0c       0x10 src\GPS.o
 .rodata        0x08008f1c       0x5c src\main.o
 .rodata        0x08008f78        0xc c:/program files (x86)/atollic/truestudio for stm32 9.0.0/armtools/bin/../lib/gcc/arm-atollic-eabi/6.3.1/../../../../arm-atollic-eabi/lib/armv7e-m/fpu\libc_nano.a(lib_a-nano-vfscanf_i.o)
 *(.rodata*)
 .rodata.Tbl    0x08008f84      0x100 SD_CARD\ccsbcs.o
 .rodata.tbl_lower.5451
                0x08009084      0x1e0 SD_CARD\ccsbcs.o
 .rodata.tbl_upper.5452
                0x08009264      0x1e0 SD_CARD\ccsbcs.o
 .rodata.ExCvt  0x08009444       0x80 SD_CARD\ff.o
 .rodata.LfnOfs
                0x080094c4        0xd SD_CARD\ff.o
 *fill*         0x080094d1        0x3 
 .rodata.str.5913
                0x080094d4       0x24 SD_CARD\ff.o
 .rodata.DAYS_IN_MONTH
                0x080094f8       0x30 c:/program files (x86)/atollic/truestudio for stm32 9.0.0/armtools/bin/../lib/gcc/arm-atollic-eabi/6.3.1/../../../../arm-atollic-eabi/lib/armv7e-m/fpu\libc_nano.a(lib_a-mktime.o)
 .rodata._DAYS_BEFORE_MONTH
                0x08009528       0x30 c:/program files (x86)/atollic/truestudio for stm32 9.0.0/armtools/bin/../lib/gcc/arm-atollic-eabi/6.3.1/../../../../arm-atollic-eabi/lib/armv7e-m/fpu\libc_nano.a(lib_a-mktime.o)
 .rodata.__month_lengths
                0x08009558       0x60 c:/program files (x86)/atollic/truestudio for stm32 9.0.0/armtools/bin/../lib/gcc/arm-atollic-eabi/6.3.1/../../../../arm-atollic-eabi/lib/armv7e-m/fpu\libc_nano.a(lib_a-month_lengths.o)
                0x08009558                __month_lengths
 .rodata._strtod_l.str1.1
                0x080095b8        0xc c:/program files (x86)/atollic/truestudio for stm32 9.0.0/armtools/bin/../lib/gcc/arm-atollic-eabi/6.3.1/../../../../arm-atollic-eabi/lib/armv7e-m/fpu\libc_nano.a(lib_a-strtod.o)
 .rodata.fpi.7257
                0x080095c4       0x14 c:/program files (x86)/atollic/truestudio for stm32 9.0.0/armtools/bin/../lib/gcc/arm-atollic-eabi/6.3.1/../../../../arm-atollic-eabi/lib/armv7e-m/fpu\libc_nano.a(lib_a-strtod.o)
 .rodata.fpinan.7293
                0x080095d8       0x14 c:/program files (x86)/atollic/truestudio for stm32 9.0.0/armtools/bin/../lib/gcc/arm-atollic-eabi/6.3.1/../../../../arm-atollic-eabi/lib/armv7e-m/fpu\libc_nano.a(lib_a-strtod.o)
 *fill*         0x080095ec        0x4 
 .rodata.tinytens
                0x080095f0       0x28 c:/program files (x86)/atollic/truestudio for stm32 9.0.0/armtools/bin/../lib/gcc/arm-atollic-eabi/6.3.1/../../../../arm-atollic-eabi/lib/armv7e-m/fpu\libc_nano.a(lib_a-strtod.o)
 .rodata._tzset_unlocked_r.str1.1
                0x08009618       0x3c c:/program files (x86)/atollic/truestudio for stm32 9.0.0/armtools/bin/../lib/gcc/arm-atollic-eabi/6.3.1/../../../../arm-atollic-eabi/lib/armv7e-m/fpu\libc_nano.a(lib_a-tzset_r.o)
                                 0x4e (size before relaxing)
 .rodata.str1.1
                0x08009654        0x4 c:/program files (x86)/atollic/truestudio for stm32 9.0.0/armtools/bin/../lib/gcc/arm-atollic-eabi/6.3.1/../../../../arm-atollic-eabi/lib/armv7e-m/fpu\libc_nano.a(lib_a-tzvars.o)
 .rodata._setlocale_r.str1.1
                0x08009654        0x8 c:/program files (x86)/atollic/truestudio for stm32 9.0.0/armtools/bin/../lib/gcc/arm-atollic-eabi/6.3.1/../../../../arm-atollic-eabi/lib/armv7e-m/fpu\libc_nano.a(lib_a-locale.o)
                                  0x9 (size before relaxing)
 .rodata.str1.1
                0x0800965c        0x2 c:/program files (x86)/atollic/truestudio for stm32 9.0.0/armtools/bin/../lib/gcc/arm-atollic-eabi/6.3.1/../../../../arm-atollic-eabi/lib/armv7e-m/fpu\libc_nano.a(lib_a-locale.o)
 *fill*         0x0800965e        0x2 
 .rodata.__mprec_bigtens
                0x08009660       0x28 c:/program files (x86)/atollic/truestudio for stm32 9.0.0/armtools/bin/../lib/gcc/arm-atollic-eabi/6.3.1/../../../../arm-atollic-eabi/lib/armv7e-m/fpu\libc_nano.a(lib_a-mprec.o)
                0x08009660                __mprec_bigtens
 .rodata.__mprec_tens
                0x08009688       0xc8 c:/program files (x86)/atollic/truestudio for stm32 9.0.0/armtools/bin/../lib/gcc/arm-atollic-eabi/6.3.1/../../../../arm-atollic-eabi/lib/armv7e-m/fpu\libc_nano.a(lib_a-mprec.o)
                0x08009688                __mprec_tens
 .rodata.p05.7175
                0x08009750        0xc c:/program files (x86)/atollic/truestudio for stm32 9.0.0/armtools/bin/../lib/gcc/arm-atollic-eabi/6.3.1/../../../../arm-atollic-eabi/lib/armv7e-m/fpu\libc_nano.a(lib_a-mprec.o)
 .rodata._ctype_
                0x0800975c      0x101 c:/program files (x86)/atollic/truestudio for stm32 9.0.0/armtools/bin/../lib/gcc/arm-atollic-eabi/6.3.1/../../../../arm-atollic-eabi/lib/armv7e-m/fpu\libc_nano.a(lib_a-ctype_.o)
                0x0800975c                _ctype_
 .rodata.__ssvfscanf_r.str1.1
                0x0800985d        0x4 c:/program files (x86)/atollic/truestudio for stm32 9.0.0/armtools/bin/../lib/gcc/arm-atollic-eabi/6.3.1/../../../../arm-atollic-eabi/lib/armv7e-m/fpu\libc_nano.a(lib_a-nano-svfscanf.o)
 .rodata._scanf_i.str1.1
                0x08009861       0x12 c:/program files (x86)/atollic/truestudio for stm32 9.0.0/armtools/bin/../lib/gcc/arm-atollic-eabi/6.3.1/../../../../arm-atollic-eabi/lib/armv7e-m/fpu\libc_nano.a(lib_a-nano-vfscanf_i.o)
 .rodata.str1.1
                0x08009873        0x9 c:/program files (x86)/atollic/truestudio for stm32 9.0.0/armtools/bin/../lib/gcc/arm-atollic-eabi/6.3.1/../../../../arm-atollic-eabi/lib/armv7e-m/fpu\libc_nano.a(lib_a-nano-vfscanf_i.o)
 .rodata.__sf_fake_stderr
                0x0800987c       0x20 c:/program files (x86)/atollic/truestudio for stm32 9.0.0/armtools/bin/../lib/gcc/arm-atollic-eabi/6.3.1/../../../../arm-atollic-eabi/lib/armv7e-m/fpu\libc_nano.a(lib_a-findfp.o)
                0x0800987c                __sf_fake_stderr
 .rodata.__sf_fake_stdin
                0x0800989c       0x20 c:/program files (x86)/atollic/truestudio for stm32 9.0.0/armtools/bin/../lib/gcc/arm-atollic-eabi/6.3.1/../../../../arm-atollic-eabi/lib/armv7e-m/fpu\libc_nano.a(lib_a-findfp.o)
                0x0800989c                __sf_fake_stdin
 .rodata.__sf_fake_stdout
                0x080098bc       0x20 c:/program files (x86)/atollic/truestudio for stm32 9.0.0/armtools/bin/../lib/gcc/arm-atollic-eabi/6.3.1/../../../../arm-atollic-eabi/lib/armv7e-m/fpu\libc_nano.a(lib_a-findfp.o)
                0x080098bc                __sf_fake_stdout
 *(.glue_7)
 .glue_7        0x080098dc        0x0 linker stubs
 *(.glue_7t)
 .glue_7t       0x080098dc        0x0 linker stubs
 *(.eh_frame)
 .eh_frame      0x080098dc        0x0 c:/program files (x86)/atollic/truestudio for stm32 9.0.0/armtools/bin/../lib/gcc/arm-atollic-eabi/6.3.1/armv7e-m/fpu/crtbegin.o
 *(.init)
 .init          0x080098dc        0x4 c:/program files (x86)/atollic/truestudio for stm32 9.0.0/armtools/bin/../lib/gcc/arm-atollic-eabi/6.3.1/armv7e-m/fpu/crti.o
                0x080098dc                _init
 .init          0x080098e0        0x8 c:/program files (x86)/atollic/truestudio for stm32 9.0.0/armtools/bin/../lib/gcc/arm-atollic-eabi/6.3.1/armv7e-m/fpu/crtn.o
 *(.fini)
 .fini          0x080098e8        0x4 c:/program files (x86)/atollic/truestudio for stm32 9.0.0/armtools/bin/../lib/gcc/arm-atollic-eabi/6.3.1/armv7e-m/fpu/crti.o
                0x080098e8                _fini
 .fini          0x080098ec        0x8 c:/program files (x86)/atollic/truestudio for stm32 9.0.0/armtools/bin/../lib/gcc/arm-atollic-eabi/6.3.1/armv7e-m/fpu/crtn.o
                0x080098f4                . = ALIGN (0x4)
                0x080098f4                _etext = .

.vfp11_veneer   0x080098f4        0x0
 .vfp11_veneer  0x080098f4        0x0 linker stubs

.v4_bx          0x080098f4        0x0
 .v4_bx         0x080098f4        0x0 linker stubs

.iplt           0x080098f4        0x0
 .iplt          0x080098f4        0x0 c:/program files (x86)/atollic/truestudio for stm32 9.0.0/armtools/bin/../lib/gcc/arm-atollic-eabi/6.3.1/armv7e-m/fpu/crtbegin.o

.rel.dyn        0x080098f4        0x0
 .rel.iplt      0x080098f4        0x0 c:/program files (x86)/atollic/truestudio for stm32 9.0.0/armtools/bin/../lib/gcc/arm-atollic-eabi/6.3.1/armv7e-m/fpu/crtbegin.o

.ARM.extab
 *(.ARM.extab* .gnu.linkonce.armextab.*)

.ARM            0x080098f4        0x0
                0x080098f4                __exidx_start = .
 *(.ARM.exidx*)
                0x080098f4                __exidx_end = .

.preinit_array  0x080098f4        0x0
                0x080098f4                PROVIDE (__preinit_array_start, .)
 *(.preinit_array*)
                0x080098f4                PROVIDE (__preinit_array_end, .)

.init_array     0x080098f4        0x4
                0x080098f4                PROVIDE (__init_array_start, .)
 *(SORT(.init_array.*))
 *(.init_array*)
 .init_array    0x080098f4        0x4 c:/program files (x86)/atollic/truestudio for stm32 9.0.0/armtools/bin/../lib/gcc/arm-atollic-eabi/6.3.1/armv7e-m/fpu/crtbegin.o
                0x080098f8                PROVIDE (__init_array_end, .)

.fini_array     0x080098f8        0x4
                [!provide]                PROVIDE (__fini_array_start, .)
 *(SORT(.fini_array.*))
 *(.fini_array*)
 .fini_array    0x080098f8        0x4 c:/program files (x86)/atollic/truestudio for stm32 9.0.0/armtools/bin/../lib/gcc/arm-atollic-eabi/6.3.1/armv7e-m/fpu/crtbegin.o
                [!provide]                PROVIDE (__fini_array_end, .)
                0x080098fc                _sidata = LOADADDR (.data)

.data           0x20000000      0x2d8 load address 0x080098fc
                0x20000000                . = ALIGN (0x4)
                0x20000000                _sdata = .
 *(.data)
 *(.data*)
 .data.FATFS_LowLevelDrivers
                0x20000000       0xb4 SD_CARD\diskio.o
                0x20000000                FATFS_LowLevelDrivers
 .data.TM_FATFS_SD_Stat
                0x200000b4        0x1 SD_CARD\fatfs_sd.o
 *fill*         0x200000b5        0x3 
 .data.environ  0x200000b8        0x4 src\syscalls.o
                0x200000b8                environ
 .data.SystemCoreClock
                0x200000bc        0x4 src\system_stm32f4xx.o
                0x200000bc                SystemCoreClock
 .data._tzname  0x200000c0        0x8 c:/program files (x86)/atollic/truestudio for stm32 9.0.0/armtools/bin/../lib/gcc/arm-atollic-eabi/6.3.1/../../../../arm-atollic-eabi/lib/armv7e-m/fpu\libc_nano.a(lib_a-tzvars.o)
                0x200000c0                _tzname
 .data.tzinfo   0x200000c8       0x40 c:/program files (x86)/atollic/truestudio for stm32 9.0.0/armtools/bin/../lib/gcc/arm-atollic-eabi/6.3.1/../../../../arm-atollic-eabi/lib/armv7e-m/fpu\libc_nano.a(lib_a-gettzinfo.o)
 .data._impure_ptr
                0x20000108        0x4 c:/program files (x86)/atollic/truestudio for stm32 9.0.0/armtools/bin/../lib/gcc/arm-atollic-eabi/6.3.1/../../../../arm-atollic-eabi/lib/armv7e-m/fpu\libc_nano.a(lib_a-impure.o)
                0x20000108                _impure_ptr
 .data.impure_data
                0x2000010c       0x60 c:/program files (x86)/atollic/truestudio for stm32 9.0.0/armtools/bin/../lib/gcc/arm-atollic-eabi/6.3.1/../../../../arm-atollic-eabi/lib/armv7e-m/fpu\libc_nano.a(lib_a-impure.o)
 .data.__global_locale
                0x2000016c      0x16c c:/program files (x86)/atollic/truestudio for stm32 9.0.0/armtools/bin/../lib/gcc/arm-atollic-eabi/6.3.1/../../../../arm-atollic-eabi/lib/armv7e-m/fpu\libc_nano.a(lib_a-locale.o)
                0x2000016c                __global_locale
                0x200002d8                . = ALIGN (0x4)
                0x200002d8                _edata = .
                0x08009bd4                _siccmram = LOADADDR (.ccmram)

.igot.plt       0x200002d8        0x0 load address 0x08009bd4
 .igot.plt      0x200002d8        0x0 c:/program files (x86)/atollic/truestudio for stm32 9.0.0/armtools/bin/../lib/gcc/arm-atollic-eabi/6.3.1/armv7e-m/fpu/crtbegin.o

.ccmram         0x10000000        0x0 load address 0x08009bd4
                0x10000000                . = ALIGN (0x4)
                0x10000000                _sccmram = .
 *(.ccmram)
 *(.ccmram*)
                0x10000000                . = ALIGN (0x4)
                0x10000000                _eccmram = .
                0x10000000                . = ALIGN (0x4)

.bss            0x200002d8     0x1084
                0x200002d8                _sbss = .
                0x200002d8                __bss_start__ = _sbss
 *(.bss)
 .bss           0x200002d8       0x1c c:/program files (x86)/atollic/truestudio for stm32 9.0.0/armtools/bin/../lib/gcc/arm-atollic-eabi/6.3.1/armv7e-m/fpu/crtbegin.o
 *(.bss*)
 .bss.TM_FATFS_SD_CardType
                0x200002f4        0x1 SD_CARD\fatfs_sd.o
 *fill*         0x200002f5        0x3 
 .bss.FatFs     0x200002f8       0x24 SD_CARD\ff.o
 .bss.Fsid      0x2000031c        0x2 SD_CARD\ff.o
 .bss.CurrVol   0x2000031e        0x1 SD_CARD\ff.o
 *fill*         0x2000031f        0x1 
 .bss.TM_Time   0x20000320        0x4 SD_CARD\tm_stm32f4_delay.o
                0x20000320                TM_Time
 .bss.TM_Time2  0x20000324        0x4 SD_CARD\tm_stm32f4_delay.o
                0x20000324                TM_Time2
 .bss.TM_DELAY_Initialized
                0x20000328        0x1 SD_CARD\tm_stm32f4_delay.o
                0x20000328                TM_DELAY_Initialized
 *fill*         0x20000329        0x3 
 .bss.CustomTimers
                0x2000032c       0x18 SD_CARD\tm_stm32f4_delay.o
 .bss.GPIO_UsedPins
                0x20000344       0x16 SD_CARD\tm_stm32f4_gpio.o
 *fill*         0x2000035a        0x2 
 .bss.__env     0x2000035c        0x4 src\syscalls.o
                0x2000035c                __env
 .bss.heap_end.6993
                0x20000360        0x4 src\syscalls.o
 .bss.__malloc_free_list
                0x20000364        0x4 c:/program files (x86)/atollic/truestudio for stm32 9.0.0/armtools/bin/../lib/gcc/arm-atollic-eabi/6.3.1/../../../../arm-atollic-eabi/lib/armv7e-m/fpu\libc_nano.a(lib_a-nano-mallocr.o)
                0x20000364                __malloc_free_list
 .bss.__malloc_sbrk_start
                0x20000368        0x4 c:/program files (x86)/atollic/truestudio for stm32 9.0.0/armtools/bin/../lib/gcc/arm-atollic-eabi/6.3.1/../../../../arm-atollic-eabi/lib/armv7e-m/fpu\libc_nano.a(lib_a-nano-mallocr.o)
                0x20000368                __malloc_sbrk_start
 .bss.__tzname_dst
                0x2000036c        0xb c:/program files (x86)/atollic/truestudio for stm32 9.0.0/armtools/bin/../lib/gcc/arm-atollic-eabi/6.3.1/../../../../arm-atollic-eabi/lib/armv7e-m/fpu\libc_nano.a(lib_a-tzset_r.o)
 .bss.__tzname_std
                0x20000377        0xb c:/program files (x86)/atollic/truestudio for stm32 9.0.0/armtools/bin/../lib/gcc/arm-atollic-eabi/6.3.1/../../../../arm-atollic-eabi/lib/armv7e-m/fpu\libc_nano.a(lib_a-tzset_r.o)
 *fill*         0x20000382        0x2 
 .bss.prev_tzenv
                0x20000384        0x4 c:/program files (x86)/atollic/truestudio for stm32 9.0.0/armtools/bin/../lib/gcc/arm-atollic-eabi/6.3.1/../../../../arm-atollic-eabi/lib/armv7e-m/fpu\libc_nano.a(lib_a-tzset_r.o)
 .bss._daylight
                0x20000388        0x4 c:/program files (x86)/atollic/truestudio for stm32 9.0.0/armtools/bin/../lib/gcc/arm-atollic-eabi/6.3.1/../../../../arm-atollic-eabi/lib/armv7e-m/fpu\libc_nano.a(lib_a-tzvars.o)
                0x20000388                _daylight
 .bss._timezone
                0x2000038c        0x4 c:/program files (x86)/atollic/truestudio for stm32 9.0.0/armtools/bin/../lib/gcc/arm-atollic-eabi/6.3.1/../../../../arm-atollic-eabi/lib/armv7e-m/fpu\libc_nano.a(lib_a-tzvars.o)
                0x2000038c                _timezone
 *(COMMON)
 COMMON         0x20000390        0x4 SD_CARD\tm_stm32f4_delay.o
                0x20000390                mult
 COMMON         0x20000394      0xfc4 src\GPS.o
                0x20000394                GNSS_LOG_Buffer
                0x20000b64                gnss_length
                0x20000b68                GNSS_Data_NOT_EMPTY
                0x20000b6c                diag
                0x20000b74                RX_COMPLETE_FLAG
                0x20000b78                eTime
                0x20000b7c                packet_full
                0x20000b80                GPS_coord
                0x20000b88                DMA_RX_Buffer
 COMMON         0x20001358        0x4 c:/program files (x86)/atollic/truestudio for stm32 9.0.0/armtools/bin/../lib/gcc/arm-atollic-eabi/6.3.1/../../../../arm-atollic-eabi/lib/armv7e-m/fpu\libc_nano.a(lib_a-reent.o)
                0x20001358                errno
                0x2000135c                . = ALIGN (0x4)
                0x2000135c                _ebss = .
                0x2000135c                __bss_end__ = _ebss

._user_heap_stack
                0x2000135c      0x400
                0x2000135c                . = ALIGN (0x4)
                0x2000135c                PROVIDE (end, .)
                [!provide]                PROVIDE (_end, .)
                0x2000135c                . = (. + _Min_Heap_Size)
                0x2000175c                . = (. + _Min_Stack_Size)
 *fill*         0x2000135c      0x400 
                0x2000175c                . = ALIGN (0x4)

.memory_b1_text
 *(.mb1text)
 *(.mb1text*)
 *(.mb1rodata)
 *(.mb1rodata*)

/DISCARD/
 libc.a(*)
 libm.a(*)
 libgcc.a(*)

.ARM.attributes
                0x00000000       0x30
 *(.ARM.attributes)
 .ARM.attributes
                0x00000000       0x22 c:/program files (x86)/atollic/truestudio for stm32 9.0.0/armtools/bin/../lib/gcc/arm-atollic-eabi/6.3.1/armv7e-m/fpu/crti.o
 .ARM.attributes
                0x00000022       0x34 c:/program files (x86)/atollic/truestudio for stm32 9.0.0/armtools/bin/../lib/gcc/arm-atollic-eabi/6.3.1/armv7e-m/fpu/crtbegin.o
 .ARM.attributes
                0x00000056       0x39 Libraries\STM32F4xx_StdPeriph_Driver\src\stm32f4xx_dma.o
 .ARM.attributes
                0x0000008f       0x39 Libraries\STM32F4xx_StdPeriph_Driver\src\stm32f4xx_spi.o
 .ARM.attributes
                0x000000c8       0x39 Libraries\STM32F4xx_StdPeriph_Driver\src\stm32f4xx_usart.o
 .ARM.attributes
                0x00000101       0x39 SD_CARD\ccsbcs.o
 .ARM.attributes
                0x0000013a       0x39 SD_CARD\diskio.o
 .ARM.attributes
                0x00000173       0x39 SD_CARD\fatfs_sd.o
 .ARM.attributes
                0x000001ac       0x39 SD_CARD\ff.o
 .ARM.attributes
                0x000001e5       0x39 SD_CARD\syscall.o
 .ARM.attributes
                0x0000021e       0x39 SD_CARD\tm_stm32f4_delay.o
 .ARM.attributes
                0x00000257       0x39 SD_CARD\tm_stm32f4_gpio.o
 .ARM.attributes
                0x00000290       0x39 SD_CARD\tm_stm32f4_spi.o
 .ARM.attributes
                0x000002c9       0x39 src\GPS.o
 .ARM.attributes
                0x00000302       0x39 src\main.o
 .ARM.attributes
                0x0000033b       0x21 src\startup_stm32f4xx.o
 .ARM.attributes
                0x0000035c       0x39 src\stm32f4xx_it.o
 .ARM.attributes
                0x00000395       0x39 src\syscalls.o
 .ARM.attributes
                0x000003ce       0x39 src\system_stm32f4xx.o
 .ARM.attributes
                0x00000407       0x34 c:/program files (x86)/atollic/truestudio for stm32 9.0.0/armtools/bin/../lib/gcc/arm-atollic-eabi/6.3.1/../../../../arm-atollic-eabi/lib/armv7e-m/fpu\libc_nano.a(lib_a-atof.o)
 .ARM.attributes
                0x0000043b       0x34 c:/program files (x86)/atollic/truestudio for stm32 9.0.0/armtools/bin/../lib/gcc/arm-atollic-eabi/6.3.1/../../../../arm-atollic-eabi/lib/armv7e-m/fpu\libc_nano.a(lib_a-init.o)
 .ARM.attributes
                0x0000046f       0x34 c:/program files (x86)/atollic/truestudio for stm32 9.0.0/armtools/bin/../lib/gcc/arm-atollic-eabi/6.3.1/../../../../arm-atollic-eabi/lib/armv7e-m/fpu\libc_nano.a(lib_a-lcltime.o)
 .ARM.attributes
                0x000004a3       0x34 c:/program files (x86)/atollic/truestudio for stm32 9.0.0/armtools/bin/../lib/gcc/arm-atollic-eabi/6.3.1/../../../../arm-atollic-eabi/lib/armv7e-m/fpu\libc_nano.a(lib_a-lcltime_r.o)
 .ARM.attributes
                0x000004d7       0x34 c:/program files (x86)/atollic/truestudio for stm32 9.0.0/armtools/bin/../lib/gcc/arm-atollic-eabi/6.3.1/../../../../arm-atollic-eabi/lib/armv7e-m/fpu\libc_nano.a(lib_a-malloc.o)
 .ARM.attributes
                0x0000050b       0x34 c:/program files (x86)/atollic/truestudio for stm32 9.0.0/armtools/bin/../lib/gcc/arm-atollic-eabi/6.3.1/../../../../arm-atollic-eabi/lib/armv7e-m/fpu\libc_nano.a(lib_a-mktime.o)
 .ARM.attributes
                0x0000053f       0x34 c:/program files (x86)/atollic/truestudio for stm32 9.0.0/armtools/bin/../lib/gcc/arm-atollic-eabi/6.3.1/../../../../arm-atollic-eabi/lib/armv7e-m/fpu\libc_nano.a(lib_a-month_lengths.o)
 .ARM.attributes
                0x00000573       0x34 c:/program files (x86)/atollic/truestudio for stm32 9.0.0/armtools/bin/../lib/gcc/arm-atollic-eabi/6.3.1/../../../../arm-atollic-eabi/lib/armv7e-m/fpu\libc_nano.a(lib_a-nano-freer.o)
 .ARM.attributes
                0x000005a7       0x34 c:/program files (x86)/atollic/truestudio for stm32 9.0.0/armtools/bin/../lib/gcc/arm-atollic-eabi/6.3.1/../../../../arm-atollic-eabi/lib/armv7e-m/fpu\libc_nano.a(lib_a-nano-mallocr.o)
 .ARM.attributes
                0x000005db       0x34 c:/program files (x86)/atollic/truestudio for stm32 9.0.0/armtools/bin/../lib/gcc/arm-atollic-eabi/6.3.1/../../../../arm-atollic-eabi/lib/armv7e-m/fpu\libc_nano.a(lib_a-reent.o)
 .ARM.attributes
                0x0000060f       0x34 c:/program files (x86)/atollic/truestudio for stm32 9.0.0/armtools/bin/../lib/gcc/arm-atollic-eabi/6.3.1/../../../../arm-atollic-eabi/lib/armv7e-m/fpu\libc_nano.a(lib_a-sbrkr.o)
 .ARM.attributes
                0x00000643       0x20 c:/program files (x86)/atollic/truestudio for stm32 9.0.0/armtools/bin/../lib/gcc/arm-atollic-eabi/6.3.1/../../../../arm-atollic-eabi/lib/armv7e-m/fpu\libc_nano.a(lib_a-strcmp.o)
 .ARM.attributes
                0x00000663       0x34 c:/program files (x86)/atollic/truestudio for stm32 9.0.0/armtools/bin/../lib/gcc/arm-atollic-eabi/6.3.1/../../../../arm-atollic-eabi/lib/armv7e-m/fpu\libc_nano.a(lib_a-strcpy.o)
 .ARM.attributes
                0x00000697       0x1b c:/program files (x86)/atollic/truestudio for stm32 9.0.0/armtools/bin/../lib/gcc/arm-atollic-eabi/6.3.1/../../../../arm-atollic-eabi/lib/armv7e-m/fpu\libc_nano.a(lib_a-strlen.o)
 .ARM.attributes
                0x000006b2       0x34 c:/program files (x86)/atollic/truestudio for stm32 9.0.0/armtools/bin/../lib/gcc/arm-atollic-eabi/6.3.1/../../../../arm-atollic-eabi/lib/armv7e-m/fpu\libc_nano.a(lib_a-strtod.o)
 .ARM.attributes
                0x000006e6       0x34 c:/program files (x86)/atollic/truestudio for stm32 9.0.0/armtools/bin/../lib/gcc/arm-atollic-eabi/6.3.1/../../../../arm-atollic-eabi/lib/armv7e-m/fpu\libc_nano.a(lib_a-strtok.o)
 .ARM.attributes
                0x0000071a       0x34 c:/program files (x86)/atollic/truestudio for stm32 9.0.0/armtools/bin/../lib/gcc/arm-atollic-eabi/6.3.1/../../../../arm-atollic-eabi/lib/armv7e-m/fpu\libc_nano.a(lib_a-strtok_r.o)
 .ARM.attributes
                0x0000074e       0x34 c:/program files (x86)/atollic/truestudio for stm32 9.0.0/armtools/bin/../lib/gcc/arm-atollic-eabi/6.3.1/../../../../arm-atollic-eabi/lib/armv7e-m/fpu\libc_nano.a(lib_a-time.o)
 .ARM.attributes
                0x00000782       0x34 c:/program files (x86)/atollic/truestudio for stm32 9.0.0/armtools/bin/../lib/gcc/arm-atollic-eabi/6.3.1/../../../../arm-atollic-eabi/lib/armv7e-m/fpu\libc_nano.a(lib_a-tzcalc_limits.o)
 .ARM.attributes
                0x000007b6       0x34 c:/program files (x86)/atollic/truestudio for stm32 9.0.0/armtools/bin/../lib/gcc/arm-atollic-eabi/6.3.1/../../../../arm-atollic-eabi/lib/armv7e-m/fpu\libc_nano.a(lib_a-tzlock.o)
 .ARM.attributes
                0x000007ea       0x34 c:/program files (x86)/atollic/truestudio for stm32 9.0.0/armtools/bin/../lib/gcc/arm-atollic-eabi/6.3.1/../../../../arm-atollic-eabi/lib/armv7e-m/fpu\libc_nano.a(lib_a-tzset.o)
 .ARM.attributes
                0x0000081e       0x34 c:/program files (x86)/atollic/truestudio for stm32 9.0.0/armtools/bin/../lib/gcc/arm-atollic-eabi/6.3.1/../../../../arm-atollic-eabi/lib/armv7e-m/fpu\libc_nano.a(lib_a-tzset_r.o)
 .ARM.attributes
                0x00000852       0x34 c:/program files (x86)/atollic/truestudio for stm32 9.0.0/armtools/bin/../lib/gcc/arm-atollic-eabi/6.3.1/../../../../arm-atollic-eabi/lib/armv7e-m/fpu\libc_nano.a(lib_a-tzvars.o)
 .ARM.attributes
                0x00000886       0x34 c:/program files (x86)/atollic/truestudio for stm32 9.0.0/armtools/bin/../lib/gcc/arm-atollic-eabi/6.3.1/../../../../arm-atollic-eabi/lib/armv7e-m/fpu\libc_nano.a(lib_a-div.o)
 .ARM.attributes
                0x000008ba       0x34 c:/program files (x86)/atollic/truestudio for stm32 9.0.0/armtools/bin/../lib/gcc/arm-atollic-eabi/6.3.1/../../../../arm-atollic-eabi/lib/armv7e-m/fpu\libc_nano.a(lib_a-gdtoa-gethex.o)
 .ARM.attributes
                0x000008ee       0x34 c:/program files (x86)/atollic/truestudio for stm32 9.0.0/armtools/bin/../lib/gcc/arm-atollic-eabi/6.3.1/../../../../arm-atollic-eabi/lib/armv7e-m/fpu\libc_nano.a(lib_a-gdtoa-hexnan.o)
 .ARM.attributes
                0x00000922       0x34 c:/program files (x86)/atollic/truestudio for stm32 9.0.0/armtools/bin/../lib/gcc/arm-atollic-eabi/6.3.1/../../../../arm-atollic-eabi/lib/armv7e-m/fpu\libc_nano.a(lib_a-getenv_r.o)
 .ARM.attributes
                0x00000956       0x34 c:/program files (x86)/atollic/truestudio for stm32 9.0.0/armtools/bin/../lib/gcc/arm-atollic-eabi/6.3.1/../../../../arm-atollic-eabi/lib/armv7e-m/fpu\libc_nano.a(lib_a-gettimeofdayr.o)
 .ARM.attributes
                0x0000098a       0x34 c:/program files (x86)/atollic/truestudio for stm32 9.0.0/armtools/bin/../lib/gcc/arm-atollic-eabi/6.3.1/../../../../arm-atollic-eabi/lib/armv7e-m/fpu\libc_nano.a(lib_a-gettzinfo.o)
 .ARM.attributes
                0x000009be       0x34 c:/program files (x86)/atollic/truestudio for stm32 9.0.0/armtools/bin/../lib/gcc/arm-atollic-eabi/6.3.1/../../../../arm-atollic-eabi/lib/armv7e-m/fpu\libc_nano.a(lib_a-gmtime_r.o)
 .ARM.attributes
                0x000009f2       0x34 c:/program files (x86)/atollic/truestudio for stm32 9.0.0/armtools/bin/../lib/gcc/arm-atollic-eabi/6.3.1/../../../../arm-atollic-eabi/lib/armv7e-m/fpu\libc_nano.a(lib_a-impure.o)
 .ARM.attributes
                0x00000a26       0x34 c:/program files (x86)/atollic/truestudio for stm32 9.0.0/armtools/bin/../lib/gcc/arm-atollic-eabi/6.3.1/../../../../arm-atollic-eabi/lib/armv7e-m/fpu\libc_nano.a(lib_a-locale.o)
 .ARM.attributes
                0x00000a5a       0x34 c:/program files (x86)/atollic/truestudio for stm32 9.0.0/armtools/bin/../lib/gcc/arm-atollic-eabi/6.3.1/../../../../arm-atollic-eabi/lib/armv7e-m/fpu\libc_nano.a(lib_a-localeconv.o)
 .ARM.attributes
                0x00000a8e       0x34 c:/program files (x86)/atollic/truestudio for stm32 9.0.0/armtools/bin/../lib/gcc/arm-atollic-eabi/6.3.1/../../../../arm-atollic-eabi/lib/armv7e-m/fpu\libc_nano.a(lib_a-mbtowc_r.o)
 .ARM.attributes
                0x00000ac2       0x34 c:/program files (x86)/atollic/truestudio for stm32 9.0.0/armtools/bin/../lib/gcc/arm-atollic-eabi/6.3.1/../../../../arm-atollic-eabi/lib/armv7e-m/fpu\libc_nano.a(lib_a-memcpy-stub.o)
 .ARM.attributes
                0x00000af6       0x34 c:/program files (x86)/atollic/truestudio for stm32 9.0.0/armtools/bin/../lib/gcc/arm-atollic-eabi/6.3.1/../../../../arm-atollic-eabi/lib/armv7e-m/fpu\libc_nano.a(lib_a-mlock.o)
 .ARM.attributes
                0x00000b2a       0x34 c:/program files (x86)/atollic/truestudio for stm32 9.0.0/armtools/bin/../lib/gcc/arm-atollic-eabi/6.3.1/../../../../arm-atollic-eabi/lib/armv7e-m/fpu\libc_nano.a(lib_a-mprec.o)
 .ARM.attributes
                0x00000b5e       0x34 c:/program files (x86)/atollic/truestudio for stm32 9.0.0/armtools/bin/../lib/gcc/arm-atollic-eabi/6.3.1/../../../../arm-atollic-eabi/lib/armv7e-m/fpu\libc_nano.a(lib_a-nano-callocr.o)
 .ARM.attributes
                0x00000b92       0x34 c:/program files (x86)/atollic/truestudio for stm32 9.0.0/armtools/bin/../lib/gcc/arm-atollic-eabi/6.3.1/../../../../arm-atollic-eabi/lib/armv7e-m/fpu\libc_nano.a(lib_a-sscanf.o)
 .ARM.attributes
                0x00000bc6       0x34 c:/program files (x86)/atollic/truestudio for stm32 9.0.0/armtools/bin/../lib/gcc/arm-atollic-eabi/6.3.1/../../../../arm-atollic-eabi/lib/armv7e-m/fpu\libc_nano.a(lib_a-stdio.o)
 .ARM.attributes
                0x00000bfa       0x34 c:/program files (x86)/atollic/truestudio for stm32 9.0.0/armtools/bin/../lib/gcc/arm-atollic-eabi/6.3.1/../../../../arm-atollic-eabi/lib/armv7e-m/fpu\libc_nano.a(lib_a-strncmp.o)
 .ARM.attributes
                0x00000c2e       0x34 c:/program files (x86)/atollic/truestudio for stm32 9.0.0/armtools/bin/../lib/gcc/arm-atollic-eabi/6.3.1/../../../../arm-atollic-eabi/lib/armv7e-m/fpu\libc_nano.a(lib_a-strtoul.o)
 .ARM.attributes
                0x00000c62       0x34 c:/program files (x86)/atollic/truestudio for stm32 9.0.0/armtools/bin/../lib/gcc/arm-atollic-eabi/6.3.1/../../../../arm-atollic-eabi/lib/armv7e-m/fpu\libc_nano.a(lib_a-wctomb_r.o)
 .ARM.attributes
                0x00000c96       0x34 c:/program files (x86)/atollic/truestudio for stm32 9.0.0/armtools/bin/../lib/gcc/arm-atollic-eabi/6.3.1/../../../../arm-atollic-eabi/lib/armv7e-m/fpu\libc_nano.a(lib_a-ctype_.o)
 .ARM.attributes
                0x00000cca       0x34 c:/program files (x86)/atollic/truestudio for stm32 9.0.0/armtools/bin/../lib/gcc/arm-atollic-eabi/6.3.1/../../../../arm-atollic-eabi/lib/armv7e-m/fpu\libc_nano.a(lib_a-envlock.o)
 .ARM.attributes
                0x00000cfe       0x34 c:/program files (x86)/atollic/truestudio for stm32 9.0.0/armtools/bin/../lib/gcc/arm-atollic-eabi/6.3.1/../../../../arm-atollic-eabi/lib/armv7e-m/fpu\libc_nano.a(lib_a-memset.o)
 .ARM.attributes
                0x00000d32       0x34 c:/program files (x86)/atollic/truestudio for stm32 9.0.0/armtools/bin/../lib/gcc/arm-atollic-eabi/6.3.1/../../../../arm-atollic-eabi/lib/armv7e-m/fpu\libc_nano.a(lib_a-nano-svfscanf.o)
 .ARM.attributes
                0x00000d66       0x34 c:/program files (x86)/atollic/truestudio for stm32 9.0.0/armtools/bin/../lib/gcc/arm-atollic-eabi/6.3.1/../../../../arm-atollic-eabi/lib/armv7e-m/fpu\libc_nano.a(lib_a-nano-vfscanf_i.o)
 .ARM.attributes
                0x00000d9a       0x34 c:/program files (x86)/atollic/truestudio for stm32 9.0.0/armtools/bin/../lib/gcc/arm-atollic-eabi/6.3.1/../../../../arm-atollic-eabi/lib/armv7e-m/fpu\libc_nano.a(lib_a-sccl.o)
 .ARM.attributes
                0x00000dce       0x34 c:/program files (x86)/atollic/truestudio for stm32 9.0.0/armtools/bin/../lib/gcc/arm-atollic-eabi/6.3.1/../../../../arm-atollic-eabi/lib/armv7e-m/fpu\libc_nano.a(lib_a-strtol.o)
 .ARM.attributes
                0x00000e02       0x34 c:/program files (x86)/atollic/truestudio for stm32 9.0.0/armtools/bin/../lib/gcc/arm-atollic-eabi/6.3.1/../../../../arm-atollic-eabi/lib/armv7e-m/fpu\libc_nano.a(lib_a-ungetc.o)
 .ARM.attributes
                0x00000e36       0x34 c:/program files (x86)/atollic/truestudio for stm32 9.0.0/armtools/bin/../lib/gcc/arm-atollic-eabi/6.3.1/../../../../arm-atollic-eabi/lib/armv7e-m/fpu\libc_nano.a(lib_a-findfp.o)
 .ARM.attributes
                0x00000e6a       0x20 c:/program files (x86)/atollic/truestudio for stm32 9.0.0/armtools/bin/../lib/gcc/arm-atollic-eabi/6.3.1/../../../../arm-atollic-eabi/lib/armv7e-m/fpu\libc_nano.a(lib_a-memchr.o)
 .ARM.attributes
                0x00000e8a       0x34 c:/program files (x86)/atollic/truestudio for stm32 9.0.0/armtools/bin/../lib/gcc/arm-atollic-eabi/6.3.1/../../../../arm-atollic-eabi/lib/armv7e-m/fpu\libc_nano.a(lib_a-nano-reallocr.o)
 .ARM.attributes
                0x00000ebe       0x34 c:/program files (x86)/atollic/truestudio for stm32 9.0.0/armtools/bin/../lib/gcc/arm-atollic-eabi/6.3.1/../../../../arm-atollic-eabi/lib/armv7e-m/fpu\libc_nano.a(lib_a-nano-msizer.o)
 .ARM.attributes
                0x00000ef2       0x22 c:/program files (x86)/atollic/truestudio for stm32 9.0.0/armtools/bin/../lib/gcc/arm-atollic-eabi/6.3.1/armv7e-m/fpu\libgcc.a(_arm_addsubdf3.o)
 .ARM.attributes
                0x00000f14       0x22 c:/program files (x86)/atollic/truestudio for stm32 9.0.0/armtools/bin/../lib/gcc/arm-atollic-eabi/6.3.1/armv7e-m/fpu\libgcc.a(_arm_muldivdf3.o)
 .ARM.attributes
                0x00000f36       0x22 c:/program files (x86)/atollic/truestudio for stm32 9.0.0/armtools/bin/../lib/gcc/arm-atollic-eabi/6.3.1/armv7e-m/fpu\libgcc.a(_arm_cmpdf2.o)
 .ARM.attributes
                0x00000f58       0x22 c:/program files (x86)/atollic/truestudio for stm32 9.0.0/armtools/bin/../lib/gcc/arm-atollic-eabi/6.3.1/armv7e-m/fpu\libgcc.a(_arm_fixdfsi.o)
 .ARM.attributes
                0x00000f7a       0x22 c:/program files (x86)/atollic/truestudio for stm32 9.0.0/armtools/bin/../lib/gcc/arm-atollic-eabi/6.3.1/armv7e-m/fpu\libgcc.a(_arm_fixunsdfsi.o)
 .ARM.attributes
                0x00000f9c       0x22 c:/program files (x86)/atollic/truestudio for stm32 9.0.0/armtools/bin/../lib/gcc/arm-atollic-eabi/6.3.1/armv7e-m/fpu\libgcc.a(_arm_truncdfsf2.o)
 .ARM.attributes
                0x00000fbe       0x34 c:/program files (x86)/atollic/truestudio for stm32 9.0.0/armtools/bin/../lib/gcc/arm-atollic-eabi/6.3.1/../../../../arm-atollic-eabi/lib/armv7e-m/fpu\libnosys.a(gettod.o)
 .ARM.attributes
                0x00000ff2       0x22 c:/program files (x86)/atollic/truestudio for stm32 9.0.0/armtools/bin/../lib/gcc/arm-atollic-eabi/6.3.1/armv7e-m/fpu/crtn.o
OUTPUT(Test_SD_F4.elf elf32-littlearm)

.debug_info     0x00000000     0xcc07
 .debug_info    0x00000000      0x74c Libraries\STM32F4xx_StdPeriph_Driver\src\stm32f4xx_dma.o
 .debug_info    0x0000074c      0xb1a Libraries\STM32F4xx_StdPeriph_Driver\src\stm32f4xx_spi.o
 .debug_info    0x00001266      0x9d5 Libraries\STM32F4xx_StdPeriph_Driver\src\stm32f4xx_usart.o
 .debug_info    0x00001c3b      0x159 SD_CARD\ccsbcs.o
 .debug_info    0x00001d94     0x10d4 SD_CARD\diskio.o
 .debug_info    0x00002e68     0x10cd SD_CARD\fatfs_sd.o
 .debug_info    0x00003f35     0x25a6 SD_CARD\ff.o
 .debug_info    0x000064db      0x8ea SD_CARD\syscall.o
 .debug_info    0x00006dc5     0x123d SD_CARD\tm_stm32f4_delay.o
 .debug_info    0x00008002      0x848 SD_CARD\tm_stm32f4_gpio.o
 .debug_info    0x0000884a      0xab0 SD_CARD\tm_stm32f4_spi.o
 .debug_info    0x000092fa     0x163c src\GPS.o
 .debug_info    0x0000a936      0xc26 src\main.o
 .debug_info    0x0000b55c       0x93 src\startup_stm32f4xx.o
 .debug_info    0x0000b5ef      0x143 src\stm32f4xx_it.o
 .debug_info    0x0000b732      0xf05 src\syscalls.o
 .debug_info    0x0000c637      0x5d0 src\system_stm32f4xx.o

.debug_abbrev   0x00000000     0x1e67
 .debug_abbrev  0x00000000      0x168 Libraries\STM32F4xx_StdPeriph_Driver\src\stm32f4xx_dma.o
 .debug_abbrev  0x00000168      0x17a Libraries\STM32F4xx_StdPeriph_Driver\src\stm32f4xx_spi.o
 .debug_abbrev  0x000002e2      0x182 Libraries\STM32F4xx_StdPeriph_Driver\src\stm32f4xx_usart.o
 .debug_abbrev  0x00000464       0xb3 SD_CARD\ccsbcs.o
 .debug_abbrev  0x00000517      0x254 SD_CARD\diskio.o
 .debug_abbrev  0x0000076b      0x336 SD_CARD\fatfs_sd.o
 .debug_abbrev  0x00000aa1      0x212 SD_CARD\ff.o
 .debug_abbrev  0x00000cb3      0x19c SD_CARD\syscall.o
 .debug_abbrev  0x00000e4f      0x34f SD_CARD\tm_stm32f4_delay.o
 .debug_abbrev  0x0000119e      0x17c SD_CARD\tm_stm32f4_gpio.o
 .debug_abbrev  0x0000131a      0x211 SD_CARD\tm_stm32f4_spi.o
 .debug_abbrev  0x0000152b      0x313 src\GPS.o
 .debug_abbrev  0x0000183e      0x20c src\main.o
 .debug_abbrev  0x00001a4a       0x12 src\startup_stm32f4xx.o
 .debug_abbrev  0x00001a5c       0x78 src\stm32f4xx_it.o
 .debug_abbrev  0x00001ad4      0x23b src\syscalls.o
 .debug_abbrev  0x00001d0f      0x158 src\system_stm32f4xx.o

.debug_aranges  0x00000000      0xa90
 .debug_aranges
                0x00000000       0xb0 Libraries\STM32F4xx_StdPeriph_Driver\src\stm32f4xx_dma.o
 .debug_aranges
                0x000000b0       0xe0 Libraries\STM32F4xx_StdPeriph_Driver\src\stm32f4xx_spi.o
 .debug_aranges
                0x00000190      0x100 Libraries\STM32F4xx_StdPeriph_Driver\src\stm32f4xx_usart.o
 .debug_aranges
                0x00000290       0x28 SD_CARD\ccsbcs.o
 .debug_aranges
                0x000002b8      0x118 SD_CARD\diskio.o
 .debug_aranges
                0x000003d0       0xb0 SD_CARD\fatfs_sd.o
 .debug_aranges
                0x00000480      0x228 SD_CARD\ff.o
 .debug_aranges
                0x000006a8       0x28 SD_CARD\syscall.o
 .debug_aranges
                0x000006d0       0x80 SD_CARD\tm_stm32f4_delay.o
 .debug_aranges
                0x00000750       0x98 SD_CARD\tm_stm32f4_gpio.o
 .debug_aranges
                0x000007e8       0x98 SD_CARD\tm_stm32f4_spi.o
 .debug_aranges
                0x00000880       0x90 src\GPS.o
 .debug_aranges
                0x00000910       0x20 src\main.o
 .debug_aranges
                0x00000930       0x28 src\startup_stm32f4xx.o
 .debug_aranges
                0x00000958       0x58 src\stm32f4xx_it.o
 .debug_aranges
                0x000009b0       0xb0 src\syscalls.o
 .debug_aranges
                0x00000a60       0x30 src\system_stm32f4xx.o

.debug_ranges   0x00000000      0x988
 .debug_ranges  0x00000000       0xa0 Libraries\STM32F4xx_StdPeriph_Driver\src\stm32f4xx_dma.o
 .debug_ranges  0x000000a0       0xd0 Libraries\STM32F4xx_StdPeriph_Driver\src\stm32f4xx_spi.o
 .debug_ranges  0x00000170       0xf0 Libraries\STM32F4xx_StdPeriph_Driver\src\stm32f4xx_usart.o
 .debug_ranges  0x00000260       0x18 SD_CARD\ccsbcs.o
 .debug_ranges  0x00000278      0x108 SD_CARD\diskio.o
 .debug_ranges  0x00000380       0xa0 SD_CARD\fatfs_sd.o
 .debug_ranges  0x00000420      0x218 SD_CARD\ff.o
 .debug_ranges  0x00000638       0x18 SD_CARD\syscall.o
 .debug_ranges  0x00000650       0x70 SD_CARD\tm_stm32f4_delay.o
 .debug_ranges  0x000006c0       0x88 SD_CARD\tm_stm32f4_gpio.o
 .debug_ranges  0x00000748       0x88 SD_CARD\tm_stm32f4_spi.o
 .debug_ranges  0x000007d0       0x80 src\GPS.o
 .debug_ranges  0x00000850       0x10 src\main.o
 .debug_ranges  0x00000860       0x20 src\startup_stm32f4xx.o
 .debug_ranges  0x00000880       0x48 src\stm32f4xx_it.o
 .debug_ranges  0x000008c8       0xa0 src\syscalls.o
 .debug_ranges  0x00000968       0x20 src\system_stm32f4xx.o

.debug_line     0x00000000     0x5111
 .debug_line    0x00000000      0x43f Libraries\STM32F4xx_StdPeriph_Driver\src\stm32f4xx_dma.o
 .debug_line    0x0000043f      0x46e Libraries\STM32F4xx_StdPeriph_Driver\src\stm32f4xx_spi.o
 .debug_line    0x000008ad      0x4ce Libraries\STM32F4xx_StdPeriph_Driver\src\stm32f4xx_usart.o
 .debug_line    0x00000d7b       0xac SD_CARD\ccsbcs.o
 .debug_line    0x00000e27      0x4ec SD_CARD\diskio.o
 .debug_line    0x00001313      0x674 SD_CARD\fatfs_sd.o
 .debug_line    0x00001987     0x17d1 SD_CARD\ff.o
 .debug_line    0x00003158      0x1c5 SD_CARD\syscall.o
 .debug_line    0x0000331d      0x457 SD_CARD\tm_stm32f4_delay.o
 .debug_line    0x00003774      0x37a SD_CARD\tm_stm32f4_gpio.o
 .debug_line    0x00003aee      0x4c3 SD_CARD\tm_stm32f4_spi.o
 .debug_line    0x00003fb1      0x62f src\GPS.o
 .debug_line    0x000045e0      0x2db src\main.o
 .debug_line    0x000048bb       0x77 src\startup_stm32f4xx.o
 .debug_line    0x00004932      0x217 src\stm32f4xx_it.o
 .debug_line    0x00004b49      0x3b1 src\syscalls.o
 .debug_line    0x00004efa      0x217 src\system_stm32f4xx.o

.debug_str      0x00000000     0x31fb
 .debug_str     0x00000000      0x574 Libraries\STM32F4xx_StdPeriph_Driver\src\stm32f4xx_dma.o
                                0x5e4 (size before relaxing)
 .debug_str     0x00000574      0x4a4 Libraries\STM32F4xx_StdPeriph_Driver\src\stm32f4xx_spi.o
                                0x72c (size before relaxing)
 .debug_str     0x00000a18      0x475 Libraries\STM32F4xx_StdPeriph_Driver\src\stm32f4xx_usart.o
                                0x731 (size before relaxing)
 .debug_str     0x00000e8d       0x4a SD_CARD\ccsbcs.o
                                0x1c6 (size before relaxing)