Sharc_Frame.c:15:19:Init_Debug	32	static
Sharc_Frame.c:74:19:SystemClock_Config	232	static
Sharc_Frame.c:137:19:Go_To_Sleep	24	static
Sharc_Frame.c:166:19:USART_Enter_Standby_for_data	24	static
Sharc_Frame.c:198:6:set_WUP_Pin	72	static
Sharc_Frame.c:274:1:__io_putchar	16	static
Sharc_Frame.c:280:6:GPIO_Set_Pin_LP	48	static
Sharc_Frame.c:338:9:Get_Current_Address_Pointer	32	static
Sharc_Frame.c:364:9:Set_Current_Address_Pointer	32	static
Sharc_Frame.c:388:6:Set_IMUdata_Start_Address	32	static
Sharc_Frame.c:406:6:Get_IMUData_Start_Address	32	static
Sharc_Frame.c:422:9:Get_Active_Chip	16	static
Sharc_Frame.c:430:6:Set_Active_Chip	24	static
Sharc_Frame.c:439:9:Get_Next_Active_Chip	16	static
Sharc_Frame.c:447:6:Set_Next_Active_Chip	24	static
Sharc_Frame.c:456:10:to_binary_format	16	static
Sharc_Frame.c:526:10:get_driftBuffer_Size	4	static
Sharc_Frame.c:536:6:Routine_ASYNC_IRIDIUM_RX	112	static
Sharc_Frame.c:553:6:Routine_Async_IMUevent_Sample	8	static
Sharc_Frame.c:564:6:POR_Handler	8	static
Sharc_Frame.c:584:6:BOR_Handler	16	static
