stm32l4xx_it.c:51:6:NMI_Handler	4	static
stm32l4xx_it.c:61:6:HardFault_Handler	4	static
stm32l4xx_it.c:75:6:MemManage_Handler	4	static
stm32l4xx_it.c:89:6:BusFault_Handler	4	static
stm32l4xx_it.c:103:6:UsageFault_Handler	4	static
stm32l4xx_it.c:117:6:SVC_Handler	4	static
stm32l4xx_it.c:127:6:DebugMon_Handler	4	static
stm32l4xx_it.c:137:6:PendSV_Handler	4	static
stm32l4xx_it.c:147:6:SysTick_Handler	8	static
stm32l4xx_it.c:164:6:RTC_WKUP_IRQHandler	8	static
stm32l4xx_it.c:174:6:TIM2_IRQHandler	8	static
stm32l4xx_it.c:186:6:TIM3_IRQHandler	8	static
stm32l4xx_it.c:196:6:USART2_IRQHandler	8	static
stm32l4xx_it.c:206:6:UART4_IRQHandler	8	static
stm32l4xx_it.c:216:6:UART5_IRQHandler	8	static
stm32l4xx_it.c:225:6:DMA2_Channel2_IRQHandler	8	static
stm32l4xx_it.c:235:6:DMA2_Channel3_IRQHandler	8	static
stm32l4xx_it.c:246:6:DMA2_Channel5_IRQHandler	8	static
stm32l4xx_it.c:256:6:DMA1_Channel1_IRQHandler	8	static
stm32l4xx_it.c:267:6:DMA1_Channel2_IRQHandler	8	static
stm32l4xx_it.c:278:6:EXTI15_10_IRQHandler	8	static
stm32l4xx_it.c:296:6:EXTI9_5_IRQHandler	8	static
