stm32l4xx_it.c:52:6:NMI_Handler	4	static
stm32l4xx_it.c:62:6:HardFault_Handler	4	static
stm32l4xx_it.c:76:6:MemManage_Handler	4	static
stm32l4xx_it.c:90:6:BusFault_Handler	4	static
stm32l4xx_it.c:104:6:UsageFault_Handler	4	static
stm32l4xx_it.c:118:6:SVC_Handler	4	static
stm32l4xx_it.c:128:6:DebugMon_Handler	4	static
stm32l4xx_it.c:138:6:PendSV_Handler	4	static
stm32l4xx_it.c:148:6:SysTick_Handler	8	static
stm32l4xx_it.c:165:6:RTC_WKUP_IRQHandler	8	static
stm32l4xx_it.c:175:6:TIM2_IRQHandler	8	static
stm32l4xx_it.c:187:6:TIM3_IRQHandler	8	static
stm32l4xx_it.c:197:6:USART2_IRQHandler	8	static
stm32l4xx_it.c:207:6:UART4_IRQHandler	8	static
stm32l4xx_it.c:217:6:UART5_IRQHandler	8	static
stm32l4xx_it.c:226:6:DMA2_Channel2_IRQHandler	8	static
stm32l4xx_it.c:236:6:DMA2_Channel3_IRQHandler	8	static
stm32l4xx_it.c:247:6:DMA2_Channel5_IRQHandler	8	static
stm32l4xx_it.c:257:6:DMA1_Channel1_IRQHandler	8	static
stm32l4xx_it.c:268:6:DMA1_Channel2_IRQHandler	8	static
stm32l4xx_it.c:279:6:EXTI15_10_IRQHandler	8	static
stm32l4xx_it.c:297:6:EXTI9_5_IRQHandler	8	static
